Archive member included because of file (symbol)

..\liblcd.X\dist\default\production\liblcd.X.a(blink.o)
                              build/default/production/main.o (liblcd_blink)
..\liblcd.X\dist\default\production\liblcd.X.a(command.o)
                              ..\liblcd.X\dist\default\production\liblcd.X.a(blink.o) (liblcd_command)
..\liblcd.X\dist\default\production\liblcd.X.a(display.o)
                              build/default/production/init.o (liblcd_display)
..\liblcd.X\dist\default\production\liblcd.X.a(light.o)
                              build/default/production/init.o (liblcd_light)
..\liblcd.X\dist\default\production\liblcd.X.a(clear.o)
                              build/default/production/menu.o (liblcd_clear)
..\liblcd.X\dist\default\production\liblcd.X.a(cursor.o)
                              build/default/production/main.o (liblcd_cursor)
..\liblcd.X\dist\default\production\liblcd.X.a(send.o)
                              ..\liblcd.X\dist\default\production\liblcd.X.a(command.o) (liblcd_send)
..\liblcd.X\dist\default\production\liblcd.X.a(move.o)
                              build/default/production/menu.o (liblcd_move)
..\liblcd.X\dist\default\production\liblcd.X.a(pulse.o)
                              ..\liblcd.X\dist\default\production\liblcd.X.a(send.o) (liblcd_pulse)
..\liblcd.X\dist\default\production\liblcd.X.a(new.o)
                              build/default/production/init.o (liblcd_new)
..\liblcd.X\dist\default\production\liblcd.X.a(puts.o)
                              build/default/production/menu.o (liblcd_puts)
..\liblcd.X\dist\default\production\liblcd.X.a(putn.o)
                              build/default/production/menu.o (liblcd_putn)
..\liblcd.X\dist\default\production\liblcd.X.a(putc.o)
                              build/default/production/menu.o (liblcd_putc)
..\libsys.X\dist\default\production\libsys.X.a(get_pbclk.o)
                              build/default/production/init.o (libsys_get_pbclk)
..\libsys.X\dist\default\production\libsys.X.a(get_sysclk.o)
                              ..\libsys.X\dist\default\production\libsys.X.a(get_pbclk.o) (_pllodiv)
..\libsys.X\dist\default\production\libsys.X.a(delay_micros.o)
                              build/default/production/init.o (libsys_delay_micros)
..\libsys.X\dist\default\production\libsys.X.a(delay_millis.o)
                              build/default/production/pixel_hello.o (libsys_delay_millis)
..\libsys.X\dist\default\production\libsys.X.a(get_perf.o)
                              ..\libsys.X\dist\default\production\libsys.X.a(delay_micros.o) (libsys_get_perf)
..\libpixel.X\dist\default\production\libpixel.X.a(show.o)
                              build/default/production/pixel_hello.o (libpixel_show)
..\libpixel.X\dist\default\production\libpixel.X.a(set.o)
                              build/default/production/pixel_hello.o (libpixel_set)
..\libpixel.X\dist\default\production\libpixel.X.a(clear.o)
                              build/default/production/clock.o (libpixel_clear)
..\libpixel.X\dist\default\production\libpixel.X.a(new.o)
                              build/default/production/init.o (libpixel_new)
..\libpixel.X\dist\default\production\libpixel.X.a(brightness.o)
                              build/default/production/clock.o (libpixel_brightness)
..\libuart.X\dist\default\production\libuart.X.a(begin.o)
                              build/default/production/init.o (libuart_begin)
..\libuart.X\dist\default\production\libuart.X.a(getc.o)
                              build/default/production/main.o (libuart_getc)
..\libuart.X\dist\default\production\libuart.X.a(gets.o)
                              build/default/production/main.o (libuart_gets)
..\libuart.X\dist\default\production\libuart.X.a(puts.o)
                              build/default/production/say_hello.o (libuart_puts)
..\libuart.X\dist\default\production\libuart.X.a(available.o)
                              ..\libuart.X\dist\default\production\libuart.X.a(getc.o) (libuart_available)
..\libuart.X\dist\default\production\libuart.X.a(putc.o)
                              ..\libuart.X\dist\default\production\libuart.X.a(puts.o) (libuart_putc)
c:/program files (x86)/microchip/xc32/v1.40/bin/bin/../../lib/gcc/pic32mx/4.8.3/../../../../pic32mx/lib/size/no-float\libpic32.a(memcpy.o)
                              build/default/production/init.o (memcpy)
c:/program files (x86)/microchip/xc32/v1.40/bin/bin/../../lib/gcc/pic32mx/4.8.3/../../../../pic32mx/lib/size/no-float\libpic32.a(memset.o)
                              build/default/production/menu.o (memset)
c:/program files (x86)/microchip/xc32/v1.40/bin/bin/../../lib/gcc/pic32mx/4.8.3/../../../../pic32mx/lib/size/no-float\libpic32.a(strlen.o)
                              build/default/production/menu.o (strlen)
[...]
Memory Configuration

Name             Origin             Length             Attributes
kseg0_program_mem 0x9d000000         0x0003f000         xr
exception_mem    0x9d03f000         0x00001000
debug_exec_mem   0x9fc00490         0x00000760
kseg0_boot_mem   0x9fc00490         0x00000000
kseg1_boot_mem   0xbfc00000         0x00000490
config3          0xbfc00bf0         0x00000004
config2          0xbfc00bf4         0x00000004
config1          0xbfc00bf8         0x00000004
config0          0xbfc00bfc         0x00000004
kseg1_data_mem   0xa0000000         0x00010000         w !x
sfrs             0xbf800000         0x00100000
configsfrs       0xbfc00bf0         0x00000010
*default*        0x00000000         0xffffffff

Linker script and memory map

LOAD c:/program files (x86)/microchip/xc32/v1.40/bin/bin/../../lib/gcc/pic32mx/4.8.3/../../../../pic32mx/lib/./proc/32MX170F256D/crt0_mips32r2.o
LOAD c:/program files (x86)/microchip/xc32/v1.40/bin/bin/../../lib/gcc/pic32mx/4.8.3/../../../../pic32mx/lib/size/no-float\debug-exception-return.o
LOAD build/default/production/crash_clock.o
LOAD build/default/production/toggle_lcd.o
LOAD build/default/production/reset_clock.o
LOAD build/default/production/pixel_hello.o
LOAD build/default/production/say_hello.o
LOAD build/default/production/main.o
LOAD build/default/production/init.o
LOAD build/default/production/conf.o
LOAD build/default/production/menu.o
LOAD build/default/production/clock.o
LOAD build/default/production/bcd.o
LOAD build/default/production/exception.o
LOAD build/default/production/dow.o
LOAD ..\liblcd.X\dist\default\production\liblcd.X.a
LOAD ..\libsys.X\dist\default\production\libsys.X.a
LOAD ..\libpixel.X\dist\default\production\libpixel.X.a
LOAD ..\libuart.X\dist\default\production\libuart.X.a
                0x00000001                __MPLAB_BUILD = 0x1
                0x00001000                _min_heap_size = 0x1000
LOAD c:/program files (x86)/microchip/xc32/v1.40/bin/bin/../../lib/gcc/pic32mx/4.8.3/../../../../pic32mx/lib/./proc/32MX170F256D\default_isr_vectors.o
LOAD c:/program files (x86)/microchip/xc32/v1.40/bin/bin/../../lib/gcc/pic32mx/4.8.3/../../../../pic32mx/lib/size/no-float\pic32_software_reset.o
                0x00000400                PROVIDE (_min_stack_size, 0x400)
LOAD c:/program files (x86)/microchip/xc32/v1.40/bin/bin/../../lib/gcc/pic32mx/4.8.3/../../../../pic32mx/lib/./proc/32MX170F256D\processor.o
START GROUP
LOAD c:/program files (x86)/microchip/xc32/v1.40/bin/bin/../../lib/gcc/pic32mx/4.8.3/../../../../pic32mx/lib/size/no-float\libmchp_peripheral.a
END GROUP
START GROUP
LOAD c:/program files (x86)/microchip/xc32/v1.40/bin/bin/../../lib/gcc/pic32mx/4.8.3/../../../../pic32mx/lib/size/no-float\libmchp_peripheral_32MX170F256D.a
END GROUP
                0x00000001                PROVIDE (_vector_spacing, 0x1)
                0x9d03f000                _ebase_address = 0x9d03f000
                0xbfc00000                _RESET_ADDR = 0xbfc00000
                0xbfc00380                _BEV_EXCPT_ADDR = 0xbfc00380
                0xbfc00480                _DBG_EXCPT_ADDR = 0xbfc00480
                0x9fc00490                _DBG_CODE_ADDR = 0x9fc00490
                0x00000760                _DBG_CODE_SIZE = 0x760
                0x9d03f180                _GEN_EXCPT_ADDR = (_ebase_address + 0x180)

.config_BFC00BF0
                0xbfc00bf0        0x4
 *(.config_BFC00BF0)
 .config_BFC00BF0
                0xbfc00bf0        0x4 build/default/production/conf.o

.config_BFC00BF4
                0xbfc00bf4        0x4
 *(.config_BFC00BF4)
 .config_BFC00BF4
                0xbfc00bf4        0x4 build/default/production/conf.o

.config_BFC00BF8
                0xbfc00bf8        0x4
 *(.config_BFC00BF8)
 .config_BFC00BF8
                0xbfc00bf8        0x4 build/default/production/conf.o

.config_BFC00BFC
                0xbfc00bfc        0x4
 *(.config_BFC00BFC)
 .config_BFC00BFC
                0xbfc00bfc        0x4 build/default/production/conf.o
                0xbfc02000                PROVIDE (_DBG_CODE_ADDR, 0xbfc02000)
                0x00000ff0                PROVIDE (_DBG_CODE_SIZE, 0xff0)

.reset          0xbfc00000      0x1d0
 *(.reset)
 .reset         0xbfc00000        0x8 c:/program files (x86)/microchip/xc32/v1.40/bin/bin/../../lib/gcc/pic32mx/4.8.3/../../../../pic32mx/lib/./proc/32MX170F256D/crt0_mips32r2.o
                0xbfc00000                _reset
 *(.reset.startup)
 .reset.startup
                0xbfc00008      0x1c8 c:/program files (x86)/microchip/xc32/v1.40/bin/bin/../../lib/gcc/pic32mx/4.8.3/../../../../pic32mx/lib/./proc/32MX170F256D/crt0_mips32r2.o

.bev_excpt      0xbfc00380       0x10
 *(.bev_handler)
 .bev_handler   0xbfc00380       0x10 c:/program files (x86)/microchip/xc32/v1.40/bin/bin/../../lib/gcc/pic32mx/4.8.3/../../../../pic32mx/lib/./proc/32MX170F256D/crt0_mips32r2.o

.dbg_excpt      0xbfc00480        0x0
                0xbfc00480                . = (. + DEFINED (_DEBUGGER)?0x8:0x0)

.dbg_code       0x9fc00490        0x0
                0x9fc00490                . = (. + DEFINED (_DEBUGGER)?_DBG_CODE_SIZE:0x0)

.app_excpt      0x9d03f180       0x10
 *(.gen_handler)
 .gen_handler   0x9d03f180       0x10 c:/program files (x86)/microchip/xc32/v1.40/bin/bin/../../lib/gcc/pic32mx/4.8.3/../../../../pic32mx/lib/./proc/32MX170F256D/crt0_mips32r2.o

.vector_0       0x9d03f200        0x8
 *(.vector_0)
 .vector_0      0x9d03f200        0x8 c:/program files (x86)/microchip/xc32/v1.40/bin/bin/../../lib/gcc/pic32mx/4.8.3/../../../../pic32mx/lib/size/no-float\libpic32.a(vector0.o)
                0x9d03f200                __vector_dispatch_0
                0x00000001                ASSERT (((_vector_spacing == 0x0) || (SIZEOF (.vector_0) <= (_vector_spacing << 0x5))), function at exception vector 0 too large)

.vector_1       0x9d03f220        0x8
 *(.vector_1)
 .vector_1      0x9d03f220        0x8 c:/program files (x86)/microchip/xc32/v1.40/bin/bin/../../lib/gcc/pic32mx/4.8.3/../../../../pic32mx/lib/size/no-float\libpic32.a(vector1.o)
                0x9d03f220                __vector_dispatch_1
                0x00000001                ASSERT (((_vector_spacing == 0x0) || (SIZEOF (.vector_1) <= (_vector_spacing << 0x5))), function at exception vector 1 too large)

.vector_2       0x9d03f240        0x8
 *(.vector_2)
 .vector_2      0x9d03f240        0x8 c:/program files (x86)/microchip/xc32/v1.40/bin/bin/../../lib/gcc/pic32mx/4.8.3/../../../../pic32mx/lib/size/no-float\libpic32.a(vector2.o)
                0x9d03f240                __vector_dispatch_2
                0x00000001                ASSERT (((_vector_spacing == 0x0) || (SIZEOF (.vector_2) <= (_vector_spacing << 0x5))), function at exception vector 2 too large)

.vector_3       0x9d03f260        0x8
 *(.vector_3)
 .vector_3      0x9d03f260        0x8 build/default/production/main.o
                0x9d03f260                __vector_dispatch_3
                0x00000001                ASSERT (((_vector_spacing == 0x0) || (SIZEOF (.vector_3) <= (_vector_spacing << 0x5))), function at exception vector 3 too large)

.vector_4       0x9d03f280        0x8
 *(.vector_4)
 .vector_4      0x9d03f280        0x8 build/default/production/clock.o
                0x9d03f280                __vector_dispatch_4
                0x00000001                ASSERT (((_vector_spacing == 0x0) || (SIZEOF (.vector_4) <= (_vector_spacing << 0x5))), function at exception vector 4 too large)

.vector_5       0x9d03f2a0        0x8
 *(.vector_5)
 .vector_5      0x9d03f2a0        0x8 c:/program files (x86)/microchip/xc32/v1.40/bin/bin/../../lib/gcc/pic32mx/4.8.3/../../../../pic32mx/lib/size/no-float\libpic32.a(vector5.o)
                0x9d03f2a0                __vector_dispatch_5
                0x00000001                ASSERT (((_vector_spacing == 0x0) || (SIZEOF (.vector_5) <= (_vector_spacing << 0x5))), function at exception vector 5 too large)

.vector_6       0x9d03f2c0        0x8
 *(.vector_6)
 .vector_6      0x9d03f2c0        0x8 c:/program files (x86)/microchip/xc32/v1.40/bin/bin/../../lib/gcc/pic32mx/4.8.3/../../../../pic32mx/lib/size/no-float\libpic32.a(vector6.o)
                0x9d03f2c0                __vector_dispatch_6
                0x00000001                ASSERT (((_vector_spacing == 0x0) || (SIZEOF (.vector_6) <= (_vector_spacing << 0x5))), function at exception vector 6 too large)

.vector_7       0x9d03f2e0        0x8
 *(.vector_7)
 .vector_7      0x9d03f2e0        0x8 build/default/production/main.o
                0x9d03f2e0                __vector_dispatch_7
                0x00000001                ASSERT (((_vector_spacing == 0x0) || (SIZEOF (.vector_7) <= (_vector_spacing << 0x5))), function at exception vector 7 too large)

.vector_8       0x9d03f300        0x8
 *(.vector_8)
 .vector_8      0x9d03f300        0x8 c:/program files (x86)/microchip/xc32/v1.40/bin/bin/../../lib/gcc/pic32mx/4.8.3/../../../../pic32mx/lib/size/no-float\libpic32.a(vector8.o)
                0x9d03f300                __vector_dispatch_8
                0x00000001                ASSERT (((_vector_spacing == 0x0) || (SIZEOF (.vector_8) <= (_vector_spacing << 0x5))), function at exception vector 8 too large)

.vector_9       0x9d03f320        0x8
 *(.vector_9)
 .vector_9      0x9d03f320        0x8 c:/program files (x86)/microchip/xc32/v1.40/bin/bin/../../lib/gcc/pic32mx/4.8.3/../../../../pic32mx/lib/size/no-float\libpic32.a(vector9.o)
                0x9d03f320                __vector_dispatch_9
                0x00000001                ASSERT (((_vector_spacing == 0x0) || (SIZEOF (.vector_9) <= (_vector_spacing << 0x5))), function at exception vector 9 too large)

.vector_10      0x9d03f340        0x8
 *(.vector_10)
 .vector_10     0x9d03f340        0x8 c:/program files (x86)/microchip/xc32/v1.40/bin/bin/../../lib/gcc/pic32mx/4.8.3/../../../../pic32mx/lib/size/no-float\libpic32.a(vector10.o)
                0x9d03f340                __vector_dispatch_10
                0x00000001                ASSERT (((_vector_spacing == 0x0) || (SIZEOF (.vector_10) <= (_vector_spacing << 0x5))), function at exception vector 10 too large)

.vector_11      0x9d03f360        0x8
 *(.vector_11)
 .vector_11     0x9d03f360        0x8 build/default/production/main.o
                0x9d03f360                __vector_dispatch_11
                0x00000001                ASSERT (((_vector_spacing == 0x0) || (SIZEOF (.vector_11) <= (_vector_spacing << 0x5))), function at exception vector 11 too large)

.vector_12      0x9d03f380        0x8
 *(.vector_12)
 .vector_12     0x9d03f380        0x8 c:/program files (x86)/microchip/xc32/v1.40/bin/bin/../../lib/gcc/pic32mx/4.8.3/../../../../pic32mx/lib/size/no-float\libpic32.a(vector12.o)
                0x9d03f380                __vector_dispatch_12
                0x00000001                ASSERT (((_vector_spacing == 0x0) || (SIZEOF (.vector_12) <= (_vector_spacing << 0x5))), function at exception vector 12 too large)

.vector_13      0x9d03f3a0        0x8
 *(.vector_13)
 .vector_13     0x9d03f3a0        0x8 c:/program files (x86)/microchip/xc32/v1.40/bin/bin/../../lib/gcc/pic32mx/4.8.3/../../../../pic32mx/lib/size/no-float\libpic32.a(vector13.o)
                0x9d03f3a0                __vector_dispatch_13
                0x00000001                ASSERT (((_vector_spacing == 0x0) || (SIZEOF (.vector_13) <= (_vector_spacing << 0x5))), function at exception vector 13 too large)

.vector_14      0x9d03f3c0        0x8
 *(.vector_14)
 .vector_14     0x9d03f3c0        0x8 c:/program files (x86)/microchip/xc32/v1.40/bin/bin/../../lib/gcc/pic32mx/4.8.3/../../../../pic32mx/lib/size/no-float\libpic32.a(vector14.o)
                0x9d03f3c0                __vector_dispatch_14
                0x00000001                ASSERT (((_vector_spacing == 0x0) || (SIZEOF (.vector_14) <= (_vector_spacing << 0x5))), function at exception vector 14 too large)

.vector_15      0x9d03f3e0        0x8
 *(.vector_15)
 .vector_15     0x9d03f3e0        0x8 build/default/production/main.o
                0x9d03f3e0                __vector_dispatch_15
                0x00000001                ASSERT (((_vector_spacing == 0x0) || (SIZEOF (.vector_15) <= (_vector_spacing << 0x5))), function at exception vector 15 too large)

.vector_16      0x9d03f400        0x8
 *(.vector_16)
 .vector_16     0x9d03f400        0x8 c:/program files (x86)/microchip/xc32/v1.40/bin/bin/../../lib/gcc/pic32mx/4.8.3/../../../../pic32mx/lib/size/no-float\libpic32.a(vector16.o)
                0x9d03f400                __vector_dispatch_16
                0x00000001                ASSERT (((_vector_spacing == 0x0) || (SIZEOF (.vector_16) <= (_vector_spacing << 0x5))), function at exception vector 16 too large)

.vector_17      0x9d03f420        0x8
 *(.vector_17)
 .vector_17     0x9d03f420        0x8 c:/program files (x86)/microchip/xc32/v1.40/bin/bin/../../lib/gcc/pic32mx/4.8.3/../../../../pic32mx/lib/size/no-float\libpic32.a(vector17.o)
                0x9d03f420                __vector_dispatch_17
                0x00000001                ASSERT (((_vector_spacing == 0x0) || (SIZEOF (.vector_17) <= (_vector_spacing << 0x5))), function at exception vector 17 too large)

.vector_18      0x9d03f440        0x8
 *(.vector_18)
 .vector_18     0x9d03f440        0x8 c:/program files (x86)/microchip/xc32/v1.40/bin/bin/../../lib/gcc/pic32mx/4.8.3/../../../../pic32mx/lib/size/no-float\libpic32.a(vector18.o)
                0x9d03f440                __vector_dispatch_18
                0x00000001                ASSERT (((_vector_spacing == 0x0) || (SIZEOF (.vector_18) <= (_vector_spacing << 0x5))), function at exception vector 18 too large)

.vector_19      0x9d03f460        0x8
 *(.vector_19)
 .vector_19     0x9d03f460        0x8 c:/program files (x86)/microchip/xc32/v1.40/bin/bin/../../lib/gcc/pic32mx/4.8.3/../../../../pic32mx/lib/size/no-float\libpic32.a(vector19.o)
                0x9d03f460                __vector_dispatch_19
                0x00000001                ASSERT (((_vector_spacing == 0x0) || (SIZEOF (.vector_19) <= (_vector_spacing << 0x5))), function at exception vector 19 too large)

.vector_20      0x9d03f480        0x8
 *(.vector_20)
 .vector_20     0x9d03f480        0x8 c:/program files (x86)/microchip/xc32/v1.40/bin/bin/../../lib/gcc/pic32mx/4.8.3/../../../../pic32mx/lib/size/no-float\libpic32.a(vector20.o)
                0x9d03f480                __vector_dispatch_20
                0x00000001                ASSERT (((_vector_spacing == 0x0) || (SIZEOF (.vector_20) <= (_vector_spacing << 0x5))), function at exception vector 20 too large)

.vector_21      0x9d03f4a0        0x8
 *(.vector_21)
 .vector_21     0x9d03f4a0        0x8 c:/program files (x86)/microchip/xc32/v1.40/bin/bin/../../lib/gcc/pic32mx/4.8.3/../../../../pic32mx/lib/size/no-float\libpic32.a(vector21.o)
                0x9d03f4a0                __vector_dispatch_21
                0x00000001                ASSERT (((_vector_spacing == 0x0) || (SIZEOF (.vector_21) <= (_vector_spacing << 0x5))), function at exception vector 21 too large)

.vector_22      0x9d03f4c0        0x8
 *(.vector_22)
 .vector_22     0x9d03f4c0        0x8 c:/program files (x86)/microchip/xc32/v1.40/bin/bin/../../lib/gcc/pic32mx/4.8.3/../../../../pic32mx/lib/size/no-float\libpic32.a(vector22.o)
                0x9d03f4c0                __vector_dispatch_22
                0x00000001                ASSERT (((_vector_spacing == 0x0) || (SIZEOF (.vector_22) <= (_vector_spacing << 0x5))), function at exception vector 22 too large)

.vector_23      0x9d03f4e0        0x8
 *(.vector_23)
 .vector_23     0x9d03f4e0        0x8 c:/program files (x86)/microchip/xc32/v1.40/bin/bin/../../lib/gcc/pic32mx/4.8.3/../../../../pic32mx/lib/size/no-float\libpic32.a(vector23.o)
                0x9d03f4e0                __vector_dispatch_23
                0x00000001                ASSERT (((_vector_spacing == 0x0) || (SIZEOF (.vector_23) <= (_vector_spacing << 0x5))), function at exception vector 23 too large)

.vector_24      0x9d03f500        0x8
 *(.vector_24)
 .vector_24     0x9d03f500        0x8 c:/program files (x86)/microchip/xc32/v1.40/bin/bin/../../lib/gcc/pic32mx/4.8.3/../../../../pic32mx/lib/size/no-float\libpic32.a(vector24.o)
                0x9d03f500                __vector_dispatch_24
                0x00000001                ASSERT (((_vector_spacing == 0x0) || (SIZEOF (.vector_24) <= (_vector_spacing << 0x5))), function at exception vector 24 too large)

.vector_25      0x9d03f520        0x8
 *(.vector_25)
 .vector_25     0x9d03f520        0x8 c:/program files (x86)/microchip/xc32/v1.40/bin/bin/../../lib/gcc/pic32mx/4.8.3/../../../../pic32mx/lib/size/no-float\libpic32.a(vector25.o)
                0x9d03f520                __vector_dispatch_25
                0x00000001                ASSERT (((_vector_spacing == 0x0) || (SIZEOF (.vector_25) <= (_vector_spacing << 0x5))), function at exception vector 25 too large)

.vector_26      0x9d03f540        0x8
 *(.vector_26)
 .vector_26     0x9d03f540        0x8 c:/program files (x86)/microchip/xc32/v1.40/bin/bin/../../lib/gcc/pic32mx/4.8.3/../../../../pic32mx/lib/size/no-float\libpic32.a(vector26.o)
                0x9d03f540                __vector_dispatch_26
                0x00000001                ASSERT (((_vector_spacing == 0x0) || (SIZEOF (.vector_26) <= (_vector_spacing << 0x5))), function at exception vector 26 too large)

.vector_27      0x9d03f560        0x8
 *(.vector_27)
 .vector_27     0x9d03f560        0x8 c:/program files (x86)/microchip/xc32/v1.40/bin/bin/../../lib/gcc/pic32mx/4.8.3/../../../../pic32mx/lib/size/no-float\libpic32.a(vector27.o)
                0x9d03f560                __vector_dispatch_27
                0x00000001                ASSERT (((_vector_spacing == 0x0) || (SIZEOF (.vector_27) <= (_vector_spacing << 0x5))), function at exception vector 27 too large)

.vector_28      0x9d03f580        0x8
 *(.vector_28)
 .vector_28     0x9d03f580        0x8 c:/program files (x86)/microchip/xc32/v1.40/bin/bin/../../lib/gcc/pic32mx/4.8.3/../../../../pic32mx/lib/size/no-float\libpic32.a(vector28.o)
                0x9d03f580                __vector_dispatch_28
                0x00000001                ASSERT (((_vector_spacing == 0x0) || (SIZEOF (.vector_28) <= (_vector_spacing << 0x5))), function at exception vector 28 too large)

.vector_29      0x9d03f5a0        0x8
 *(.vector_29)
 .vector_29     0x9d03f5a0        0x8 c:/program files (x86)/microchip/xc32/v1.40/bin/bin/../../lib/gcc/pic32mx/4.8.3/../../../../pic32mx/lib/size/no-float\libpic32.a(vector29.o)
                0x9d03f5a0                __vector_dispatch_29
                0x00000001                ASSERT (((_vector_spacing == 0x0) || (SIZEOF (.vector_29) <= (_vector_spacing << 0x5))), function at exception vector 29 too large)

.vector_30      0x9d03f5c0        0x8
 *(.vector_30)
 .vector_30     0x9d03f5c0        0x8 c:/program files (x86)/microchip/xc32/v1.40/bin/bin/../../lib/gcc/pic32mx/4.8.3/../../../../pic32mx/lib/size/no-float\libpic32.a(vector30.o)
                0x9d03f5c0                __vector_dispatch_30
                0x00000001                ASSERT (((_vector_spacing == 0x0) || (SIZEOF (.vector_30) <= (_vector_spacing << 0x5))), function at exception vector 30 too large)

.vector_31      0x9d03f5e0        0x8
 *(.vector_31)
 .vector_31     0x9d03f5e0        0x8 c:/program files (x86)/microchip/xc32/v1.40/bin/bin/../../lib/gcc/pic32mx/4.8.3/../../../../pic32mx/lib/size/no-float\libpic32.a(vector31.o)
                0x9d03f5e0                __vector_dispatch_31
                0x00000001                ASSERT (((_vector_spacing == 0x0) || (SIZEOF (.vector_31) <= (_vector_spacing << 0x5))), function at exception vector 31 too large)

.vector_32      0x9d03f600        0x8
 *(.vector_32)
 .vector_32     0x9d03f600        0x8 c:/program files (x86)/microchip/xc32/v1.40/bin/bin/../../lib/gcc/pic32mx/4.8.3/../../../../pic32mx/lib/size/no-float\libpic32.a(vector32.o)
                0x9d03f600                __vector_dispatch_32
                0x00000001                ASSERT (((_vector_spacing == 0x0) || (SIZEOF (.vector_32) <= (_vector_spacing << 0x5))), function at exception vector 32 too large)

.vector_33      0x9d03f620        0x8
 *(.vector_33)
 .vector_33     0x9d03f620        0x8 c:/program files (x86)/microchip/xc32/v1.40/bin/bin/../../lib/gcc/pic32mx/4.8.3/../../../../pic32mx/lib/size/no-float\libpic32.a(vector33.o)
                0x9d03f620                __vector_dispatch_33
                0x00000001                ASSERT (((_vector_spacing == 0x0) || (SIZEOF (.vector_33) <= (_vector_spacing << 0x5))), function at exception vector 33 too large)

.vector_34      0x9d03f640        0x8
 *(.vector_34)
 .vector_34     0x9d03f640        0x8 c:/program files (x86)/microchip/xc32/v1.40/bin/bin/../../lib/gcc/pic32mx/4.8.3/../../../../pic32mx/lib/size/no-float\libpic32.a(vector34.o)
                0x9d03f640                __vector_dispatch_34
                0x00000001                ASSERT (((_vector_spacing == 0x0) || (SIZEOF (.vector_34) <= (_vector_spacing << 0x5))), function at exception vector 34 too large)

.vector_35      0x9d03f660        0x8
 *(.vector_35)
 .vector_35     0x9d03f660        0x8 c:/program files (x86)/microchip/xc32/v1.40/bin/bin/../../lib/gcc/pic32mx/4.8.3/../../../../pic32mx/lib/size/no-float\libpic32.a(vector35.o)
                0x9d03f660                __vector_dispatch_35
                0x00000001                ASSERT (((_vector_spacing == 0x0) || (SIZEOF (.vector_35) <= (_vector_spacing << 0x5))), function at exception vector 35 too large)

.vector_36      0x9d03f680        0x8
 *(.vector_36)
 .vector_36     0x9d03f680        0x8 c:/program files (x86)/microchip/xc32/v1.40/bin/bin/../../lib/gcc/pic32mx/4.8.3/../../../../pic32mx/lib/size/no-float\libpic32.a(vector36.o)
                0x9d03f680                __vector_dispatch_36
                0x00000001                ASSERT (((_vector_spacing == 0x0) || (SIZEOF (.vector_36) <= (_vector_spacing << 0x5))), function at exception vector 36 too large)

.vector_37      0x9d03f6a0        0x8
 *(.vector_37)
 .vector_37     0x9d03f6a0        0x8 c:/program files (x86)/microchip/xc32/v1.40/bin/bin/../../lib/gcc/pic32mx/4.8.3/../../../../pic32mx/lib/size/no-float\libpic32.a(vector37.o)
                0x9d03f6a0                __vector_dispatch_37
                0x00000001                ASSERT (((_vector_spacing == 0x0) || (SIZEOF (.vector_37) <= (_vector_spacing << 0x5))), function at exception vector 37 too large)

.vector_38      0x9d03f6c0        0x8
 *(.vector_38)
 .vector_38     0x9d03f6c0        0x8 c:/program files (x86)/microchip/xc32/v1.40/bin/bin/../../lib/gcc/pic32mx/4.8.3/../../../../pic32mx/lib/size/no-float\libpic32.a(vector38.o)
                0x9d03f6c0                __vector_dispatch_38
                0x00000001                ASSERT (((_vector_spacing == 0x0) || (SIZEOF (.vector_38) <= (_vector_spacing << 0x5))), function at exception vector 38 too large)

.vector_39      0x9d03f6e0        0x8
 *(.vector_39)
 .vector_39     0x9d03f6e0        0x8 c:/program files (x86)/microchip/xc32/v1.40/bin/bin/../../lib/gcc/pic32mx/4.8.3/../../../../pic32mx/lib/size/no-float\libpic32.a(vector39.o)
                0x9d03f6e0                __vector_dispatch_39
                0x00000001                ASSERT (((_vector_spacing == 0x0) || (SIZEOF (.vector_39) <= (_vector_spacing << 0x5))), function at exception vector 39 too large)

.vector_40      0x9d03f700        0x8
 *(.vector_40)
 .vector_40     0x9d03f700        0x8 c:/program files (x86)/microchip/xc32/v1.40/bin/bin/../../lib/gcc/pic32mx/4.8.3/../../../../pic32mx/lib/size/no-float\libpic32.a(vector40.o)
                0x9d03f700                __vector_dispatch_40
                0x00000001                ASSERT (((_vector_spacing == 0x0) || (SIZEOF (.vector_40) <= (_vector_spacing << 0x5))), function at exception vector 40 too large)

.vector_41      0x9d03f720        0x8
 *(.vector_41)
 .vector_41     0x9d03f720        0x8 c:/program files (x86)/microchip/xc32/v1.40/bin/bin/../../lib/gcc/pic32mx/4.8.3/../../../../pic32mx/lib/size/no-float\libpic32.a(vector41.o)
                0x9d03f720                __vector_dispatch_41
                0x00000001                ASSERT (((_vector_spacing == 0x0) || (SIZEOF (.vector_41) <= (_vector_spacing << 0x5))), function at exception vector 41 too large)

.vector_42      0x9d03f740        0x8
 *(.vector_42)
 .vector_42     0x9d03f740        0x8 c:/program files (x86)/microchip/xc32/v1.40/bin/bin/../../lib/gcc/pic32mx/4.8.3/../../../../pic32mx/lib/size/no-float\libpic32.a(vector42.o)
                0x9d03f740                __vector_dispatch_42
                0x00000001                ASSERT (((_vector_spacing == 0x0) || (SIZEOF (.vector_42) <= (_vector_spacing << 0x5))), function at exception vector 42 too large)

.vector_43      0x9d03f760        0x8
 *(.vector_43)
 .vector_43     0x9d03f760        0x8 c:/program files (x86)/microchip/xc32/v1.40/bin/bin/../../lib/gcc/pic32mx/4.8.3/../../../../pic32mx/lib/size/no-float\libpic32.a(vector43.o)
                0x9d03f760                __vector_dispatch_43
                0x00000001                ASSERT (((_vector_spacing == 0x0) || (SIZEOF (.vector_43) <= (_vector_spacing << 0x5))), function at exception vector 43 too large)

.vector_44      0x9d03f780        0x0
 *(.vector_44)
                0x00000001                ASSERT (((_vector_spacing == 0x0) || (SIZEOF (.vector_44) <= (_vector_spacing << 0x5))), function at exception vector 44 too large)

.vector_45      0x9d03f7a0        0x0
 *(.vector_45)
                0x00000001                ASSERT (((_vector_spacing == 0x0) || (SIZEOF (.vector_45) <= (_vector_spacing << 0x5))), function at exception vector 45 too large)

.vector_46      0x9d03f7c0        0x0
 *(.vector_46)
                0x00000001                ASSERT (((_vector_spacing == 0x0) || (SIZEOF (.vector_46) <= (_vector_spacing << 0x5))), function at exception vector 46 too large)

.vector_47      0x9d03f7e0        0x0
 *(.vector_47)
                0x00000001                ASSERT (((_vector_spacing == 0x0) || (SIZEOF (.vector_47) <= (_vector_spacing << 0x5))), function at exception vector 47 too large)

.vector_48      0x9d03f800        0x0
 *(.vector_48)
                0x00000001                ASSERT (((_vector_spacing == 0x0) || (SIZEOF (.vector_48) <= (_vector_spacing << 0x5))), function at exception vector 48 too large)

.vector_49      0x9d03f820        0x0
 *(.vector_49)
                0x00000001                ASSERT (((_vector_spacing == 0x0) || (SIZEOF (.vector_49) <= (_vector_spacing << 0x5))), function at exception vector 49 too large)

.vector_50      0x9d03f840        0x0
 *(.vector_50)
                0x00000001                ASSERT (((_vector_spacing == 0x0) || (SIZEOF (.vector_50) <= (_vector_spacing << 0x5))), function at exception vector 50 too large)

.vector_51      0x9d03f860        0x0
 *(.vector_51)
                0x00000001                ASSERT (((_vector_spacing == 0x0) || (SIZEOF (.vector_51) <= (_vector_spacing << 0x5))), function at exception vector 51 too large)

.vector_52      0x9d03f880        0x0
 *(.vector_52)
                0x00000001                ASSERT (((_vector_spacing == 0x0) || (SIZEOF (.vector_52) <= (_vector_spacing << 0x5))), function at exception vector 52 too large)

.vector_53      0x9d03f8a0        0x0
 *(.vector_53)
                0x00000001                ASSERT (((_vector_spacing == 0x0) || (SIZEOF (.vector_53) <= (_vector_spacing << 0x5))), function at exception vector 53 too large)

.vector_54      0x9d03f8c0        0x0
 *(.vector_54)
                0x00000001                ASSERT (((_vector_spacing == 0x0) || (SIZEOF (.vector_54) <= (_vector_spacing << 0x5))), function at exception vector 54 too large)

.vector_55      0x9d03f8e0        0x0
 *(.vector_55)
                0x00000001                ASSERT (((_vector_spacing == 0x0) || (SIZEOF (.vector_55) <= (_vector_spacing << 0x5))), function at exception vector 55 too large)

.vector_56      0x9d03f900        0x0
 *(.vector_56)
                0x00000001                ASSERT (((_vector_spacing == 0x0) || (SIZEOF (.vector_56) <= (_vector_spacing << 0x5))), function at exception vector 56 too large)

.vector_57      0x9d03f920        0x0
 *(.vector_57)
                0x00000001                ASSERT (((_vector_spacing == 0x0) || (SIZEOF (.vector_57) <= (_vector_spacing << 0x5))), function at exception vector 57 too large)

.vector_58      0x9d03f940        0x0
 *(.vector_58)
                0x00000001                ASSERT (((_vector_spacing == 0x0) || (SIZEOF (.vector_58) <= (_vector_spacing << 0x5))), function at exception vector 58 too large)

.vector_59      0x9d03f960        0x0
 *(.vector_59)
                0x00000001                ASSERT (((_vector_spacing == 0x0) || (SIZEOF (.vector_59) <= (_vector_spacing << 0x5))), function at exception vector 59 too large)

.vector_60      0x9d03f980        0x0
 *(.vector_60)
                0x00000001                ASSERT (((_vector_spacing == 0x0) || (SIZEOF (.vector_60) <= (_vector_spacing << 0x5))), function at exception vector 60 too large)

.vector_61      0x9d03f9a0        0x0
 *(.vector_61)
                0x00000001                ASSERT (((_vector_spacing == 0x0) || (SIZEOF (.vector_61) <= (_vector_spacing << 0x5))), function at exception vector 61 too large)

.vector_62      0x9d03f9c0        0x0
 *(.vector_62)
                0x00000001                ASSERT (((_vector_spacing == 0x0) || (SIZEOF (.vector_62) <= (_vector_spacing << 0x5))), function at exception vector 62 too large)

.vector_63      0x9d03f9e0        0x0
 *(.vector_63)
                0x00000001                ASSERT (((_vector_spacing == 0x0) || (SIZEOF (.vector_63) <= (_vector_spacing << 0x5))), function at exception vector 63 too large)

.startup
 *(.startup)

.text           0x9d000000        0x0
 *(.stub .gnu.linkonce.t.*)
 *(.text.*personality*)
 *(.mips16.fn.*)
 *(.mips16.call.*)
 *(.gnu.warning)
                0x9d000000                . = ALIGN (0x4)

.init           0x9d000000        0x0
 *crti.o(.init)
 *crtbegin.o(.init)
 *(EXCLUDE_FILE(*crtn.o *crtend?.o *crtend.o) .init)
 *crtend.o(.init)
 *crtn.o(.init)
                0x9d000000                . = ALIGN (0x4)

.fini           0x9d000000        0x0
 *(.fini)
                0x9d000000                . = ALIGN (0x4)

.preinit_array  0x9d000000        0x0
                0x9d000000                PROVIDE (__preinit_array_start, .)
 *(.preinit_array)
                0x9d000000                PROVIDE (__preinit_array_end, .)
                0x9d000000                . = ALIGN (0x4)

.init_array     0x9d000000        0x0
                0x9d000000                PROVIDE (__init_array_start, .)
 *(SORT(.init_array.*))
 *(.init_array)
                0x9d000000                PROVIDE (__init_array_end, .)
                0x9d000000                . = ALIGN (0x4)

.fini_array     0x9d000000        0x0
                0x9d000000                PROVIDE (__fini_array_start, .)
 *(SORT(.fini_array.*))
 *(.fini_array)
                0x9d000000                PROVIDE (__fini_array_end, .)
                0x9d000000                . = ALIGN (0x4)

.ctors          0x9d000000        0x0
 *crtbegin.o(.ctors)
 *crtbegin?.o(.ctors)
 *(EXCLUDE_FILE(*crtend?.o *crtend.o) .ctors)
 *(SORT(.ctors.*))
 *(.ctors)
                0x9d000000                . = ALIGN (0x4)

.dtors          0x9d000000        0x0
 *crtbegin.o(.dtors)
 *crtbegin?.o(.dtors)
 *(EXCLUDE_FILE(*crtend?.o *crtend.o) .dtors)
 *(SORT(.dtors.*))
 *(.dtors)
                0x9d000000                . = ALIGN (0x4)

.rodata         0x9d000000        0x0
 *(.gnu.linkonce.r.*)
 *(.rodata1)
                0x9d000000                . = ALIGN (0x4)

.sdata2         0x9fc00490        0x0
 *(.sdata2 .sdata2.* .gnu.linkonce.s2.*)
                0x9fc00490                . = ALIGN (0x4)

.sbss2          0x9fc00490        0x0
 *(.sbss2 .sbss2.* .gnu.linkonce.sb2.*)
                0x9fc00490                . = ALIGN (0x4)

.eh_frame_hdr
 *(.eh_frame_hdr)
                0x9fc00490                . = ALIGN (0x4)

.eh_frame
 *(.eh_frame)
                0x9fc00490                . = ALIGN (0x4)

.gcc_except_table
 *(.gcc_except_table .gcc_except_table.*)
                0x9fc00490                . = ALIGN (0x4)

.dbg_data       0xa0000000        0x0
                0xa0000000                . = (. + DEFINED (_DEBUGGER)?0x200:0x0)

.jcr            0xa0000000        0x0
 *(.jcr)
                0xa0000000                . = ALIGN (0x4)

.eh_frame
 *(.eh_frame)
                0xa0000000                . = ALIGN (0x4)

.gcc_except_table
 *(.gcc_except_table .gcc_except_table.*)
                0xa0000000                . = ALIGN (0x4)

.persist        0xa0000000        0x0
                0xa0000000                _persist_begin = .
 *(.persist .persist.*)
 *(.pbss .pbss.*)
                0xa0000000                . = ALIGN (0x4)
                0xa0000000                _persist_end = .

.data           0xa0000000        0x0
 *(.gnu.linkonce.d.*)
 *(.data1)
                0xa0000000                . = ALIGN (0x4)
                0xa0000000                . = .
                0xa0007ff0                _gp = (ALIGN (0x10) + 0x7ff0)

.got            0xa0000000        0x0
 *(.got.plt)
 *(.got)
                0xa0000000                . = ALIGN (0x4)

.sdata          0xa0000000       0x90
                0xa0000000                _sdata_begin = .
 *(.sdata .sdata.* .gnu.linkonce.s.*)
 .sdata         0xa0000000        0x8 build/default/production/crash_clock.o
 .sdata         0xa0000008        0x8 build/default/production/toggle_lcd.o
 .sdata         0xa0000010        0x8 build/default/production/reset_clock.o
 .sdata         0xa0000018        0x8 build/default/production/pixel_hello.o
 .sdata         0xa0000020        0x8 build/default/production/say_hello.o
 .sdata         0xa0000028        0x8 build/default/production/main.o
 .sdata         0xa0000030        0x8 build/default/production/init.o
 .sdata         0xa0000038        0x8 build/default/production/menu.o
 .sdata         0xa0000040        0x8 build/default/production/clock.o
 .sdata         0xa0000048        0x8 build/default/production/bcd.o
 .sdata         0xa0000050        0x8 build/default/production/exception.o
 .sdata         0xa0000058        0x8 build/default/production/dow.o
 .sdata         0xa0000060        0x8 ..\libuart.X\dist\default\production\libuart.X.a(begin.o)
 .sdata         0xa0000068        0x8 ..\libuart.X\dist\default\production\libuart.X.a(getc.o)
 .sdata         0xa0000070        0x8 ..\libuart.X\dist\default\production\libuart.X.a(gets.o)
 .sdata         0xa0000078        0x8 ..\libuart.X\dist\default\production\libuart.X.a(puts.o)
 .sdata         0xa0000080        0x8 ..\libuart.X\dist\default\production\libuart.X.a(available.o)
 .sdata         0xa0000088        0x8 ..\libuart.X\dist\default\production\libuart.X.a(putc.o)
                0xa0000090                . = ALIGN (0x4)
                0xa0000090                _sdata_end = .

.lit8
 *(.lit8)

.lit4
 *(.lit4)
                0xa0000090                . = ALIGN (0x4)
                0xa0000090                _data_end = .
                0xa0000090                _bss_begin = .

.sbss           0xa0000090       0x18
                0xa0000090                _sbss_begin = .
 *(.dynsbss)
 *(.sbss .sbss.* .gnu.linkonce.sb.*)
 .sbss          0xa0000090        0x4 ..\libsys.X\dist\default\production\libsys.X.a(get_sysclk.o)
 *(.scommon)
 .scommon       0xa0000094       0x14 build/default/production/main.o
                0xa0000094                lcd
                0xa0000098                pixels
                0xa000009c                menu
                0xa00000a0                task
                0xa00000a8                _sbss_end = .
                0xa00000a8                . = ALIGN (0x4)

.bss            0xa00000a8       0x20
 *(.dynbss)
 *(COMMON)
 COMMON         0xa00000a8       0x20 build/default/production/main.o
                0xa00000a8                date
                0xa00000c8                . = ALIGN ((. != 0x0)?0x4:0x1)
                0xa00000c8                . = ALIGN (0x4)
                0xa00000c8                _end = .
                0xa00000c8                _bss_end = .
                0x00010000                _bmxdudba_address = 0x10000
                0x00010000                _bmxdupba_address = 0x10000

/DISCARD/
 *(.pdr)
 *(.rel.dyn)
 *(.note.GNU-stack)
 *(.note.GNU-stack)
 *(.gnu_debuglink)
 *(.gnu.lto_*)
 *(.discard)

.gptab.sdata
 *(.gptab.data)
 *(.gptab.sdata)

.gptab.sbss
 *(.gptab.bss)
 *(.gptab.sbss)

.mdebug.abi32   0xa00000c8        0x0
 *(.mdebug.abi32)
 .mdebug.abi32  0xa00000c8        0x0 build/default/production/crash_clock.o
 .mdebug.abi32  0xa00000c8        0x0 build/default/production/toggle_lcd.o
 .mdebug.abi32  0xa00000c8        0x0 build/default/production/reset_clock.o
 .mdebug.abi32  0xa00000c8        0x0 build/default/production/pixel_hello.o
 .mdebug.abi32  0xa00000c8        0x0 build/default/production/say_hello.o
 .mdebug.abi32  0xa00000c8        0x0 build/default/production/main.o
 .mdebug.abi32  0xa00000c8        0x0 build/default/production/init.o
 .mdebug.abi32  0xa00000c8        0x0 build/default/production/conf.o
 .mdebug.abi32  0xa00000c8        0x0 build/default/production/menu.o
 .mdebug.abi32  0xa00000c8        0x0 build/default/production/clock.o
 .mdebug.abi32  0xa00000c8        0x0 build/default/production/bcd.o
 .mdebug.abi32  0xa00000c8        0x0 build/default/production/exception.o
 .mdebug.abi32  0xa00000c8        0x0 build/default/production/dow.o
 .mdebug.abi32  0xa00000c8        0x0 ..\liblcd.X\dist\default\production\liblcd.X.a(blink.o)
 .mdebug.abi32  0xa00000c8        0x0 ..\liblcd.X\dist\default\production\liblcd.X.a(command.o)
 .mdebug.abi32  0xa00000c8        0x0 ..\liblcd.X\dist\default\production\liblcd.X.a(display.o)
 .mdebug.abi32  0xa00000c8        0x0 ..\liblcd.X\dist\default\production\liblcd.X.a(light.o)
 .mdebug.abi32  0xa00000c8        0x0 ..\liblcd.X\dist\default\production\liblcd.X.a(clear.o)
 .mdebug.abi32  0xa00000c8        0x0 ..\liblcd.X\dist\default\production\liblcd.X.a(cursor.o)
 .mdebug.abi32  0xa00000c8        0x0 ..\liblcd.X\dist\default\production\liblcd.X.a(send.o)
 .mdebug.abi32  0xa00000c8        0x0 ..\liblcd.X\dist\default\production\liblcd.X.a(move.o)
 .mdebug.abi32  0xa00000c8        0x0 ..\liblcd.X\dist\default\production\liblcd.X.a(pulse.o)
 .mdebug.abi32  0xa00000c8        0x0 ..\liblcd.X\dist\default\production\liblcd.X.a(new.o)
 .mdebug.abi32  0xa00000c8        0x0 ..\liblcd.X\dist\default\production\liblcd.X.a(puts.o)
 .mdebug.abi32  0xa00000c8        0x0 ..\liblcd.X\dist\default\production\liblcd.X.a(putn.o)
 .mdebug.abi32  0xa00000c8        0x0 ..\liblcd.X\dist\default\production\liblcd.X.a(putc.o)
 .mdebug.abi32  0xa00000c8        0x0 ..\libsys.X\dist\default\production\libsys.X.a(get_pbclk.o)
 .mdebug.abi32  0xa00000c8        0x0 ..\libsys.X\dist\default\production\libsys.X.a(get_sysclk.o)
 .mdebug.abi32  0xa00000c8        0x0 ..\libsys.X\dist\default\production\libsys.X.a(delay_micros.o)
 .mdebug.abi32  0xa00000c8        0x0 ..\libsys.X\dist\default\production\libsys.X.a(delay_millis.o)
 .mdebug.abi32  0xa00000c8        0x0 ..\libsys.X\dist\default\production\libsys.X.a(get_perf.o)
 .mdebug.abi32  0xa00000c8        0x0 ..\libpixel.X\dist\default\production\libpixel.X.a(show.o)
 .mdebug.abi32  0xa00000c8        0x0 ..\libpixel.X\dist\default\production\libpixel.X.a(set.o)
 .mdebug.abi32  0xa00000c8        0x0 ..\libpixel.X\dist\default\production\libpixel.X.a(clear.o)
 .mdebug.abi32  0xa00000c8        0x0 ..\libpixel.X\dist\default\production\libpixel.X.a(new.o)
 .mdebug.abi32  0xa00000c8        0x0 ..\libpixel.X\dist\default\production\libpixel.X.a(brightness.o)
 .mdebug.abi32  0xa00000c8        0x0 ..\libuart.X\dist\default\production\libuart.X.a(begin.o)
 .mdebug.abi32  0xa00000c8        0x0 ..\libuart.X\dist\default\production\libuart.X.a(getc.o)
 .mdebug.abi32  0xa00000c8        0x0 ..\libuart.X\dist\default\production\libuart.X.a(gets.o)
 .mdebug.abi32  0xa00000c8        0x0 ..\libuart.X\dist\default\production\libuart.X.a(puts.o)
 .mdebug.abi32  0xa00000c8        0x0 ..\libuart.X\dist\default\production\libuart.X.a(available.o)
 .mdebug.abi32  0xa00000c8        0x0 ..\libuart.X\dist\default\production\libuart.X.a(putc.o)
 .mdebug.abi32  0xa00000c8        0x0 c:/program files (x86)/microchip/xc32/v1.40/bin/bin/../../lib/gcc/pic32mx/4.8.3/../../../../pic32mx/lib/size/no-float\libpic32.a(default-bootstrap-exception-handler.o)
 .mdebug.abi32  0xa00000c8        0x0 c:/program files (x86)/microchip/xc32/v1.40/bin/bin/../../lib/gcc/pic32mx/4.8.3/../../../../pic32mx/lib/size/no-float\libpic32.a(default-on-reset.o)
 .mdebug.abi32  0xa00000c8        0x0 c:/program files (x86)/microchip/xc32/v1.40/bin/bin/../../lib/gcc/pic32mx/4.8.3/../../../../pic32mx/lib/size/no-float\libpic32.a(default-on-bootstrap.o)
 .mdebug.abi32  0xa00000c8        0x0 c:/program files (x86)/microchip/xc32/v1.40/bin/bin/../../lib/gcc/pic32mx/4.8.3/../../../../pic32mx/lib/size/no-float\libpic32.a(defaultinterrupt.o)
 .mdebug.abi32  0xa00000c8        0x0 c:/program files (x86)/microchip/xc32/v1.40/bin/bin/../../lib/gcc/pic32mx/4.8.3/../../../../pic32mx/lib/size/no-float\libc.a(itoa.o)
 .mdebug.abi32  0xa00000c8        0x0 c:/program files (x86)/microchip/xc32/v1.40/bin/bin/../../lib/gcc/pic32mx/4.8.3/../../../../pic32mx/lib/size/no-float\libc.a(malloc.o)
 .mdebug.abi32  0xa00000c8        0x0 c:/program files (x86)/microchip/xc32/v1.40/bin/bin/../../lib/gcc/pic32mx/4.8.3/../../../../pic32mx/lib/size/no-float\libpic32.a(sbrk.o)
 .mdebug.abi32  0xa00000c8        0x0 c:/program files (x86)/microchip/xc32/v1.40/bin/bin/../../lib/gcc/pic32mx/4.8.3/../../../../pic32mx/lib/size/no-float\libpic32.a(errno.o)

.mdebug.abiN32
 *(.mdebug.abiN32)

.mdebug.abi64
 *(.mdebug.abi64)

.mdebug.abiO64
 *(.mdebug.abiO64)

.mdebug.eabi32
 *(.mdebug.eabi32)

.mdebug.eabi64
 *(.mdebug.eabi64)

.gcc_compiled_long32
 *(.gcc_compiled_long32)

.gcc_compiled_long64
 *(.gcc_compiled_long64)

.stab
 *(.stab)

.stabstr
 *(.stabstr)

.stab.excl
 *(.stab.excl)

.stab.exclstr
 *(.stab.exclstr)

.stab.index
 *(.stab.index)

.stab.indexstr
 *(.stab.indexstr)

.comment        0x00000000       0xb8
 *(.comment)
 .comment       0x00000000       0x3c build/default/production/crash_clock.o
                                 0x3d (size before relaxing)
 .comment       0x00000000       0x3d build/default/production/toggle_lcd.o
 .comment       0x00000000       0x3d build/default/production/reset_clock.o
 .comment       0x00000000       0x3d build/default/production/pixel_hello.o
 .comment       0x00000000       0x3d build/default/production/say_hello.o
 .comment       0x00000000       0x3d build/default/production/main.o
 .comment       0x00000000       0x3d build/default/production/init.o
 .comment       0x00000000       0x3d build/default/production/conf.o
 .comment       0x00000000       0x3d build/default/production/menu.o
 .comment       0x00000000       0x3d build/default/production/clock.o
 .comment       0x00000000       0x3d build/default/production/bcd.o
 .comment       0x00000000       0x3d build/default/production/exception.o
 .comment       0x00000000       0x3d build/default/production/dow.o
 .comment       0x00000000       0x3d ..\liblcd.X\dist\default\production\liblcd.X.a(blink.o)
 .comment       0x00000000       0x3d ..\liblcd.X\dist\default\production\liblcd.X.a(command.o)
 .comment       0x00000000       0x3d ..\liblcd.X\dist\default\production\liblcd.X.a(display.o)
 .comment       0x00000000       0x3d ..\liblcd.X\dist\default\production\liblcd.X.a(light.o)
 .comment       0x00000000       0x3d ..\liblcd.X\dist\default\production\liblcd.X.a(clear.o)
 .comment       0x00000000       0x3d ..\liblcd.X\dist\default\production\liblcd.X.a(cursor.o)
 .comment       0x00000000       0x3d ..\liblcd.X\dist\default\production\liblcd.X.a(send.o)
 .comment       0x00000000       0x3d ..\liblcd.X\dist\default\production\liblcd.X.a(move.o)
 .comment       0x00000000       0x3d ..\liblcd.X\dist\default\production\liblcd.X.a(pulse.o)
 .comment       0x00000000       0x3d ..\liblcd.X\dist\default\production\liblcd.X.a(new.o)
 .comment       0x00000000       0x3d ..\liblcd.X\dist\default\production\liblcd.X.a(puts.o)
 .comment       0x00000000       0x3d ..\liblcd.X\dist\default\production\liblcd.X.a(putn.o)
 .comment       0x00000000       0x3d ..\liblcd.X\dist\default\production\liblcd.X.a(putc.o)
 .comment       0x00000000       0x3d ..\libsys.X\dist\default\production\libsys.X.a(get_pbclk.o)
 .comment       0x00000000       0x3d ..\libsys.X\dist\default\production\libsys.X.a(get_sysclk.o)
 .comment       0x00000000       0x3d ..\libsys.X\dist\default\production\libsys.X.a(delay_micros.o)
 .comment       0x00000000       0x3d ..\libsys.X\dist\default\production\libsys.X.a(delay_millis.o)
 .comment       0x00000000       0x3d ..\libsys.X\dist\default\production\libsys.X.a(get_perf.o)
 .comment       0x00000000       0x3d ..\libpixel.X\dist\default\production\libpixel.X.a(show.o)
 .comment       0x00000000       0x3d ..\libpixel.X\dist\default\production\libpixel.X.a(set.o)
 .comment       0x00000000       0x3d ..\libpixel.X\dist\default\production\libpixel.X.a(clear.o)
 .comment       0x00000000       0x3d ..\libpixel.X\dist\default\production\libpixel.X.a(new.o)
 .comment       0x00000000       0x3d ..\libpixel.X\dist\default\production\libpixel.X.a(brightness.o)
 .comment       0x00000000       0x3d ..\libuart.X\dist\default\production\libuart.X.a(begin.o)
 .comment       0x00000000       0x3d ..\libuart.X\dist\default\production\libuart.X.a(getc.o)
 .comment       0x00000000       0x3d ..\libuart.X\dist\default\production\libuart.X.a(gets.o)
 .comment       0x00000000       0x3d ..\libuart.X\dist\default\production\libuart.X.a(puts.o)
 .comment       0x00000000       0x3d ..\libuart.X\dist\default\production\libuart.X.a(available.o)
 .comment       0x00000000       0x3d ..\libuart.X\dist\default\production\libuart.X.a(putc.o)
 .comment       0x0000003c       0x18 c:/program files (x86)/microchip/xc32/v1.40/bin/bin/../../lib/gcc/pic32mx/4.8.3/../../../../pic32mx/lib/size/no-float\libpic32.a(memset.o)
                                 0x19 (size before relaxing)
 .comment       0x00000054       0x19 c:/program files (x86)/microchip/xc32/v1.40/bin/bin/../../lib/gcc/pic32mx/4.8.3/../../../../pic32mx/lib/size/no-float\libpic32.a(strlen.o)
                                 0x1a (size before relaxing)
 .comment       0x00000000       0x3d c:/program files (x86)/microchip/xc32/v1.40/bin/bin/../../lib/gcc/pic32mx/4.8.3/../../../../pic32mx/lib/size/no-float\libpic32.a(default-bootstrap-exception-handler.o)
 .comment       0x00000000       0x3d c:/program files (x86)/microchip/xc32/v1.40/bin/bin/../../lib/gcc/pic32mx/4.8.3/../../../../pic32mx/lib/size/no-float\libpic32.a(default-on-reset.o)
 .comment       0x00000000       0x3d c:/program files (x86)/microchip/xc32/v1.40/bin/bin/../../lib/gcc/pic32mx/4.8.3/../../../../pic32mx/lib/size/no-float\libpic32.a(default-on-bootstrap.o)
 .comment       0x00000000       0x3d c:/program files (x86)/microchip/xc32/v1.40/bin/bin/../../lib/gcc/pic32mx/4.8.3/../../../../pic32mx/lib/size/no-float\libpic32.a(defaultinterrupt.o)
 .comment       0x00000000       0x3d c:/program files (x86)/microchip/xc32/v1.40/bin/bin/../../lib/gcc/pic32mx/4.8.3/../../../../pic32mx/lib/size/no-float\libc.a(itoa.o)
 .comment       0x00000000       0x3d c:/program files (x86)/microchip/xc32/v1.40/bin/bin/../../lib/gcc/pic32mx/4.8.3/../../../../pic32mx/lib/size/no-float\libc.a(malloc.o)
 .comment       0x0000006d       0x4b c:/program files (x86)/microchip/xc32/v1.40/bin/bin/../../lib/gcc/pic32mx/4.8.3/../../../../pic32mx/lib/size/no-float\libpic32.a(sbrk.o)
                                 0x88 (size before relaxing)
 .comment       0x00000000       0x3d c:/program files (x86)/microchip/xc32/v1.40/bin/bin/../../lib/gcc/pic32mx/4.8.3/../../../../pic32mx/lib/size/no-float\libpic32.a(errno.o)

.debug
 *(.debug)

.line
 *(.line)

.debug_srcinfo
 *(.debug_srcinfo)

.debug_sfnames
 *(.debug_sfnames)

.debug_aranges  0x00000000      0x278
 *(.debug_aranges)
 .debug_aranges
                0x00000000       0x20 ..\libsys.X\dist\default\production\libsys.X.a(get_pbclk.o)
 .debug_aranges
                0x00000020       0x20 ..\libsys.X\dist\default\production\libsys.X.a(get_sysclk.o)
 .debug_aranges
                0x00000040       0x20 ..\libsys.X\dist\default\production\libsys.X.a(delay_micros.o)
 .debug_aranges
                0x00000060       0x20 ..\libsys.X\dist\default\production\libsys.X.a(delay_millis.o)
 .debug_aranges
                0x00000080       0x20 ..\libsys.X\dist\default\production\libsys.X.a(get_perf.o)
 .debug_aranges
                0x000000a0       0x20 ..\libuart.X\dist\default\production\libuart.X.a(begin.o)
 .debug_aranges
                0x000000c0       0x20 ..\libuart.X\dist\default\production\libuart.X.a(getc.o)
 .debug_aranges
                0x000000e0       0x20 ..\libuart.X\dist\default\production\libuart.X.a(gets.o)
 .debug_aranges
                0x00000100       0x20 ..\libuart.X\dist\default\production\libuart.X.a(puts.o)
 .debug_aranges
                0x00000120       0x20 ..\libuart.X\dist\default\production\libuart.X.a(available.o)
 .debug_aranges
                0x00000140       0x20 ..\libuart.X\dist\default\production\libuart.X.a(putc.o)
 .debug_aranges
                0x00000160       0x20 c:/program files (x86)/microchip/xc32/v1.40/bin/bin/../../lib/gcc/pic32mx/4.8.3/../../../../pic32mx/lib/size/no-float\libpic32.a(default-bootstrap-exception-handler.o)
 .debug_aranges
                0x00000180       0x20 c:/program files (x86)/microchip/xc32/v1.40/bin/bin/../../lib/gcc/pic32mx/4.8.3/../../../../pic32mx/lib/size/no-float\libpic32.a(default-on-reset.o)
 .debug_aranges
                0x000001a0       0x20 c:/program files (x86)/microchip/xc32/v1.40/bin/bin/../../lib/gcc/pic32mx/4.8.3/../../../../pic32mx/lib/size/no-float\libpic32.a(default-on-bootstrap.o)
 .debug_aranges
                0x000001c0       0x20 c:/program files (x86)/microchip/xc32/v1.40/bin/bin/../../lib/gcc/pic32mx/4.8.3/../../../../pic32mx/lib/size/no-float\libpic32.a(defaultinterrupt.o)
 .debug_aranges
                0x000001e0       0x28 c:/program files (x86)/microchip/xc32/v1.40/bin/bin/../../lib/gcc/pic32mx/4.8.3/../../../../pic32mx/lib/size/no-float\libc.a(itoa.o)
 .debug_aranges
                0x00000208       0x30 c:/program files (x86)/microchip/xc32/v1.40/bin/bin/../../lib/gcc/pic32mx/4.8.3/../../../../pic32mx/lib/size/no-float\libc.a(malloc.o)
 .debug_aranges
                0x00000238       0x40 c:/program files (x86)/microchip/xc32/v1.40/bin/bin/../../lib/gcc/pic32mx/4.8.3/../../../../pic32mx/lib/size/no-float\libpic32.a(sbrk.o)

.debug_pubnames
 *(.debug_pubnames)

.debug_info     0x00000000     0x21a9
 *(.debug_info .gnu.linkonce.wi.*)
 .debug_info    0x00000000      0x1ae ..\libsys.X\dist\default\production\libsys.X.a(get_pbclk.o)
 .debug_info    0x000001ae      0x550 ..\libsys.X\dist\default\production\libsys.X.a(get_sysclk.o)
 .debug_info    0x000006fe      0x1bc ..\libsys.X\dist\default\production\libsys.X.a(delay_micros.o)
 .debug_info    0x000008ba      0x185 ..\libsys.X\dist\default\production\libsys.X.a(delay_millis.o)
 .debug_info    0x00000a3f      0x183 ..\libsys.X\dist\default\production\libsys.X.a(get_perf.o)
 .debug_info    0x00000bc2      0x2bf ..\libuart.X\dist\default\production\libuart.X.a(begin.o)
 .debug_info    0x00000e81      0x2bf ..\libuart.X\dist\default\production\libuart.X.a(getc.o)
 .debug_info    0x00001140      0x251 ..\libuart.X\dist\default\production\libuart.X.a(gets.o)
 .debug_info    0x00001391      0x2be ..\libuart.X\dist\default\production\libuart.X.a(puts.o)
 .debug_info    0x0000164f      0x2a5 ..\libuart.X\dist\default\production\libuart.X.a(available.o)
 .debug_info    0x000018f4      0x2b8 ..\libuart.X\dist\default\production\libuart.X.a(putc.o)
 .debug_info    0x00001bac       0xe3 c:/program files (x86)/microchip/xc32/v1.40/bin/bin/../../lib/gcc/pic32mx/4.8.3/../../../../pic32mx/lib/size/no-float\libpic32.a(default-bootstrap-exception-handler.o)
 .debug_info    0x00001c8f       0xbd c:/program files (x86)/microchip/xc32/v1.40/bin/bin/../../lib/gcc/pic32mx/4.8.3/../../../../pic32mx/lib/size/no-float\libpic32.a(default-on-reset.o)
 .debug_info    0x00001d4c       0xc5 c:/program files (x86)/microchip/xc32/v1.40/bin/bin/../../lib/gcc/pic32mx/4.8.3/../../../../pic32mx/lib/size/no-float\libpic32.a(default-on-bootstrap.o)
 .debug_info    0x00001e11       0xd7 c:/program files (x86)/microchip/xc32/v1.40/bin/bin/../../lib/gcc/pic32mx/4.8.3/../../../../pic32mx/lib/size/no-float\libpic32.a(defaultinterrupt.o)
 .debug_info    0x00001ee8       0xc6 c:/program files (x86)/microchip/xc32/v1.40/bin/bin/../../lib/gcc/pic32mx/4.8.3/../../../../pic32mx/lib/size/no-float\libc.a(itoa.o)
 .debug_info    0x00001fae       0xe1 c:/program files (x86)/microchip/xc32/v1.40/bin/bin/../../lib/gcc/pic32mx/4.8.3/../../../../pic32mx/lib/size/no-float\libc.a(malloc.o)
 .debug_info    0x0000208f      0x11a c:/program files (x86)/microchip/xc32/v1.40/bin/bin/../../lib/gcc/pic32mx/4.8.3/../../../../pic32mx/lib/size/no-float\libpic32.a(sbrk.o)

.debug_abbrev   0x00000000      0x824
 *(.debug_abbrev)
 .debug_abbrev  0x00000000       0x81 ..\libsys.X\dist\default\production\libsys.X.a(get_pbclk.o)
 .debug_abbrev  0x00000081       0xe9 ..\libsys.X\dist\default\production\libsys.X.a(get_sysclk.o)
 .debug_abbrev  0x0000016a       0x62 ..\libsys.X\dist\default\production\libsys.X.a(delay_micros.o)
 .debug_abbrev  0x000001cc       0x53 ..\libsys.X\dist\default\production\libsys.X.a(delay_millis.o)
 .debug_abbrev  0x0000021f       0x55 ..\libsys.X\dist\default\production\libsys.X.a(get_perf.o)
 .debug_abbrev  0x00000274       0xba ..\libuart.X\dist\default\production\libuart.X.a(begin.o)
 .debug_abbrev  0x0000032e       0xba ..\libuart.X\dist\default\production\libuart.X.a(getc.o)
 .debug_abbrev  0x000003e8       0x9e ..\libuart.X\dist\default\production\libuart.X.a(gets.o)
 .debug_abbrev  0x00000486       0xba ..\libuart.X\dist\default\production\libuart.X.a(puts.o)
 .debug_abbrev  0x00000540       0xba ..\libuart.X\dist\default\production\libuart.X.a(available.o)
 .debug_abbrev  0x000005fa       0xba ..\libuart.X\dist\default\production\libuart.X.a(putc.o)
 .debug_abbrev  0x000006b4       0x28 c:/program files (x86)/microchip/xc32/v1.40/bin/bin/../../lib/gcc/pic32mx/4.8.3/../../../../pic32mx/lib/size/no-float\libpic32.a(default-bootstrap-exception-handler.o)
 .debug_abbrev  0x000006dc       0x28 c:/program files (x86)/microchip/xc32/v1.40/bin/bin/../../lib/gcc/pic32mx/4.8.3/../../../../pic32mx/lib/size/no-float\libpic32.a(default-on-reset.o)
 .debug_abbrev  0x00000704       0x28 c:/program files (x86)/microchip/xc32/v1.40/bin/bin/../../lib/gcc/pic32mx/4.8.3/../../../../pic32mx/lib/size/no-float\libpic32.a(default-on-bootstrap.o)
 .debug_abbrev  0x0000072c       0x28 c:/program files (x86)/microchip/xc32/v1.40/bin/bin/../../lib/gcc/pic32mx/4.8.3/../../../../pic32mx/lib/size/no-float\libpic32.a(defaultinterrupt.o)
 .debug_abbrev  0x00000754       0x3e c:/program files (x86)/microchip/xc32/v1.40/bin/bin/../../lib/gcc/pic32mx/4.8.3/../../../../pic32mx/lib/size/no-float\libc.a(itoa.o)
 .debug_abbrev  0x00000792       0x3e c:/program files (x86)/microchip/xc32/v1.40/bin/bin/../../lib/gcc/pic32mx/4.8.3/../../../../pic32mx/lib/size/no-float\libc.a(malloc.o)
 .debug_abbrev  0x000007d0       0x54 c:/program files (x86)/microchip/xc32/v1.40/bin/bin/../../lib/gcc/pic32mx/4.8.3/../../../../pic32mx/lib/size/no-float\libpic32.a(sbrk.o)

.debug_line     0x00000000      0xd6d
 *(.debug_line)
 .debug_line    0x00000000      0x11c ..\libsys.X\dist\default\production\libsys.X.a(get_pbclk.o)
 .debug_line    0x0000011c      0x131 ..\libsys.X\dist\default\production\libsys.X.a(get_sysclk.o)
 .debug_line    0x0000024d       0xd4 ..\libsys.X\dist\default\production\libsys.X.a(delay_micros.o)
 .debug_line    0x00000321       0xcd ..\libsys.X\dist\default\production\libsys.X.a(delay_millis.o)
 .debug_line    0x000003ee       0xc6 ..\libsys.X\dist\default\production\libsys.X.a(get_perf.o)
 .debug_line    0x000004b4       0xde ..\libuart.X\dist\default\production\libuart.X.a(begin.o)
 .debug_line    0x00000592       0xd7 ..\libuart.X\dist\default\production\libuart.X.a(getc.o)
 .debug_line    0x00000669       0xed ..\libuart.X\dist\default\production\libuart.X.a(gets.o)
 .debug_line    0x00000756       0xd8 ..\libuart.X\dist\default\production\libuart.X.a(puts.o)
 .debug_line    0x0000082e       0xda ..\libuart.X\dist\default\production\libuart.X.a(available.o)
 .debug_line    0x00000908       0xd6 ..\libuart.X\dist\default\production\libuart.X.a(putc.o)
 .debug_line    0x000009de       0x97 c:/program files (x86)/microchip/xc32/v1.40/bin/bin/../../lib/gcc/pic32mx/4.8.3/../../../../pic32mx/lib/size/no-float\libpic32.a(default-bootstrap-exception-handler.o)
 .debug_line    0x00000a75       0x84 c:/program files (x86)/microchip/xc32/v1.40/bin/bin/../../lib/gcc/pic32mx/4.8.3/../../../../pic32mx/lib/size/no-float\libpic32.a(default-on-reset.o)
 .debug_line    0x00000af9       0x88 c:/program files (x86)/microchip/xc32/v1.40/bin/bin/../../lib/gcc/pic32mx/4.8.3/../../../../pic32mx/lib/size/no-float\libpic32.a(default-on-bootstrap.o)
 .debug_line    0x00000b81       0x96 c:/program files (x86)/microchip/xc32/v1.40/bin/bin/../../lib/gcc/pic32mx/4.8.3/../../../../pic32mx/lib/size/no-float\libpic32.a(defaultinterrupt.o)
 .debug_line    0x00000c17       0x6e c:/program files (x86)/microchip/xc32/v1.40/bin/bin/../../lib/gcc/pic32mx/4.8.3/../../../../pic32mx/lib/size/no-float\libc.a(itoa.o)
 .debug_line    0x00000c85       0x70 c:/program files (x86)/microchip/xc32/v1.40/bin/bin/../../lib/gcc/pic32mx/4.8.3/../../../../pic32mx/lib/size/no-float\libc.a(malloc.o)
 .debug_line    0x00000cf5       0x78 c:/program files (x86)/microchip/xc32/v1.40/bin/bin/../../lib/gcc/pic32mx/4.8.3/../../../../pic32mx/lib/size/no-float\libpic32.a(sbrk.o)
 .debug_line    0x00000d6d        0x0 c:/program files (x86)/microchip/xc32/v1.40/bin/bin/../../lib/gcc/pic32mx/4.8.3/../../../../pic32mx/lib/size/no-float\libpic32.a(errno.o)

.debug_frame    0x00000000      0x3cc
 *(.debug_frame)
 .debug_frame   0x00000000       0x30 ..\libsys.X\dist\default\production\libsys.X.a(get_pbclk.o)
 .debug_frame   0x00000030       0x30 ..\libsys.X\dist\default\production\libsys.X.a(get_sysclk.o)
 .debug_frame   0x00000060       0x30 ..\libsys.X\dist\default\production\libsys.X.a(delay_micros.o)
 .debug_frame   0x00000090       0x30 ..\libsys.X\dist\default\production\libsys.X.a(delay_millis.o)
 .debug_frame   0x000000c0       0x2c ..\libsys.X\dist\default\production\libsys.X.a(get_perf.o)
 .debug_frame   0x000000ec       0x30 ..\libuart.X\dist\default\production\libuart.X.a(begin.o)
 .debug_frame   0x0000011c       0x30 ..\libuart.X\dist\default\production\libuart.X.a(getc.o)
 .debug_frame   0x0000014c       0x30 ..\libuart.X\dist\default\production\libuart.X.a(gets.o)
 .debug_frame   0x0000017c       0x30 ..\libuart.X\dist\default\production\libuart.X.a(puts.o)
 .debug_frame   0x000001ac       0x30 ..\libuart.X\dist\default\production\libuart.X.a(available.o)
 .debug_frame   0x000001dc       0x30 ..\libuart.X\dist\default\production\libuart.X.a(putc.o)
 .debug_frame   0x0000020c       0x2c c:/program files (x86)/microchip/xc32/v1.40/bin/bin/../../lib/gcc/pic32mx/4.8.3/../../../../pic32mx/lib/size/no-float\libpic32.a(default-bootstrap-exception-handler.o)
 .debug_frame   0x00000238       0x20 c:/program files (x86)/microchip/xc32/v1.40/bin/bin/../../lib/gcc/pic32mx/4.8.3/../../../../pic32mx/lib/size/no-float\libpic32.a(default-on-reset.o)
 .debug_frame   0x00000258       0x20 c:/program files (x86)/microchip/xc32/v1.40/bin/bin/../../lib/gcc/pic32mx/4.8.3/../../../../pic32mx/lib/size/no-float\libpic32.a(default-on-bootstrap.o)
 .debug_frame   0x00000278       0x20 c:/program files (x86)/microchip/xc32/v1.40/bin/bin/../../lib/gcc/pic32mx/4.8.3/../../../../pic32mx/lib/size/no-float\libpic32.a(defaultinterrupt.o)
 .debug_frame   0x00000298       0x38 c:/program files (x86)/microchip/xc32/v1.40/bin/bin/../../lib/gcc/pic32mx/4.8.3/../../../../pic32mx/lib/size/no-float\libc.a(itoa.o)
 .debug_frame   0x000002d0       0x68 c:/program files (x86)/microchip/xc32/v1.40/bin/bin/../../lib/gcc/pic32mx/4.8.3/../../../../pic32mx/lib/size/no-float\libc.a(malloc.o)
 .debug_frame   0x00000338       0x94 c:/program files (x86)/microchip/xc32/v1.40/bin/bin/../../lib/gcc/pic32mx/4.8.3/../../../../pic32mx/lib/size/no-float\libpic32.a(sbrk.o)

.debug_str      0x00000000        0x0
 *(.debug_str)
 .debug_str     0x00000000        0x0 ..\libsys.X\dist\default\production\libsys.X.a(get_pbclk.o)
 .debug_str     0x00000000        0x0 ..\libsys.X\dist\default\production\libsys.X.a(get_sysclk.o)
 .debug_str     0x00000000        0x0 ..\libsys.X\dist\default\production\libsys.X.a(delay_micros.o)
 .debug_str     0x00000000        0x0 ..\libsys.X\dist\default\production\libsys.X.a(delay_millis.o)
 .debug_str     0x00000000        0x0 ..\libsys.X\dist\default\production\libsys.X.a(get_perf.o)
 .debug_str     0x00000000        0x0 ..\libuart.X\dist\default\production\libuart.X.a(begin.o)
 .debug_str     0x00000000        0x0 ..\libuart.X\dist\default\production\libuart.X.a(getc.o)
 .debug_str     0x00000000        0x0 ..\libuart.X\dist\default\production\libuart.X.a(gets.o)
 .debug_str     0x00000000        0x0 ..\libuart.X\dist\default\production\libuart.X.a(puts.o)
 .debug_str     0x00000000        0x0 ..\libuart.X\dist\default\production\libuart.X.a(available.o)
 .debug_str     0x00000000        0x0 ..\libuart.X\dist\default\production\libuart.X.a(putc.o)
 .debug_str     0x00000000        0x0 c:/program files (x86)/microchip/xc32/v1.40/bin/bin/../../lib/gcc/pic32mx/4.8.3/../../../../pic32mx/lib/size/no-float\libpic32.a(default-bootstrap-exception-handler.o)
 .debug_str     0x00000000        0x0 c:/program files (x86)/microchip/xc32/v1.40/bin/bin/../../lib/gcc/pic32mx/4.8.3/../../../../pic32mx/lib/size/no-float\libpic32.a(default-on-reset.o)
 .debug_str     0x00000000        0x0 c:/program files (x86)/microchip/xc32/v1.40/bin/bin/../../lib/gcc/pic32mx/4.8.3/../../../../pic32mx/lib/size/no-float\libpic32.a(default-on-bootstrap.o)
 .debug_str     0x00000000        0x0 c:/program files (x86)/microchip/xc32/v1.40/bin/bin/../../lib/gcc/pic32mx/4.8.3/../../../../pic32mx/lib/size/no-float\libpic32.a(defaultinterrupt.o)
 .debug_str     0x00000000        0x0 c:/program files (x86)/microchip/xc32/v1.40/bin/bin/../../lib/gcc/pic32mx/4.8.3/../../../../pic32mx/lib/size/no-float\libc.a(itoa.o)
 .debug_str     0x00000000        0x0 c:/program files (x86)/microchip/xc32/v1.40/bin/bin/../../lib/gcc/pic32mx/4.8.3/../../../../pic32mx/lib/size/no-float\libc.a(malloc.o)
 .debug_str     0x00000000        0x0 c:/program files (x86)/microchip/xc32/v1.40/bin/bin/../../lib/gcc/pic32mx/4.8.3/../../../../pic32mx/lib/size/no-float\libpic32.a(sbrk.o)
 .debug_str     0x00000000        0x0 c:/program files (x86)/microchip/xc32/v1.40/bin/bin/../../lib/gcc/pic32mx/4.8.3/../../../../pic32mx/lib/size/no-float\libpic32.a(errno.o)

.debug_loc
 *(.debug_loc)

.debug_macinfo
 *(.debug_macinfo)

.debug_weaknames
 *(.debug_weaknames)

.debug_funcnames
 *(.debug_funcnames)

.debug_typenames
 *(.debug_typenames)

.debug_varnames
 *(.debug_varnames)

.debug_pubtypes
 *(.debug_pubtypes)

.debug_ranges   0x00000000       0xa8
 *(.debug_ranges)
 .debug_ranges  0x00000000       0x10 c:/program files (x86)/microchip/xc32/v1.40/bin/bin/../../lib/gcc/pic32mx/4.8.3/../../../../pic32mx/lib/size/no-float\libpic32.a(default-bootstrap-exception-handler.o)
 .debug_ranges  0x00000010       0x10 c:/program files (x86)/microchip/xc32/v1.40/bin/bin/../../lib/gcc/pic32mx/4.8.3/../../../../pic32mx/lib/size/no-float\libpic32.a(default-on-reset.o)
 .debug_ranges  0x00000020       0x10 c:/program files (x86)/microchip/xc32/v1.40/bin/bin/../../lib/gcc/pic32mx/4.8.3/../../../../pic32mx/lib/size/no-float\libpic32.a(default-on-bootstrap.o)
 .debug_ranges  0x00000030       0x10 c:/program files (x86)/microchip/xc32/v1.40/bin/bin/../../lib/gcc/pic32mx/4.8.3/../../../../pic32mx/lib/size/no-float\libpic32.a(defaultinterrupt.o)
 .debug_ranges  0x00000040       0x18 c:/program files (x86)/microchip/xc32/v1.40/bin/bin/../../lib/gcc/pic32mx/4.8.3/../../../../pic32mx/lib/size/no-float\libc.a(itoa.o)
 .debug_ranges  0x00000058       0x20 c:/program files (x86)/microchip/xc32/v1.40/bin/bin/../../lib/gcc/pic32mx/4.8.3/../../../../pic32mx/lib/size/no-float\libc.a(malloc.o)
 .debug_ranges  0x00000078       0x30 c:/program files (x86)/microchip/xc32/v1.40/bin/bin/../../lib/gcc/pic32mx/4.8.3/../../../../pic32mx/lib/size/no-float\libpic32.a(sbrk.o)

.gnu.attributes
                0x00000000       0x10
 *(.gnu.attributes)
 .gnu.attributes
                0x00000000       0x10 build/default/production/crash_clock.o
 .gnu.attributes
                0x00000010       0x10 build/default/production/toggle_lcd.o
 .gnu.attributes
                0x00000020       0x10 build/default/production/reset_clock.o
 .gnu.attributes
                0x00000030       0x10 build/default/production/pixel_hello.o
 .gnu.attributes
                0x00000040       0x10 build/default/production/say_hello.o
 .gnu.attributes
                0x00000050       0x10 build/default/production/main.o
 .gnu.attributes
                0x00000060       0x10 build/default/production/init.o
 .gnu.attributes
                0x00000070       0x10 build/default/production/conf.o
 .gnu.attributes
                0x00000080       0x10 build/default/production/menu.o
 .gnu.attributes
                0x00000090       0x10 build/default/production/clock.o
 .gnu.attributes
                0x000000a0       0x10 build/default/production/bcd.o
 .gnu.attributes
                0x000000b0       0x10 build/default/production/exception.o
 .gnu.attributes
                0x000000c0       0x10 build/default/production/dow.o
 .gnu.attributes
                0x000000d0       0x10 ..\liblcd.X\dist\default\production\liblcd.X.a(blink.o)
 .gnu.attributes
                0x000000e0       0x10 ..\liblcd.X\dist\default\production\liblcd.X.a(command.o)
 .gnu.attributes
                0x000000f0       0x10 ..\liblcd.X\dist\default\production\liblcd.X.a(display.o)
 .gnu.attributes
                0x00000100       0x10 ..\liblcd.X\dist\default\production\liblcd.X.a(light.o)
 .gnu.attributes
                0x00000110       0x10 ..\liblcd.X\dist\default\production\liblcd.X.a(clear.o)
 .gnu.attributes
                0x00000120       0x10 ..\liblcd.X\dist\default\production\liblcd.X.a(cursor.o)
 .gnu.attributes
                0x00000130       0x10 ..\liblcd.X\dist\default\production\liblcd.X.a(send.o)
 .gnu.attributes
                0x00000140       0x10 ..\liblcd.X\dist\default\production\liblcd.X.a(move.o)
 .gnu.attributes
                0x00000150       0x10 ..\liblcd.X\dist\default\production\liblcd.X.a(pulse.o)
 .gnu.attributes
                0x00000160       0x10 ..\liblcd.X\dist\default\production\liblcd.X.a(new.o)
 .gnu.attributes
                0x00000170       0x10 ..\liblcd.X\dist\default\production\liblcd.X.a(puts.o)
 .gnu.attributes
                0x00000180       0x10 ..\liblcd.X\dist\default\production\liblcd.X.a(putn.o)
 .gnu.attributes
                0x00000190       0x10 ..\liblcd.X\dist\default\production\liblcd.X.a(putc.o)
 .gnu.attributes
                0x000001a0       0x10 ..\libsys.X\dist\default\production\libsys.X.a(get_pbclk.o)
 .gnu.attributes
                0x000001b0       0x10 ..\libsys.X\dist\default\production\libsys.X.a(get_sysclk.o)
 .gnu.attributes
                0x000001c0       0x10 ..\libsys.X\dist\default\production\libsys.X.a(delay_micros.o)
 .gnu.attributes
                0x000001d0       0x10 ..\libsys.X\dist\default\production\libsys.X.a(delay_millis.o)
 .gnu.attributes
                0x000001e0       0x10 ..\libsys.X\dist\default\production\libsys.X.a(get_perf.o)
 .gnu.attributes
                0x000001f0       0x10 ..\libpixel.X\dist\default\production\libpixel.X.a(show.o)
 .gnu.attributes
                0x00000200       0x10 ..\libpixel.X\dist\default\production\libpixel.X.a(set.o)
 .gnu.attributes
                0x00000210       0x10 ..\libpixel.X\dist\default\production\libpixel.X.a(clear.o)
 .gnu.attributes
                0x00000220       0x10 ..\libpixel.X\dist\default\production\libpixel.X.a(new.o)
 .gnu.attributes
                0x00000230       0x10 ..\libpixel.X\dist\default\production\libpixel.X.a(brightness.o)
 .gnu.attributes
                0x00000240       0x10 ..\libuart.X\dist\default\production\libuart.X.a(begin.o)
 .gnu.attributes
                0x00000250       0x10 ..\libuart.X\dist\default\production\libuart.X.a(getc.o)
 .gnu.attributes
                0x00000260       0x10 ..\libuart.X\dist\default\production\libuart.X.a(gets.o)
 .gnu.attributes
                0x00000270       0x10 ..\libuart.X\dist\default\production\libuart.X.a(puts.o)
 .gnu.attributes
                0x00000280       0x10 ..\libuart.X\dist\default\production\libuart.X.a(available.o)
 .gnu.attributes
                0x00000290       0x10 ..\libuart.X\dist\default\production\libuart.X.a(putc.o)
LOAD c:/program files (x86)/microchip/xc32/v1.40/bin/bin/../../lib/gcc/pic32mx/4.8.3/size/no-float\libgcc.a
START GROUP
LOAD c:/program files (x86)/microchip/xc32/v1.40/bin/bin/../../lib/gcc/pic32mx/4.8.3/../../../../pic32mx/lib/size/no-float\libpic32.a
LOAD c:/program files (x86)/microchip/xc32/v1.40/bin/bin/../../lib/gcc/pic32mx/4.8.3/../../../../pic32mx/lib/size/no-float\libdebug.a
LOAD c:/program files (x86)/microchip/xc32/v1.40/bin/bin/../../lib/gcc/pic32mx/4.8.3/../../../../pic32mx/lib/size/no-float\libpic32.a
LOAD c:/program files (x86)/microchip/xc32/v1.40/bin/bin/../../lib/gcc/pic32mx/4.8.3/../../../../pic32mx/lib/size/no-float\libm.a
LOAD c:/program files (x86)/microchip/xc32/v1.40/bin/bin/../../lib/gcc/pic32mx/4.8.3/../../../../pic32mx/lib/size/no-float\libe.a
LOAD c:/program files (x86)/microchip/xc32/v1.40/bin/bin/../../lib/gcc/pic32mx/4.8.3/../../../../pic32mx/lib/size/no-float\libdsp.a
LOAD c:/program files (x86)/microchip/xc32/v1.40/bin/bin/../../lib/gcc/pic32mx/4.8.3/size/no-float\libgcc.a
LOAD c:/program files (x86)/microchip/xc32/v1.40/bin/bin/../../lib/gcc/pic32mx/4.8.3/../../../../pic32mx/lib/size/no-float\libc.a
LOAD c:/program files (x86)/microchip/xc32/v1.40/bin/bin/../../lib/gcc/pic32mx/4.8.3/../../../../pic32mx/lib/size/no-float\libpic32.a
END GROUP
LOAD c:/program files (x86)/microchip/xc32/v1.40/bin/bin/../../lib/gcc/pic32mx/4.8.3/size/no-float\libgcc.a
OUTPUT(dist/default/production/RainbowClock.X.production.elf elf32-tradlittlemips)
LOAD stack
LOAD data_init

.reginfo        0x00000000       0x18
 .reginfo       0x00000000       0x18 c:/program files (x86)/microchip/xc32/v1.40/bin/bin/../../lib/gcc/pic32mx/4.8.3/../../../../pic32mx/lib/./proc/32MX170F256D/crt0_mips32r2.o

.stack          0xa0001278      0x400
 .stack         0xa0001278      0x400 stack

.data           0xa00000c8      0x12c
 .data          0xa00000c8       0x60 ..\libsys.X\dist\default\production\libsys.X.a(get_sysclk.o)
                0xa00000e8                _pllodiv
 .data          0xa0000128       0x50 build/default/production/exception.o
                0xa0000128                errors
 .data          0xa0000178       0x4c build/default/production/menu.o
                0xa0000178                months
                0xa00001a8                days
 .data          0xa00001c4       0x30 build/default/production/dow.o

.bss            0xa00001f4       0x24
 .bss           0xa00001f4       0x24 c:/program files (x86)/microchip/xc32/v1.40/bin/bin/../../lib/gcc/pic32mx/4.8.3/../../../../pic32mx/lib/size/no-float\libpic32.a(sbrk.o)
                0xa00001f4                _minbrk
                0xa00001f8                _maxbrk

.data           0xa0000218       0x20
 .data          0xa0000218       0x20 build/default/production/clock.o
                0xa0000218                color

.bss            0xa0000238       0x24
 .bss           0xa0000238       0x20 c:/program files (x86)/microchip/xc32/v1.40/bin/bin/../../lib/gcc/pic32mx/4.8.3/../../../../pic32mx/lib/size/no-float\libc.a(malloc.o)
                0xa0000238                __allocs
                0xa0000248                __allocp
                0xa000024c                __alloct
                0xa0000250                __allocx
 .bss           0xa0000258        0x4 c:/program files (x86)/microchip/xc32/v1.40/bin/bin/../../lib/gcc/pic32mx/4.8.3/../../../../pic32mx/lib/size/no-float\libpic32.a(errno.o)
                0xa0000258                errno

._debug_exception
                0xbfc00480       0x2c
 ._debug_exception
                0xbfc00480       0x2c c:/program files (x86)/microchip/xc32/v1.40/bin/bin/../../lib/gcc/pic32mx/4.8.3/../../../../pic32mx/lib/size/no-float\debug-exception-return.o
                0xbfc00480                __DbgExecReturn

.text.initialize_menu_tree
                0x9d000000      0xd24
 .text.initialize_menu_tree
                0x9d000000      0xd24 build/default/production/init.o

.text.refresh_clock
                0x9d000d24      0x7f0
 .text.refresh_clock
                0x9d000d24      0x7f0 build/default/production/clock.o

.text.update_clock
                0x9d001514      0x408
 .text.update_clock
                0x9d001514      0x408 build/default/production/clock.o
                0x9d001514                update_clock

.text.encoder_prev
                0x9d00191c      0x36c
 .text.encoder_prev
                0x9d00191c      0x36c build/default/production/main.o
                0x9d00191c                encoder_prev

.text.encoder_next
                0x9d001c88      0x358
 .text.encoder_next
                0x9d001c88      0x358 build/default/production/main.o
                0x9d001c88                encoder_next

.dinit          0x9d001fe0      0x330
 .dinit         0x9d001fe0      0x330 data_init

.rodata         0x9d002310      0x2c0
 .rodata        0x9d002310      0x2c0 build/default/production/init.o

.text.poll_command
                0x9d0025d0      0x280
 .text.poll_command
                0x9d0025d0      0x280 build/default/production/main.o

.text.button_enter
                0x9d002850      0x268
 .text.button_enter
                0x9d002850      0x268 build/default/production/main.o
                0x9d002850                button_enter

.text.button_cancel
                0x9d002ab8      0x254
 .text.button_cancel
                0x9d002ab8      0x254 build/default/production/main.o
                0x9d002ab8                button_cancel

.text.menu_new_item
                0x9d002d0c      0x244
 .text.menu_new_item
                0x9d002d0c      0x244 build/default/production/menu.o
                0x9d002d0c                menu_new_item

.text.malloc    0x9d002f50      0x240
 .text.malloc   0x9d002f50      0x240 c:/program files (x86)/microchip/xc32/v1.40/bin/bin/../../lib/gcc/pic32mx/4.8.3/../../../../pic32mx/lib/size/no-float\libc.a(malloc.o)
                0x9d002f50                malloc

.text.display_long_time
                0x9d003190      0x1fc
 .text.display_long_time
                0x9d003190      0x1fc build/default/production/menu.o

.text.liblcd_send
                0x9d00338c      0x1fc
 .text.liblcd_send
                0x9d00338c      0x1fc ..\liblcd.X\dist\default\production\liblcd.X.a(send.o)
                0x9d00338c                liblcd_send

.text           0x9d003588      0x1ac
 .text          0x9d003588      0x1ac ..\libsys.X\dist\default\production\libsys.X.a(get_sysclk.o)
                0x9d003588                libsys_get_sysclk

.text.initialize_interrupts
                0x9d003734      0x1a0
 .text.initialize_interrupts
                0x9d003734      0x1a0 build/default/production/init.o

.text.display_short_time
                0x9d0038d4      0x198
 .text.display_short_time
                0x9d0038d4      0x198 build/default/production/menu.o

.text.draw_template_vertical
                0x9d003a6c      0x198
 .text.draw_template_vertical
                0x9d003a6c      0x198 build/default/production/menu.o

.text._general_exception_context
                0x9d003c04      0x180
 .text._general_exception_context
                0x9d003c04      0x180 build/default/production/exception.o
                0x9d003c04                _general_exception_context

.text.draw_template_horizontal
                0x9d003d84      0x17c
 .text.draw_template_horizontal
                0x9d003d84      0x17c build/default/production/menu.o

.text.liblcd_putn
                0x9d003f00      0x174
 .text.liblcd_putn
                0x9d003f00      0x174 ..\liblcd.X\dist\default\production\liblcd.X.a(putn.o)
                0x9d003f00                liblcd_putn

.text.libpixel_brightness
                0x9d004074      0x174
 .text.libpixel_brightness
                0x9d004074      0x174 ..\libpixel.X\dist\default\production\libpixel.X.a(brightness.o)
                0x9d004074                libpixel_brightness

.text           0x9d0041e8      0x2d0
 .text          0x9d0041e8      0x168 c:/program files (x86)/microchip/xc32/v1.40/bin/bin/../../lib/gcc/pic32mx/4.8.3/../../../../pic32mx/lib/size/no-float\libpic32.a(memcpy.o)
                0x9d0041e8                memcpy
 .text          0x9d004350      0x168 c:/program files (x86)/microchip/xc32/v1.40/bin/bin/../../lib/gcc/pic32mx/4.8.3/../../../../pic32mx/lib/size/no-float\libpic32.a(strlen.o)
                0x9d004350                strlen

.text._sbrk_init
                0x9d0044b8      0x158
 .text._sbrk_init
                0x9d0044b8      0x158 c:/program files (x86)/microchip/xc32/v1.40/bin/bin/../../lib/gcc/pic32mx/4.8.3/../../../../pic32mx/lib/size/no-float\libpic32.a(sbrk.o)
                0x9d0044b8                _sbrk_init

.text           0x9d004610      0x150
 .text          0x9d004610      0x150 ..\libuart.X\dist\default\production\libuart.X.a(gets.o)
                0x9d004610                libuart_gets

.text.liblcd_new
                0x9d004760      0x140
 .text.liblcd_new
                0x9d004760      0x140 ..\liblcd.X\dist\default\production\liblcd.X.a(new.o)
                0x9d004760                liblcd_new

.rodata         0x9d0048a0      0x120
 .rodata        0x9d0048a0      0x120 build/default/production/exception.o

.text.draw_markers
                0x9d0049c0      0x11c
 .text.draw_markers
                0x9d0049c0      0x11c build/default/production/clock.o

.text.draw_template_edit
                0x9d004adc      0x118
 .text.draw_template_edit
                0x9d004adc      0x118 build/default/production/menu.o

.text.initialize_devices
                0x9d004bf4      0x114
 .text.initialize_devices
                0x9d004bf4      0x114 build/default/production/init.o

.text.menu_update
                0x9d004d08      0x110
 .text.menu_update
                0x9d004d08      0x110 build/default/production/menu.o
                0x9d004d08                menu_update

.text.pixel_hello
                0x9d004e18      0x10c
 .text.pixel_hello
                0x9d004e18      0x10c build/default/production/pixel_hello.o
                0x9d004e18                pixel_hello

.text.libpixel_new
                0x9d004f24      0x104
 .text.libpixel_new
                0x9d004f24      0x104 ..\libpixel.X\dist\default\production\libpixel.X.a(new.o)
                0x9d004f24                libpixel_new

.text.tondering_day_of_week
                0x9d005028       0xf8
 .text.tondering_day_of_week
                0x9d005028       0xf8 build/default/production/dow.o
                0x9d005028                tondering_day_of_week

.text.long_month
                0x9d005120       0xe8
 .text.long_month
                0x9d005120       0xe8 build/default/production/clock.o

.text.liblcd_putc
                0x9d005208       0xe4
 .text.liblcd_putc
                0x9d005208       0xe4 ..\liblcd.X\dist\default\production\liblcd.X.a(putc.o)
                0x9d005208                liblcd_putc

.text.liblcd_puts
                0x9d0052ec       0xe0
 .text.liblcd_puts
                0x9d0052ec       0xe0 ..\liblcd.X\dist\default\production\liblcd.X.a(puts.o)
                0x9d0052ec                liblcd_puts

.text           0x9d0053cc       0xe0
 .text          0x9d0053cc       0xe0 ..\libuart.X\dist\default\production\libuart.X.a(begin.o)
                0x9d0053cc                libuart_begin

.rodata         0x9d0054ac       0xd8
 .rodata        0x9d0054ac       0xd8 build/default/production/menu.o

.text.draw_template_nomem
                0x9d005584       0xd0
 .text.draw_template_nomem
                0x9d005584       0xd0 build/default/production/menu.o

.text.menu_add_item
                0x9d005654       0xd0
 .text.menu_add_item
                0x9d005654       0xd0 build/default/production/menu.o
                0x9d005654                menu_add_item

.text.liblcd_move
                0x9d005724       0xc4
 .text.liblcd_move
                0x9d005724       0xc4 ..\liblcd.X\dist\default\production\liblcd.X.a(move.o)
                0x9d005724                liblcd_move

.text           0x9d0057e8       0xb8
 .text          0x9d0057e8       0xb8 ..\libsys.X\dist\default\production\libsys.X.a(delay_micros.o)
                0x9d0057e8                libsys_delay_micros

.text.initialize_system
                0x9d0058a0       0xb0
 .text.initialize_system
                0x9d0058a0       0xb0 build/default/production/init.o
                0x9d0058a0                initialize_system

.text._sbrk     0x9d005950       0xb0
 .text._sbrk    0x9d005950       0xb0 c:/program files (x86)/microchip/xc32/v1.40/bin/bin/../../lib/gcc/pic32mx/4.8.3/../../../../pic32mx/lib/size/no-float\libpic32.a(sbrk.o)
                0x9d005950                _sbrk

.text.initialize_timers
                0x9d005a00       0xac
 .text.initialize_timers
                0x9d005a00       0xac build/default/production/init.o

.text.initialize_ports
                0x9d005aac       0xa8
 .text.initialize_ports
                0x9d005aac       0xa8 build/default/production/init.o

.text.draw_template_text
                0x9d005b54       0xa8
 .text.draw_template_text
                0x9d005b54       0xa8 build/default/production/menu.o

.text           0x9d005bfc      0x144
 .text          0x9d005bfc       0xa8 c:/program files (x86)/microchip/xc32/v1.40/bin/bin/../../lib/gcc/pic32mx/4.8.3/../../../../pic32mx/lib/size/no-float\libpic32.a(memset.o)
                0x9d005bfc                memset
 .text          0x9d005ca4       0x9c ..\libuart.X\dist\default\production\libuart.X.a(puts.o)
                0x9d005ca4                libuart_puts

.text.liblcd_blink
                0x9d005d40       0x98
 .text.liblcd_blink
                0x9d005d40       0x98 ..\liblcd.X\dist\default\production\liblcd.X.a(blink.o)
                0x9d005d40                liblcd_blink

.text.liblcd_display
                0x9d005dd8       0x98
 .text.liblcd_display
                0x9d005dd8       0x98 ..\liblcd.X\dist\default\production\liblcd.X.a(display.o)
                0x9d005dd8                liblcd_display

.text.liblcd_cursor
                0x9d005e70       0x98
 .text.liblcd_cursor
                0x9d005e70       0x98 ..\liblcd.X\dist\default\production\liblcd.X.a(cursor.o)
                0x9d005e70                liblcd_cursor

.text.menu_new  0x9d005f08       0x94
 .text.menu_new
                0x9d005f08       0x94 build/default/production/menu.o
                0x9d005f08                menu_new

.text.libpixel_show
                0x9d005f9c       0x90
 .text.libpixel_show
                0x9d005f9c       0x90 ..\libpixel.X\dist\default\production\libpixel.X.a(show.o)
                0x9d005f9c                libpixel_show

.text           0x9d00602c       0x80
 .text          0x9d00602c       0x80 ..\libuart.X\dist\default\production\libuart.X.a(getc.o)
                0x9d00602c                libuart_getc

.text.sample_brightness
                0x9d0060ac       0x7c
 .text.sample_brightness
                0x9d0060ac       0x7c build/default/production/clock.o

.text.liblcd_pulse
                0x9d006128       0x74
 .text.liblcd_pulse
                0x9d006128       0x74 ..\liblcd.X\dist\default\production\liblcd.X.a(pulse.o)
                0x9d006128                liblcd_pulse

.text           0x9d00619c       0xe4
 .text          0x9d00619c       0x74 ..\libuart.X\dist\default\production\libuart.X.a(putc.o)
                0x9d00619c                libuart_putc
 .text          0x9d006210       0x70 ..\libuart.X\dist\default\production\libuart.X.a(available.o)
                0x9d006210                libuart_available

.text.liblcd_command
                0x9d006280       0x6c
 .text.liblcd_command
                0x9d006280       0x6c ..\liblcd.X\dist\default\production\liblcd.X.a(command.o)
                0x9d006280                liblcd_command

.text.write_bit
                0x9d0062ec      0x144
 .text.write_bit
                0x9d0062ec       0x6c ..\liblcd.X\dist\default\production\liblcd.X.a(light.o)
 .text.write_bit
                0x9d006358       0x6c ..\liblcd.X\dist\default\production\liblcd.X.a(send.o)
 .text.write_bit
                0x9d0063c4       0x6c ..\liblcd.X\dist\default\production\liblcd.X.a(pulse.o)

.text           0x9d006430       0x68
 .text          0x9d006430       0x68 ..\libsys.X\dist\default\production\libsys.X.a(get_pbclk.o)
                0x9d006430                libsys_get_pbclk

.text.libpixel_set
                0x9d006498       0x68
 .text.libpixel_set
                0x9d006498       0x68 ..\libpixel.X\dist\default\production\libpixel.X.a(set.o)
                0x9d006498                libpixel_set

.text.utoa      0x9d006500       0x68
 .text.utoa     0x9d006500       0x68 c:/program files (x86)/microchip/xc32/v1.40/bin/bin/../../lib/gcc/pic32mx/4.8.3/../../../../pic32mx/lib/size/no-float\libc.a(itoa.o)
                0x9d006500                utoa

.text.processing_queue
                0x9d006568       0x5c
 .text.processing_queue
                0x9d006568       0x5c build/default/production/main.o

.text.main_entry
                0x9d0065c4       0x54
 .text.main_entry
                0x9d0065c4       0x54 c:/program files (x86)/microchip/xc32/v1.40/bin/bin/../../lib/gcc/pic32mx/4.8.3/../../../../pic32mx/lib/./proc/32MX170F256D/crt0_mips32r2.o
                0x9d0065f8                __crt0_exit

.text           0x9d006618       0x54
 .text          0x9d006618       0x54 ..\libsys.X\dist\default\production\libsys.X.a(delay_millis.o)
                0x9d006618                libsys_delay_millis

.text.libpixel_clear
                0x9d00666c       0x54
 .text.libpixel_clear
                0x9d00666c       0x54 ..\libpixel.X\dist\default\production\libpixel.X.a(clear.o)
                0x9d00666c                libpixel_clear

.text.toggle_lcd
                0x9d0066c0       0x50
 .text.toggle_lcd
                0x9d0066c0       0x50 build/default/production/toggle_lcd.o
                0x9d0066c0                toggle_lcd

.text.reset_clock
                0x9d006710       0x50
 .text.reset_clock
                0x9d006710       0x50 build/default/production/reset_clock.o
                0x9d006710                reset_clock

.text.liblcd_light
                0x9d006760       0x50
 .text.liblcd_light
                0x9d006760       0x50 ..\liblcd.X\dist\default\production\liblcd.X.a(light.o)
                0x9d006760                liblcd_light

.text.liblcd_clear
                0x9d0067b0       0x50
 .text.liblcd_clear
                0x9d0067b0       0x50 ..\liblcd.X\dist\default\production\liblcd.X.a(clear.o)
                0x9d0067b0                liblcd_clear

.text.sbrk      0x9d006800       0x50
 .text.sbrk     0x9d006800       0x50 c:/program files (x86)/microchip/xc32/v1.40/bin/bin/../../lib/gcc/pic32mx/4.8.3/../../../../pic32mx/lib/size/no-float\libpic32.a(sbrk.o)
                0x9d006800                sbrk

.text._bootstrap_exception_handler
                0x9d006850       0x48
 .text._bootstrap_exception_handler
                0x9d006850       0x48 c:/program files (x86)/microchip/xc32/v1.40/bin/bin/../../lib/gcc/pic32mx/4.8.3/../../../../pic32mx/lib/size/no-float\libpic32.a(default-bootstrap-exception-handler.o)
                0x9d006850                _bootstrap_exception_handler

.vector_default
                0x9d006898       0x48
 .vector_default
                0x9d006898       0x48 c:/program files (x86)/microchip/xc32/v1.40/bin/bin/../../lib/gcc/pic32mx/4.8.3/../../../../pic32mx/lib/size/no-float\libpic32.a(defaultinterrupt.o)
                0x9d006898                _DefaultInterrupt

.text           0x9d0068e0       0x44
 .text          0x9d0068e0       0x44 c:/program files (x86)/microchip/xc32/v1.40/bin/bin/../../lib/gcc/pic32mx/4.8.3/../../../../pic32mx/lib/size/no-float\pic32_software_reset.o
                0x9d0068e0                __pic32_software_reset

.text.main      0x9d006924       0x40
 .text.main     0x9d006924       0x40 build/default/production/main.o
                0x9d006924                main

.text.say_hello
                0x9d006964       0x3c
 .text.say_hello
                0x9d006964       0x3c build/default/production/say_hello.o
                0x9d006964                say_hello

.text.draw_template_main
                0x9d0069a0       0x38
 .text.draw_template_main
                0x9d0069a0       0x38 build/default/production/menu.o

.text.free      0x9d0069d8       0x30
 .text.free     0x9d0069d8       0x30 c:/program files (x86)/microchip/xc32/v1.40/bin/bin/../../lib/gcc/pic32mx/4.8.3/../../../../pic32mx/lib/size/no-float\libc.a(malloc.o)
                0x9d0069d8                free

.text._stub_sbd_memlayout
                0x9d006a08       0x2c
 .text._stub_sbd_memlayout
                0x9d006a08       0x2c c:/program files (x86)/microchip/xc32/v1.40/bin/bin/../../lib/gcc/pic32mx/4.8.3/../../../../pic32mx/lib/size/no-float\libpic32.a(sbrk.o)
                0x9d006a08                _sbd_memlayout
                0x9d006a08                _stub_sbd_memlayout

.text.crash_clock
                0x9d006a34       0x28
 .text.crash_clock
                0x9d006a34       0x28 build/default/production/crash_clock.o
                0x9d006a34                crash_clock

.text           0x9d006a5c       0x40
 .text          0x9d006a5c       0x28 ..\libsys.X\dist\default\production\libsys.X.a(get_perf.o)
                0x9d006a5c                libsys_get_perf
 .text          0x9d006a84       0x18 c:/program files (x86)/microchip/xc32/v1.40/bin/bin/../../lib/gcc/pic32mx/4.8.3/../../../../pic32mx/lib/size/no-float\libpic32.a(default-nmi-handler.o)
                0x9d006a84                _nmi_handler

.rodata         0x9d006a9c       0x2c
 .rodata        0x9d006a9c       0x14 ..\liblcd.X\dist\default\production\liblcd.X.a(putn.o)
 .rodata        0x9d006ab0        0x8 build/default/production/say_hello.o
 .rodata        0x9d006ab8        0x8 build/default/production/main.o
 .rodata        0x9d006ac0        0x8 ..\liblcd.X\dist\default\production\liblcd.X.a(move.o)

.text._on_reset
                0x9d006ac8        0x8
 .text._on_reset
                0x9d006ac8        0x8 c:/program files (x86)/microchip/xc32/v1.40/bin/bin/../../lib/gcc/pic32mx/4.8.3/../../../../pic32mx/lib/size/no-float\libpic32.a(default-on-reset.o)
                0x9d006ac8                _on_reset

.text._on_bootstrap
                0x9d006ad0        0x8
 .text._on_bootstrap
                0x9d006ad0        0x8 c:/program files (x86)/microchip/xc32/v1.40/bin/bin/../../lib/gcc/pic32mx/4.8.3/../../../../pic32mx/lib/size/no-float\libpic32.a(default-on-bootstrap.o)
                0x9d006ad0                _on_bootstrap