Archive member included because of file (symbol)

..\liblcd.X\dist\default\debug\liblcd.X.a(blink.o)
                              build/default/debug/main.o (liblcd_blink)
..\liblcd.X\dist\default\debug\liblcd.X.a(command.o)
                              ..\liblcd.X\dist\default\debug\liblcd.X.a(blink.o) (liblcd_command)
..\liblcd.X\dist\default\debug\liblcd.X.a(display.o)
                              build/default/debug/init.o (liblcd_display)
..\liblcd.X\dist\default\debug\liblcd.X.a(light.o)
                              build/default/debug/init.o (liblcd_light)
..\liblcd.X\dist\default\debug\liblcd.X.a(clear.o)
                              build/default/debug/menu.o (liblcd_clear)
..\liblcd.X\dist\default\debug\liblcd.X.a(cursor.o)
                              build/default/debug/main.o (liblcd_cursor)
..\liblcd.X\dist\default\debug\liblcd.X.a(send.o)
                              ..\liblcd.X\dist\default\debug\liblcd.X.a(command.o) (liblcd_send)
..\liblcd.X\dist\default\debug\liblcd.X.a(move.o)
                              build/default/debug/menu.o (liblcd_move)
..\liblcd.X\dist\default\debug\liblcd.X.a(pulse.o)
                              ..\liblcd.X\dist\default\debug\liblcd.X.a(send.o) (liblcd_pulse)
..\liblcd.X\dist\default\debug\liblcd.X.a(new.o)
                              build/default/debug/init.o (liblcd_new)
..\liblcd.X\dist\default\debug\liblcd.X.a(puts.o)
                              build/default/debug/menu.o (liblcd_puts)
..\liblcd.X\dist\default\debug\liblcd.X.a(putn.o)
                              build/default/debug/menu.o (liblcd_putn)
..\liblcd.X\dist\default\debug\liblcd.X.a(putc.o)
                              build/default/debug/menu.o (liblcd_putc)
..\libsys.X\dist\default\debug\libsys.X.a(get_pbclk.o)
                              build/default/debug/init.o (libsys_get_pbclk)
..\libsys.X\dist\default\debug\libsys.X.a(get_sysclk.o)
                              ..\libsys.X\dist\default\debug\libsys.X.a(get_pbclk.o) (_pllodiv)
..\libsys.X\dist\default\debug\libsys.X.a(delay_micros.o)
                              build/default/debug/init.o (libsys_delay_micros)
..\libsys.X\dist\default\debug\libsys.X.a(delay_millis.o)
                              build/default/debug/pixel_hello.o (libsys_delay_millis)
..\libsys.X\dist\default\debug\libsys.X.a(get_perf.o)
                              ..\libsys.X\dist\default\debug\libsys.X.a(delay_micros.o) (libsys_get_perf)
..\libpixel.X\dist\default\debug\libpixel.X.a(show.o)
                              build/default/debug/pixel_hello.o (libpixel_show)
..\libpixel.X\dist\default\debug\libpixel.X.a(set.o)
                              build/default/debug/pixel_hello.o (libpixel_set)
..\libpixel.X\dist\default\debug\libpixel.X.a(clear.o)
                              build/default/debug/clock.o (libpixel_clear)
..\libpixel.X\dist\default\debug\libpixel.X.a(new.o)
                              build/default/debug/init.o (libpixel_new)
..\libpixel.X\dist\default\debug\libpixel.X.a(brightness.o)
                              build/default/debug/clock.o (libpixel_brightness)
..\libuart.X\dist\default\debug\libuart.X.a(begin.o)
                              build/default/debug/init.o (libuart_begin)
..\libuart.X\dist\default\debug\libuart.X.a(getc.o)
                              build/default/debug/main.o (libuart_getc)
..\libuart.X\dist\default\debug\libuart.X.a(gets.o)
                              build/default/debug/main.o (libuart_gets)
..\libuart.X\dist\default\debug\libuart.X.a(puts.o)
                              build/default/debug/say_hello.o (libuart_puts)
..\libuart.X\dist\default\debug\libuart.X.a(available.o)
                              ..\libuart.X\dist\default\debug\libuart.X.a(getc.o) (libuart_available)
..\libuart.X\dist\default\debug\libuart.X.a(putc.o)
                              ..\libuart.X\dist\default\debug\libuart.X.a(puts.o) (libuart_putc)
c:/program files (x86)/microchip/xc32/v1.34/bin/bin/../../lib/gcc/pic32mx/4.5.2/../../../../pic32mx/lib/size/no-float\libpic32.a(memcpy.o)
                              build/default/debug/init.o (memcpy)
c:/program files (x86)/microchip/xc32/v1.34/bin/bin/../../lib/gcc/pic32mx/4.5.2/../../../../pic32mx/lib/size/no-float\libpic32.a(memset.o)
                              build/default/debug/menu.o (memset)
c:/program files (x86)/microchip/xc32/v1.34/bin/bin/../../lib/gcc/pic32mx/4.5.2/../../../../pic32mx/lib/size/no-float\libpic32.a(strlen.o)
                              build/default/debug/menu.o (strlen)
c:/program files (x86)/microchip/xc32/v1.34/bin/bin/../../lib/gcc/pic32mx/4.5.2/../../../../pic32mx/lib/size/no-float\libpic32.a(default-bootstrap-exception-handler.o)
                              c:/program files (x86)/microchip/xc32/v1.34/bin/bin/../../lib/gcc/pic32mx/4.5.2/../../../../pic32mx/lib/./proc/32MX170F256D/crt0_mips32r2.o (_bootstrap_exception_handler)
[...]
Memory Configuration

Name             Origin             Length             Attributes
kseg0_data_mem   0x80000000         0x00000200
kseg1_data_mem   0xa0000000         0x00010000         w !x
kseg0_boot_mem   0x9fc00490         0x00000000
kseg1_boot_mem   0xbfc00000         0x00000490
kseg0_program_mem 0x9d000000         0x0003f000         xr
exception_mem    0x9d03f000         0x00001000
debug_exec_mem   0x9fc00490         0x00000760
config3          0xbfc00bf0         0x00000004
config2          0xbfc00bf4         0x00000004
config1          0xbfc00bf8         0x00000004
config0          0xbfc00bfc         0x00000004
sfrs             0xbf800000         0x00100000
configsfrs       0xbfc00bf0         0x00000010
*default*        0x00000000         0xffffffff

Linker script and memory map


reserve_data_0_kseg0
                0x80000000      0x200
                0x80000000        0x2 SHORT 0x0
                0x000001fd                . = 0x1fd
 *fill*         0x80000002      0x1fb 
                0x80000200                . = ALIGN (0x4)
 *fill*         0x800001fd        0x3 

reserve_data_0_kseg1
                0xa0000000      0x200
                0xa0000000        0x2 SHORT 0x0
                0x000001fd                . = 0x1fd
 *fill*         0xa0000002      0x1fb 
                0xa0000200                . = ALIGN (0x4)
 *fill*         0xa00001fd        0x3 

reserve_boot_0x1fc00490_kseg0
                0x9fc00490      0x760
                0x9fc00490        0x2 SHORT 0x0
                0x00000760                . = 0x760
 *fill*         0x9fc00492      0x75e 
                0x9fc00bf0                . = ALIGN (0x4)

reserve_boot_0x1fc00490_kseg1
                0xbfc00490      0x760
                0xbfc00490        0x2 SHORT 0x0
                0x00000760                . = 0x760
 *fill*         0xbfc00492      0x75e 
                0xbfc00bf0                . = ALIGN (0x4)
LOAD c:/program files (x86)/microchip/xc32/v1.34/bin/bin/../../lib/gcc/pic32mx/4.5.2/../../../../pic32mx/lib/./proc/32MX170F256D/crt0_mips32r2.o
LOAD c:/program files (x86)/microchip/xc32/v1.34/bin/bin/../../lib/gcc/pic32mx/4.5.2/../../../../pic32mx/lib/size/no-float\software-debug-break.o
LOAD build/default/debug/crash_clock.o
LOAD build/default/debug/toggle_lcd.o
LOAD build/default/debug/reset_clock.o
LOAD build/default/debug/pixel_hello.o
LOAD build/default/debug/say_hello.o
LOAD build/default/debug/main.o
LOAD build/default/debug/init.o
LOAD build/default/debug/conf.o
LOAD build/default/debug/menu.o
LOAD build/default/debug/clock.o
LOAD build/default/debug/bcd.o
LOAD build/default/debug/exception.o
LOAD build/default/debug/dow.o
LOAD ..\liblcd.X\dist\default\debug\liblcd.X.a
LOAD ..\libsys.X\dist\default\debug\libsys.X.a
LOAD ..\libpixel.X\dist\default\debug\libpixel.X.a
LOAD ..\libuart.X\dist\default\debug\libuart.X.a
                0x00000001                __MPLAB_BUILD = 0x1
                0x00000001                __MPLAB_DEBUG = 0x1
                0x00000001                __DEBUG = 0x1
                0x00000001                __MPLAB_DEBUGGER_PK3 = 0x1
                0x00001000                _min_heap_size = 0x1000
LOAD c:/program files (x86)/microchip/xc32/v1.34/bin/bin/../../lib/gcc/pic32mx/4.5.2/../../../../pic32mx/lib/./proc/32MX170F256D\default_isr_vectors.o
LOAD c:/program files (x86)/microchip/xc32/v1.34/bin/bin/../../lib/gcc/pic32mx/4.5.2/../../../../pic32mx/lib/size/no-float\pic32_software_reset.o
                0x00000400                PROVIDE (_min_stack_size, 0x400)
LOAD c:/program files (x86)/microchip/xc32/v1.34/bin/bin/../../lib/gcc/pic32mx/4.5.2/../../../../pic32mx/lib/./proc/32MX170F256D\processor.o
START GROUP
LOAD c:/program files (x86)/microchip/xc32/v1.34/bin/bin/../../lib/gcc/pic32mx/4.5.2/../../../../pic32mx/lib/size/no-float\libmchp_peripheral.a
END GROUP
START GROUP
LOAD c:/program files (x86)/microchip/xc32/v1.34/bin/bin/../../lib/gcc/pic32mx/4.5.2/../../../../pic32mx/lib/size/no-float\libmchp_peripheral_32MX170F256D.a
END GROUP
                0x00000001                PROVIDE (_vector_spacing, 0x1)
                0x9d03f000                _ebase_address = 0x9d03f000
                0xbfc00000                _RESET_ADDR = 0xbfc00000
                0xbfc00380                _BEV_EXCPT_ADDR = 0xbfc00380
                0xbfc00480                _DBG_EXCPT_ADDR = 0xbfc00480
                0x9fc00490                _DBG_CODE_ADDR = 0x9fc00490
                0x00000760                _DBG_CODE_SIZE = 0x760
                0x9d03f180                _GEN_EXCPT_ADDR = (_ebase_address + 0x180)

.config_BFC00BF0
                0xbfc00bf0        0x4
 *(.config_BFC00BF0)
 .config_BFC00BF0
                0xbfc00bf0        0x4 build/default/debug/conf.o

.config_BFC00BF4
                0xbfc00bf4        0x4
 *(.config_BFC00BF4)
 .config_BFC00BF4
                0xbfc00bf4        0x4 build/default/debug/conf.o

.config_BFC00BF8
                0xbfc00bf8        0x4
 *(.config_BFC00BF8)
 .config_BFC00BF8
                0xbfc00bf8        0x4 build/default/debug/conf.o

.config_BFC00BFC
                0xbfc00bfc        0x4
 *(.config_BFC00BFC)
 .config_BFC00BFC
                0xbfc00bfc        0x4 build/default/debug/conf.o
                0xbfc02000                PROVIDE (_DBG_CODE_ADDR, 0xbfc02000)
                0x00000ff0                PROVIDE (_DBG_CODE_SIZE, 0xff0)

.reset          0xbfc00000      0x1cc
 *(.reset)
 .reset         0xbfc00000        0x8 c:/program files (x86)/microchip/xc32/v1.34/bin/bin/../../lib/gcc/pic32mx/4.5.2/../../../../pic32mx/lib/./proc/32MX170F256D/crt0_mips32r2.o
                0xbfc00000                _reset
 *(.reset.startup)
 .reset.startup
                0xbfc00008      0x1c4 c:/program files (x86)/microchip/xc32/v1.34/bin/bin/../../lib/gcc/pic32mx/4.5.2/../../../../pic32mx/lib/./proc/32MX170F256D/crt0_mips32r2.o

.bev_excpt      0xbfc00380       0x10
 *(.bev_handler)
 .bev_handler   0xbfc00380       0x10 c:/program files (x86)/microchip/xc32/v1.34/bin/bin/../../lib/gcc/pic32mx/4.5.2/../../../../pic32mx/lib/./proc/32MX170F256D/crt0_mips32r2.o

.dbg_excpt      0xbfc00480        0x0
                0xbfc00480                . = (. + DEFINED (_DEBUGGER)?0x8:0x0)

.dbg_code       0x9fc00490        0x0
                0x9fc00490                . = (. + DEFINED (_DEBUGGER)?_DBG_CODE_SIZE:0x0)

.app_excpt      0x9d03f180       0x10
 *(.gen_handler)
 .gen_handler   0x9d03f180       0x10 c:/program files (x86)/microchip/xc32/v1.34/bin/bin/../../lib/gcc/pic32mx/4.5.2/../../../../pic32mx/lib/./proc/32MX170F256D/crt0_mips32r2.o

.vector_0       0x9d03f200        0x8
 *(.vector_0)
 .vector_0      0x9d03f200        0x8 c:/program files (x86)/microchip/xc32/v1.34/bin/bin/../../lib/gcc/pic32mx/4.5.2/../../../../pic32mx/lib/size/no-float\libpic32.a(vector0.o)
                0x9d03f200                __vector_dispatch_0
                0x00000001                ASSERT (((_vector_spacing == 0x0) || (SIZEOF (.vector_0) <= (_vector_spacing << 0x5))), function at exception vector 0 too large)

.vector_1       0x9d03f220        0x8
 *(.vector_1)
 .vector_1      0x9d03f220        0x8 c:/program files (x86)/microchip/xc32/v1.34/bin/bin/../../lib/gcc/pic32mx/4.5.2/../../../../pic32mx/lib/size/no-float\libpic32.a(vector1.o)
                0x9d03f220                __vector_dispatch_1
                0x00000001                ASSERT (((_vector_spacing == 0x0) || (SIZEOF (.vector_1) <= (_vector_spacing << 0x5))), function at exception vector 1 too large)

.vector_2       0x9d03f240        0x8
 *(.vector_2)
 .vector_2      0x9d03f240        0x8 c:/program files (x86)/microchip/xc32/v1.34/bin/bin/../../lib/gcc/pic32mx/4.5.2/../../../../pic32mx/lib/size/no-float\libpic32.a(vector2.o)
                0x9d03f240                __vector_dispatch_2
                0x00000001                ASSERT (((_vector_spacing == 0x0) || (SIZEOF (.vector_2) <= (_vector_spacing << 0x5))), function at exception vector 2 too large)

.vector_3       0x9d03f260        0x8
 *(.vector_3)
 .vector_3      0x9d03f260        0x8 build/default/debug/main.o
                0x9d03f260                __vector_dispatch_3
                0x00000001                ASSERT (((_vector_spacing == 0x0) || (SIZEOF (.vector_3) <= (_vector_spacing << 0x5))), function at exception vector 3 too large)

.vector_4       0x9d03f280        0x8
 *(.vector_4)
 .vector_4      0x9d03f280        0x8 build/default/debug/clock.o
                0x9d03f280                __vector_dispatch_4
                0x00000001                ASSERT (((_vector_spacing == 0x0) || (SIZEOF (.vector_4) <= (_vector_spacing << 0x5))), function at exception vector 4 too large)

.vector_5       0x9d03f2a0        0x8
 *(.vector_5)
 .vector_5      0x9d03f2a0        0x8 c:/program files (x86)/microchip/xc32/v1.34/bin/bin/../../lib/gcc/pic32mx/4.5.2/../../../../pic32mx/lib/size/no-float\libpic32.a(vector5.o)
                0x9d03f2a0                __vector_dispatch_5
                0x00000001                ASSERT (((_vector_spacing == 0x0) || (SIZEOF (.vector_5) <= (_vector_spacing << 0x5))), function at exception vector 5 too large)

.vector_6       0x9d03f2c0        0x8
 *(.vector_6)
 .vector_6      0x9d03f2c0        0x8 c:/program files (x86)/microchip/xc32/v1.34/bin/bin/../../lib/gcc/pic32mx/4.5.2/../../../../pic32mx/lib/size/no-float\libpic32.a(vector6.o)
                0x9d03f2c0                __vector_dispatch_6
                0x00000001                ASSERT (((_vector_spacing == 0x0) || (SIZEOF (.vector_6) <= (_vector_spacing << 0x5))), function at exception vector 6 too large)

.vector_7       0x9d03f2e0        0x8
 *(.vector_7)
 .vector_7      0x9d03f2e0        0x8 build/default/debug/main.o
                0x9d03f2e0                __vector_dispatch_7
                0x00000001                ASSERT (((_vector_spacing == 0x0) || (SIZEOF (.vector_7) <= (_vector_spacing << 0x5))), function at exception vector 7 too large)

.vector_8       0x9d03f300        0x8
 *(.vector_8)
 .vector_8      0x9d03f300        0x8 c:/program files (x86)/microchip/xc32/v1.34/bin/bin/../../lib/gcc/pic32mx/4.5.2/../../../../pic32mx/lib/size/no-float\libpic32.a(vector8.o)
                0x9d03f300                __vector_dispatch_8
                0x00000001                ASSERT (((_vector_spacing == 0x0) || (SIZEOF (.vector_8) <= (_vector_spacing << 0x5))), function at exception vector 8 too large)

.vector_9       0x9d03f320        0x8
 *(.vector_9)
 .vector_9      0x9d03f320        0x8 c:/program files (x86)/microchip/xc32/v1.34/bin/bin/../../lib/gcc/pic32mx/4.5.2/../../../../pic32mx/lib/size/no-float\libpic32.a(vector9.o)
                0x9d03f320                __vector_dispatch_9
                0x00000001                ASSERT (((_vector_spacing == 0x0) || (SIZEOF (.vector_9) <= (_vector_spacing << 0x5))), function at exception vector 9 too large)

.vector_10      0x9d03f340        0x8
 *(.vector_10)
 .vector_10     0x9d03f340        0x8 c:/program files (x86)/microchip/xc32/v1.34/bin/bin/../../lib/gcc/pic32mx/4.5.2/../../../../pic32mx/lib/size/no-float\libpic32.a(vector10.o)
                0x9d03f340                __vector_dispatch_10
                0x00000001                ASSERT (((_vector_spacing == 0x0) || (SIZEOF (.vector_10) <= (_vector_spacing << 0x5))), function at exception vector 10 too large)

.vector_11      0x9d03f360        0x8
 *(.vector_11)
 .vector_11     0x9d03f360        0x8 build/default/debug/main.o
                0x9d03f360                __vector_dispatch_11
                0x00000001                ASSERT (((_vector_spacing == 0x0) || (SIZEOF (.vector_11) <= (_vector_spacing << 0x5))), function at exception vector 11 too large)

.vector_12      0x9d03f380        0x8
 *(.vector_12)
 .vector_12     0x9d03f380        0x8 c:/program files (x86)/microchip/xc32/v1.34/bin/bin/../../lib/gcc/pic32mx/4.5.2/../../../../pic32mx/lib/size/no-float\libpic32.a(vector12.o)
                0x9d03f380                __vector_dispatch_12
                0x00000001                ASSERT (((_vector_spacing == 0x0) || (SIZEOF (.vector_12) <= (_vector_spacing << 0x5))), function at exception vector 12 too large)

.vector_13      0x9d03f3a0        0x8
 *(.vector_13)
 .vector_13     0x9d03f3a0        0x8 c:/program files (x86)/microchip/xc32/v1.34/bin/bin/../../lib/gcc/pic32mx/4.5.2/../../../../pic32mx/lib/size/no-float\libpic32.a(vector13.o)
                0x9d03f3a0                __vector_dispatch_13
                0x00000001                ASSERT (((_vector_spacing == 0x0) || (SIZEOF (.vector_13) <= (_vector_spacing << 0x5))), function at exception vector 13 too large)

.vector_14      0x9d03f3c0        0x8
 *(.vector_14)
 .vector_14     0x9d03f3c0        0x8 c:/program files (x86)/microchip/xc32/v1.34/bin/bin/../../lib/gcc/pic32mx/4.5.2/../../../../pic32mx/lib/size/no-float\libpic32.a(vector14.o)
                0x9d03f3c0                __vector_dispatch_14
                0x00000001                ASSERT (((_vector_spacing == 0x0) || (SIZEOF (.vector_14) <= (_vector_spacing << 0x5))), function at exception vector 14 too large)

.vector_15      0x9d03f3e0        0x8
 *(.vector_15)
 .vector_15     0x9d03f3e0        0x8 build/default/debug/main.o
                0x9d03f3e0                __vector_dispatch_15
                0x00000001                ASSERT (((_vector_spacing == 0x0) || (SIZEOF (.vector_15) <= (_vector_spacing << 0x5))), function at exception vector 15 too large)

.vector_16      0x9d03f400        0x8
 *(.vector_16)
 .vector_16     0x9d03f400        0x8 c:/program files (x86)/microchip/xc32/v1.34/bin/bin/../../lib/gcc/pic32mx/4.5.2/../../../../pic32mx/lib/size/no-float\libpic32.a(vector16.o)
                0x9d03f400                __vector_dispatch_16
                0x00000001                ASSERT (((_vector_spacing == 0x0) || (SIZEOF (.vector_16) <= (_vector_spacing << 0x5))), function at exception vector 16 too large)

.vector_17      0x9d03f420        0x8
 *(.vector_17)
 .vector_17     0x9d03f420        0x8 c:/program files (x86)/microchip/xc32/v1.34/bin/bin/../../lib/gcc/pic32mx/4.5.2/../../../../pic32mx/lib/size/no-float\libpic32.a(vector17.o)
                0x9d03f420                __vector_dispatch_17
                0x00000001                ASSERT (((_vector_spacing == 0x0) || (SIZEOF (.vector_17) <= (_vector_spacing << 0x5))), function at exception vector 17 too large)

.vector_18      0x9d03f440        0x8
 *(.vector_18)
 .vector_18     0x9d03f440        0x8 c:/program files (x86)/microchip/xc32/v1.34/bin/bin/../../lib/gcc/pic32mx/4.5.2/../../../../pic32mx/lib/size/no-float\libpic32.a(vector18.o)
                0x9d03f440                __vector_dispatch_18
                0x00000001                ASSERT (((_vector_spacing == 0x0) || (SIZEOF (.vector_18) <= (_vector_spacing << 0x5))), function at exception vector 18 too large)

.vector_19      0x9d03f460        0x8
 *(.vector_19)
 .vector_19     0x9d03f460        0x8 c:/program files (x86)/microchip/xc32/v1.34/bin/bin/../../lib/gcc/pic32mx/4.5.2/../../../../pic32mx/lib/size/no-float\libpic32.a(vector19.o)
                0x9d03f460                __vector_dispatch_19
                0x00000001                ASSERT (((_vector_spacing == 0x0) || (SIZEOF (.vector_19) <= (_vector_spacing << 0x5))), function at exception vector 19 too large)

.vector_20      0x9d03f480        0x8
 *(.vector_20)
 .vector_20     0x9d03f480        0x8 c:/program files (x86)/microchip/xc32/v1.34/bin/bin/../../lib/gcc/pic32mx/4.5.2/../../../../pic32mx/lib/size/no-float\libpic32.a(vector20.o)
                0x9d03f480                __vector_dispatch_20
                0x00000001                ASSERT (((_vector_spacing == 0x0) || (SIZEOF (.vector_20) <= (_vector_spacing << 0x5))), function at exception vector 20 too large)

.vector_21      0x9d03f4a0        0x8
 *(.vector_21)
 .vector_21     0x9d03f4a0        0x8 c:/program files (x86)/microchip/xc32/v1.34/bin/bin/../../lib/gcc/pic32mx/4.5.2/../../../../pic32mx/lib/size/no-float\libpic32.a(vector21.o)
                0x9d03f4a0                __vector_dispatch_21
                0x00000001                ASSERT (((_vector_spacing == 0x0) || (SIZEOF (.vector_21) <= (_vector_spacing << 0x5))), function at exception vector 21 too large)

.vector_22      0x9d03f4c0        0x8
 *(.vector_22)
 .vector_22     0x9d03f4c0        0x8 c:/program files (x86)/microchip/xc32/v1.34/bin/bin/../../lib/gcc/pic32mx/4.5.2/../../../../pic32mx/lib/size/no-float\libpic32.a(vector22.o)
                0x9d03f4c0                __vector_dispatch_22
                0x00000001                ASSERT (((_vector_spacing == 0x0) || (SIZEOF (.vector_22) <= (_vector_spacing << 0x5))), function at exception vector 22 too large)

.vector_23      0x9d03f4e0        0x8
 *(.vector_23)
 .vector_23     0x9d03f4e0        0x8 c:/program files (x86)/microchip/xc32/v1.34/bin/bin/../../lib/gcc/pic32mx/4.5.2/../../../../pic32mx/lib/size/no-float\libpic32.a(vector23.o)
                0x9d03f4e0                __vector_dispatch_23
                0x00000001                ASSERT (((_vector_spacing == 0x0) || (SIZEOF (.vector_23) <= (_vector_spacing << 0x5))), function at exception vector 23 too large)

.vector_24      0x9d03f500        0x8
 *(.vector_24)
 .vector_24     0x9d03f500        0x8 c:/program files (x86)/microchip/xc32/v1.34/bin/bin/../../lib/gcc/pic32mx/4.5.2/../../../../pic32mx/lib/size/no-float\libpic32.a(vector24.o)
                0x9d03f500                __vector_dispatch_24
                0x00000001                ASSERT (((_vector_spacing == 0x0) || (SIZEOF (.vector_24) <= (_vector_spacing << 0x5))), function at exception vector 24 too large)

.vector_25      0x9d03f520        0x8
 *(.vector_25)
 .vector_25     0x9d03f520        0x8 c:/program files (x86)/microchip/xc32/v1.34/bin/bin/../../lib/gcc/pic32mx/4.5.2/../../../../pic32mx/lib/size/no-float\libpic32.a(vector25.o)
                0x9d03f520                __vector_dispatch_25
                0x00000001                ASSERT (((_vector_spacing == 0x0) || (SIZEOF (.vector_25) <= (_vector_spacing << 0x5))), function at exception vector 25 too large)

.vector_26      0x9d03f540        0x8
 *(.vector_26)
 .vector_26     0x9d03f540        0x8 c:/program files (x86)/microchip/xc32/v1.34/bin/bin/../../lib/gcc/pic32mx/4.5.2/../../../../pic32mx/lib/size/no-float\libpic32.a(vector26.o)
                0x9d03f540                __vector_dispatch_26
                0x00000001                ASSERT (((_vector_spacing == 0x0) || (SIZEOF (.vector_26) <= (_vector_spacing << 0x5))), function at exception vector 26 too large)

.vector_27      0x9d03f560        0x8
 *(.vector_27)
 .vector_27     0x9d03f560        0x8 c:/program files (x86)/microchip/xc32/v1.34/bin/bin/../../lib/gcc/pic32mx/4.5.2/../../../../pic32mx/lib/size/no-float\libpic32.a(vector27.o)
                0x9d03f560                __vector_dispatch_27
                0x00000001                ASSERT (((_vector_spacing == 0x0) || (SIZEOF (.vector_27) <= (_vector_spacing << 0x5))), function at exception vector 27 too large)

.vector_28      0x9d03f580        0x8
 *(.vector_28)
 .vector_28     0x9d03f580        0x8 c:/program files (x86)/microchip/xc32/v1.34/bin/bin/../../lib/gcc/pic32mx/4.5.2/../../../../pic32mx/lib/size/no-float\libpic32.a(vector28.o)
                0x9d03f580                __vector_dispatch_28
                0x00000001                ASSERT (((_vector_spacing == 0x0) || (SIZEOF (.vector_28) <= (_vector_spacing << 0x5))), function at exception vector 28 too large)

.vector_29      0x9d03f5a0        0x8
 *(.vector_29)
 .vector_29     0x9d03f5a0        0x8 c:/program files (x86)/microchip/xc32/v1.34/bin/bin/../../lib/gcc/pic32mx/4.5.2/../../../../pic32mx/lib/size/no-float\libpic32.a(vector29.o)
                0x9d03f5a0                __vector_dispatch_29
                0x00000001                ASSERT (((_vector_spacing == 0x0) || (SIZEOF (.vector_29) <= (_vector_spacing << 0x5))), function at exception vector 29 too large)

.vector_30      0x9d03f5c0        0x8
 *(.vector_30)
 .vector_30     0x9d03f5c0        0x8 c:/program files (x86)/microchip/xc32/v1.34/bin/bin/../../lib/gcc/pic32mx/4.5.2/../../../../pic32mx/lib/size/no-float\libpic32.a(vector30.o)
                0x9d03f5c0                __vector_dispatch_30
                0x00000001                ASSERT (((_vector_spacing == 0x0) || (SIZEOF (.vector_30) <= (_vector_spacing << 0x5))), function at exception vector 30 too large)

.vector_31      0x9d03f5e0        0x8
 *(.vector_31)
 .vector_31     0x9d03f5e0        0x8 c:/program files (x86)/microchip/xc32/v1.34/bin/bin/../../lib/gcc/pic32mx/4.5.2/../../../../pic32mx/lib/size/no-float\libpic32.a(vector31.o)
                0x9d03f5e0                __vector_dispatch_31
                0x00000001                ASSERT (((_vector_spacing == 0x0) || (SIZEOF (.vector_31) <= (_vector_spacing << 0x5))), function at exception vector 31 too large)

.vector_32      0x9d03f600        0x8
 *(.vector_32)
 .vector_32     0x9d03f600        0x8 c:/program files (x86)/microchip/xc32/v1.34/bin/bin/../../lib/gcc/pic32mx/4.5.2/../../../../pic32mx/lib/size/no-float\libpic32.a(vector32.o)
                0x9d03f600                __vector_dispatch_32
                0x00000001                ASSERT (((_vector_spacing == 0x0) || (SIZEOF (.vector_32) <= (_vector_spacing << 0x5))), function at exception vector 32 too large)

.vector_33      0x9d03f620        0x8
 *(.vector_33)
 .vector_33     0x9d03f620        0x8 c:/program files (x86)/microchip/xc32/v1.34/bin/bin/../../lib/gcc/pic32mx/4.5.2/../../../../pic32mx/lib/size/no-float\libpic32.a(vector33.o)
                0x9d03f620                __vector_dispatch_33
                0x00000001                ASSERT (((_vector_spacing == 0x0) || (SIZEOF (.vector_33) <= (_vector_spacing << 0x5))), function at exception vector 33 too large)

.vector_34      0x9d03f640        0x8
 *(.vector_34)
 .vector_34     0x9d03f640        0x8 c:/program files (x86)/microchip/xc32/v1.34/bin/bin/../../lib/gcc/pic32mx/4.5.2/../../../../pic32mx/lib/size/no-float\libpic32.a(vector34.o)
                0x9d03f640                __vector_dispatch_34
                0x00000001                ASSERT (((_vector_spacing == 0x0) || (SIZEOF (.vector_34) <= (_vector_spacing << 0x5))), function at exception vector 34 too large)

.vector_35      0x9d03f660        0x8
 *(.vector_35)
 .vector_35     0x9d03f660        0x8 c:/program files (x86)/microchip/xc32/v1.34/bin/bin/../../lib/gcc/pic32mx/4.5.2/../../../../pic32mx/lib/size/no-float\libpic32.a(vector35.o)
                0x9d03f660                __vector_dispatch_35
                0x00000001                ASSERT (((_vector_spacing == 0x0) || (SIZEOF (.vector_35) <= (_vector_spacing << 0x5))), function at exception vector 35 too large)

.vector_36      0x9d03f680        0x8
 *(.vector_36)
 .vector_36     0x9d03f680        0x8 c:/program files (x86)/microchip/xc32/v1.34/bin/bin/../../lib/gcc/pic32mx/4.5.2/../../../../pic32mx/lib/size/no-float\libpic32.a(vector36.o)
                0x9d03f680                __vector_dispatch_36
                0x00000001                ASSERT (((_vector_spacing == 0x0) || (SIZEOF (.vector_36) <= (_vector_spacing << 0x5))), function at exception vector 36 too large)

.vector_37      0x9d03f6a0        0x8
 *(.vector_37)
 .vector_37     0x9d03f6a0        0x8 c:/program files (x86)/microchip/xc32/v1.34/bin/bin/../../lib/gcc/pic32mx/4.5.2/../../../../pic32mx/lib/size/no-float\libpic32.a(vector37.o)
                0x9d03f6a0                __vector_dispatch_37
                0x00000001                ASSERT (((_vector_spacing == 0x0) || (SIZEOF (.vector_37) <= (_vector_spacing << 0x5))), function at exception vector 37 too large)

.vector_38      0x9d03f6c0        0x8
 *(.vector_38)
 .vector_38     0x9d03f6c0        0x8 c:/program files (x86)/microchip/xc32/v1.34/bin/bin/../../lib/gcc/pic32mx/4.5.2/../../../../pic32mx/lib/size/no-float\libpic32.a(vector38.o)
                0x9d03f6c0                __vector_dispatch_38
                0x00000001                ASSERT (((_vector_spacing == 0x0) || (SIZEOF (.vector_38) <= (_vector_spacing << 0x5))), function at exception vector 38 too large)

.vector_39      0x9d03f6e0        0x8
 *(.vector_39)
 .vector_39     0x9d03f6e0        0x8 c:/program files (x86)/microchip/xc32/v1.34/bin/bin/../../lib/gcc/pic32mx/4.5.2/../../../../pic32mx/lib/size/no-float\libpic32.a(vector39.o)
                0x9d03f6e0                __vector_dispatch_39
                0x00000001                ASSERT (((_vector_spacing == 0x0) || (SIZEOF (.vector_39) <= (_vector_spacing << 0x5))), function at exception vector 39 too large)

.vector_40      0x9d03f700        0x8
 *(.vector_40)
 .vector_40     0x9d03f700        0x8 c:/program files (x86)/microchip/xc32/v1.34/bin/bin/../../lib/gcc/pic32mx/4.5.2/../../../../pic32mx/lib/size/no-float\libpic32.a(vector40.o)
                0x9d03f700                __vector_dispatch_40
                0x00000001                ASSERT (((_vector_spacing == 0x0) || (SIZEOF (.vector_40) <= (_vector_spacing << 0x5))), function at exception vector 40 too large)

.vector_41      0x9d03f720        0x8
 *(.vector_41)
 .vector_41     0x9d03f720        0x8 c:/program files (x86)/microchip/xc32/v1.34/bin/bin/../../lib/gcc/pic32mx/4.5.2/../../../../pic32mx/lib/size/no-float\libpic32.a(vector41.o)
                0x9d03f720                __vector_dispatch_41
                0x00000001                ASSERT (((_vector_spacing == 0x0) || (SIZEOF (.vector_41) <= (_vector_spacing << 0x5))), function at exception vector 41 too large)

.vector_42      0x9d03f740        0x8
 *(.vector_42)
 .vector_42     0x9d03f740        0x8 c:/program files (x86)/microchip/xc32/v1.34/bin/bin/../../lib/gcc/pic32mx/4.5.2/../../../../pic32mx/lib/size/no-float\libpic32.a(vector42.o)
                0x9d03f740                __vector_dispatch_42
                0x00000001                ASSERT (((_vector_spacing == 0x0) || (SIZEOF (.vector_42) <= (_vector_spacing << 0x5))), function at exception vector 42 too large)

.vector_43      0x9d03f760        0x8
 *(.vector_43)
 .vector_43     0x9d03f760        0x8 c:/program files (x86)/microchip/xc32/v1.34/bin/bin/../../lib/gcc/pic32mx/4.5.2/../../../../pic32mx/lib/size/no-float\libpic32.a(vector43.o)
                0x9d03f760                __vector_dispatch_43
                0x00000001                ASSERT (((_vector_spacing == 0x0) || (SIZEOF (.vector_43) <= (_vector_spacing << 0x5))), function at exception vector 43 too large)

.vector_44      0x9d03f780        0x0
 *(.vector_44)
                0x00000001                ASSERT (((_vector_spacing == 0x0) || (SIZEOF (.vector_44) <= (_vector_spacing << 0x5))), function at exception vector 44 too large)

.vector_45      0x9d03f7a0        0x0
 *(.vector_45)
                0x00000001                ASSERT (((_vector_spacing == 0x0) || (SIZEOF (.vector_45) <= (_vector_spacing << 0x5))), function at exception vector 45 too large)

.vector_46      0x9d03f7c0        0x0
 *(.vector_46)
                0x00000001                ASSERT (((_vector_spacing == 0x0) || (SIZEOF (.vector_46) <= (_vector_spacing << 0x5))), function at exception vector 46 too large)

.vector_47      0x9d03f7e0        0x0
 *(.vector_47)
                0x00000001                ASSERT (((_vector_spacing == 0x0) || (SIZEOF (.vector_47) <= (_vector_spacing << 0x5))), function at exception vector 47 too large)

.vector_48      0x9d03f800        0x0
 *(.vector_48)
                0x00000001                ASSERT (((_vector_spacing == 0x0) || (SIZEOF (.vector_48) <= (_vector_spacing << 0x5))), function at exception vector 48 too large)

.vector_49      0x9d03f820        0x0
 *(.vector_49)
                0x00000001                ASSERT (((_vector_spacing == 0x0) || (SIZEOF (.vector_49) <= (_vector_spacing << 0x5))), function at exception vector 49 too large)

.vector_50      0x9d03f840        0x0
 *(.vector_50)
                0x00000001                ASSERT (((_vector_spacing == 0x0) || (SIZEOF (.vector_50) <= (_vector_spacing << 0x5))), function at exception vector 50 too large)

.vector_51      0x9d03f860        0x0
 *(.vector_51)
                0x00000001                ASSERT (((_vector_spacing == 0x0) || (SIZEOF (.vector_51) <= (_vector_spacing << 0x5))), function at exception vector 51 too large)

.vector_52      0x9d03f880        0x0
 *(.vector_52)
                0x00000001                ASSERT (((_vector_spacing == 0x0) || (SIZEOF (.vector_52) <= (_vector_spacing << 0x5))), function at exception vector 52 too large)

.vector_53      0x9d03f8a0        0x0
 *(.vector_53)
                0x00000001                ASSERT (((_vector_spacing == 0x0) || (SIZEOF (.vector_53) <= (_vector_spacing << 0x5))), function at exception vector 53 too large)

.vector_54      0x9d03f8c0        0x0
 *(.vector_54)
                0x00000001                ASSERT (((_vector_spacing == 0x0) || (SIZEOF (.vector_54) <= (_vector_spacing << 0x5))), function at exception vector 54 too large)

.vector_55      0x9d03f8e0        0x0
 *(.vector_55)
                0x00000001                ASSERT (((_vector_spacing == 0x0) || (SIZEOF (.vector_55) <= (_vector_spacing << 0x5))), function at exception vector 55 too large)

.vector_56      0x9d03f900        0x0
 *(.vector_56)
                0x00000001                ASSERT (((_vector_spacing == 0x0) || (SIZEOF (.vector_56) <= (_vector_spacing << 0x5))), function at exception vector 56 too large)

.vector_57      0x9d03f920        0x0
 *(.vector_57)
                0x00000001                ASSERT (((_vector_spacing == 0x0) || (SIZEOF (.vector_57) <= (_vector_spacing << 0x5))), function at exception vector 57 too large)

.vector_58      0x9d03f940        0x0
 *(.vector_58)
                0x00000001                ASSERT (((_vector_spacing == 0x0) || (SIZEOF (.vector_58) <= (_vector_spacing << 0x5))), function at exception vector 58 too large)

.vector_59      0x9d03f960        0x0
 *(.vector_59)
                0x00000001                ASSERT (((_vector_spacing == 0x0) || (SIZEOF (.vector_59) <= (_vector_spacing << 0x5))), function at exception vector 59 too large)

.vector_60      0x9d03f980        0x0
 *(.vector_60)
                0x00000001                ASSERT (((_vector_spacing == 0x0) || (SIZEOF (.vector_60) <= (_vector_spacing << 0x5))), function at exception vector 60 too large)

.vector_61      0x9d03f9a0        0x0
 *(.vector_61)
                0x00000001                ASSERT (((_vector_spacing == 0x0) || (SIZEOF (.vector_61) <= (_vector_spacing << 0x5))), function at exception vector 61 too large)

.vector_62      0x9d03f9c0        0x0
 *(.vector_62)
                0x00000001                ASSERT (((_vector_spacing == 0x0) || (SIZEOF (.vector_62) <= (_vector_spacing << 0x5))), function at exception vector 62 too large)

.vector_63      0x9d03f9e0        0x0
 *(.vector_63)
                0x00000001                ASSERT (((_vector_spacing == 0x0) || (SIZEOF (.vector_63) <= (_vector_spacing << 0x5))), function at exception vector 63 too large)

.startup
 *(.startup)

.text           0x9d000000        0x0
 *(.stub .gnu.linkonce.t.*)
 *(.text.*personality*)
 *(.mips16.fn.*)
 *(.mips16.call.*)
 *(.gnu.warning)
                0x9d000000                . = ALIGN (0x4)

.init           0x9d000000        0x0
 *crti.o(.init)
 *crtbegin.o(.init)
 *(EXCLUDE_FILE(*crtn.o *crtend?.o *crtend.o) .init)
 *crtend.o(.init)
 *crtn.o(.init)
                0x9d000000                . = ALIGN (0x4)

.fini           0x9d000000        0x0
 *(.fini)
                0x9d000000                . = ALIGN (0x4)

.preinit_array  0x9d000000        0x0
                0x9d000000                PROVIDE (__preinit_array_start, .)
 *(.preinit_array)
                0x9d000000                PROVIDE (__preinit_array_end, .)
                0x9d000000                . = ALIGN (0x4)

.init_array     0x9d000000        0x0
                0x9d000000                PROVIDE (__init_array_start, .)
 *(SORT(.init_array.*))
 *(.init_array)
                0x9d000000                PROVIDE (__init_array_end, .)
                0x9d000000                . = ALIGN (0x4)

.fini_array     0x9d000000        0x0
                0x9d000000                PROVIDE (__fini_array_start, .)
 *(SORT(.fini_array.*))
 *(.fini_array)
                0x9d000000                PROVIDE (__fini_array_end, .)
                0x9d000000                . = ALIGN (0x4)

.ctors          0x9d000000        0x0
 *crtbegin.o(.ctors)
 *crtbegin?.o(.ctors)
 *(EXCLUDE_FILE(*crtend?.o *crtend.o) .ctors)
 *(SORT(.ctors.*))
 *(.ctors)
                0x9d000000                . = ALIGN (0x4)

.dtors          0x9d000000        0x0
 *crtbegin.o(.dtors)
 *crtbegin?.o(.dtors)
 *(EXCLUDE_FILE(*crtend?.o *crtend.o) .dtors)
 *(SORT(.dtors.*))
 *(.dtors)
                0x9d000000                . = ALIGN (0x4)

.rodata         0x9d000000        0x0
 *(.gnu.linkonce.r.*)
 *(.rodata1)
                0x9d000000                . = ALIGN (0x4)

.sdata2         0x9fc00490        0x0
 *(.sdata2 .sdata2.* .gnu.linkonce.s2.*)
                0x9fc00490                . = ALIGN (0x4)

.sbss2          0x9fc00490        0x0
 *(.sbss2 .sbss2.* .gnu.linkonce.sb2.*)
                0x9fc00490                . = ALIGN (0x4)

.eh_frame_hdr
 *(.eh_frame_hdr)
                0x9fc00490                . = ALIGN (0x4)

.eh_frame
 *(.eh_frame)
                0x9fc00490                . = ALIGN (0x4)

.gcc_except_table
 *(.gcc_except_table .gcc_except_table.*)
                0x9fc00490                . = ALIGN (0x4)

.dbg_data       0xa0000200        0x0
                0xa0000200                . = (. + DEFINED (_DEBUGGER)?0x200:0x0)

.jcr            0xa0000200        0x0
 *(.jcr)
                0xa0000200                . = ALIGN (0x4)

.eh_frame
 *(.eh_frame)
                0xa0000200                . = ALIGN (0x4)

.gcc_except_table
 *(.gcc_except_table .gcc_except_table.*)
                0xa0000200                . = ALIGN (0x4)

.persist        0xa0000200        0x0
                0xa0000200                _persist_begin = .
 *(.persist .persist.*)
 *(.pbss .pbss.*)
                0xa0000200                . = ALIGN (0x4)
                0xa0000200                _persist_end = .

.data           0xa0000200        0x0
 *(.gnu.linkonce.d.*)
 *(.data1)
                0xa0000200                . = ALIGN (0x4)
                0xa0000200                . = .
                0xa00081f0                _gp = (ALIGN (0x10) + 0x7ff0)

.got            0xa0000200        0x0
 *(.got.plt)
 *(.got)
                0xa0000200                . = ALIGN (0x4)

.sdata          0xa0000200       0x90
                0xa0000200                _sdata_begin = .
 *(.sdata .sdata.* .gnu.linkonce.s.*)
 .sdata         0xa0000200        0x8 build/default/debug/crash_clock.o
 .sdata         0xa0000208        0x8 build/default/debug/toggle_lcd.o
 .sdata         0xa0000210        0x8 build/default/debug/reset_clock.o
 .sdata         0xa0000218        0x8 build/default/debug/pixel_hello.o
 .sdata         0xa0000220        0x8 build/default/debug/say_hello.o
 .sdata         0xa0000228        0x8 build/default/debug/main.o
 .sdata         0xa0000230        0x8 build/default/debug/init.o
 .sdata         0xa0000238        0x8 build/default/debug/menu.o
 .sdata         0xa0000240        0x8 build/default/debug/clock.o
 .sdata         0xa0000248        0x8 build/default/debug/bcd.o
 .sdata         0xa0000250        0x8 build/default/debug/exception.o
 .sdata         0xa0000258        0x8 build/default/debug/dow.o
 .sdata         0xa0000260        0x8 ..\libuart.X\dist\default\debug\libuart.X.a(begin.o)
 .sdata         0xa0000268        0x8 ..\libuart.X\dist\default\debug\libuart.X.a(getc.o)
 .sdata         0xa0000270        0x8 ..\libuart.X\dist\default\debug\libuart.X.a(gets.o)
 .sdata         0xa0000278        0x8 ..\libuart.X\dist\default\debug\libuart.X.a(puts.o)
 .sdata         0xa0000280        0x8 ..\libuart.X\dist\default\debug\libuart.X.a(available.o)
 .sdata         0xa0000288        0x8 ..\libuart.X\dist\default\debug\libuart.X.a(putc.o)
                0xa0000290                . = ALIGN (0x4)
                0xa0000290                _sdata_end = .

.lit8
 *(.lit8)

.lit4
 *(.lit4)
                0xa0000290                . = ALIGN (0x4)
                0xa0000290                _data_end = .
                0xa0000290                _bss_begin = .

.sbss           0xa0000290       0x34
                0xa0000290                _sbss_begin = .
 *(.dynsbss)
 *(.sbss .sbss.* .gnu.linkonce.sb.*)
 .sbss          0xa0000290        0x4 ..\libsys.X\dist\default\debug\libsys.X.a(get_sysclk.o)
 .sbss          0xa0000294       0x10 c:/program files (x86)/microchip/xc32/v1.34/bin/bin/../../lib/gcc/pic32mx/4.5.2/../../../../pic32mx/lib/size/no-float\libc.a(malloc.o)
                0xa0000294                __allocp
                0xa0000298                __alloct
                0xa000029c                __allocx
 .sbss          0xa00002a4        0x8 c:/program files (x86)/microchip/xc32/v1.34/bin/bin/../../lib/gcc/pic32mx/4.5.2/../../../../pic32mx/lib/size/no-float\libpic32.a(sbrk.o)
                0xa00002a4                _minbrk
                0xa00002a8                _maxbrk
 .sbss          0xa00002ac        0x4 c:/program files (x86)/microchip/xc32/v1.34/bin/bin/../../lib/gcc/pic32mx/4.5.2/../../../../pic32mx/lib/size/no-float\libpic32.a(errno.o)
                0xa00002ac                errno
 *(.scommon)
 .scommon       0xa00002b0       0x14 build/default/debug/main.o
                0xa00002b0                lcd
                0xa00002b4                pixels
                0xa00002b8                menu
                0xa00002bc                task
                0xa00002c4                _sbss_end = .
                0xa00002c4                . = ALIGN (0x4)

.bss            0xa00002c4       0x10
 *(.dynbss)
 *(COMMON)
 COMMON         0xa00002c4        0xe build/default/debug/main.o
                0xa00002c4                date
                0xa00002d4                . = ALIGN ((. != 0x0)?0x4:0x1)
 *fill*         0xa00002d2        0x2 
                0xa00002d4                . = ALIGN (0x4)
                0xa00002d4                _end = .
                0xa00002d4                _bss_end = .
                0x00010000                _bmxdudba_address = 0x10000
                0x00010000                _bmxdupba_address = 0x10000

/DISCARD/
 *(.pdr)
 *(.rel.dyn)
 *(.note.GNU-stack)
 *(.note.GNU-stack)
 *(.gnu_debuglink)
 *(.gnu.lto_*)
 *(.discard)

.gptab.sdata
 *(.gptab.data)
 *(.gptab.sdata)

.gptab.sbss
 *(.gptab.bss)
 *(.gptab.sbss)

.mdebug.abi32   0xa00002d4        0x0
 *(.mdebug.abi32)
 .mdebug.abi32  0xa00002d4        0x0 c:/program files (x86)/microchip/xc32/v1.34/bin/bin/../../lib/gcc/pic32mx/4.5.2/../../../../pic32mx/lib/size/no-float\software-debug-break.o
 .mdebug.abi32  0xa00002d4        0x0 build/default/debug/crash_clock.o
 .mdebug.abi32  0xa00002d4        0x0 build/default/debug/toggle_lcd.o
 .mdebug.abi32  0xa00002d4        0x0 build/default/debug/reset_clock.o
 .mdebug.abi32  0xa00002d4        0x0 build/default/debug/pixel_hello.o
 .mdebug.abi32  0xa00002d4        0x0 build/default/debug/say_hello.o
 .mdebug.abi32  0xa00002d4        0x0 build/default/debug/main.o
 .mdebug.abi32  0xa00002d4        0x0 build/default/debug/init.o
 .mdebug.abi32  0xa00002d4        0x0 build/default/debug/conf.o
 .mdebug.abi32  0xa00002d4        0x0 build/default/debug/menu.o
 .mdebug.abi32  0xa00002d4        0x0 build/default/debug/clock.o
 .mdebug.abi32  0xa00002d4        0x0 build/default/debug/bcd.o
 .mdebug.abi32  0xa00002d4        0x0 build/default/debug/exception.o
 .mdebug.abi32  0xa00002d4        0x0 build/default/debug/dow.o
 .mdebug.abi32  0xa00002d4        0x0 ..\liblcd.X\dist\default\debug\liblcd.X.a(blink.o)
 .mdebug.abi32  0xa00002d4        0x0 ..\liblcd.X\dist\default\debug\liblcd.X.a(command.o)
 .mdebug.abi32  0xa00002d4        0x0 ..\liblcd.X\dist\default\debug\liblcd.X.a(display.o)
 .mdebug.abi32  0xa00002d4        0x0 ..\liblcd.X\dist\default\debug\liblcd.X.a(light.o)
 .mdebug.abi32  0xa00002d4        0x0 ..\liblcd.X\dist\default\debug\liblcd.X.a(clear.o)
 .mdebug.abi32  0xa00002d4        0x0 ..\liblcd.X\dist\default\debug\liblcd.X.a(cursor.o)
 .mdebug.abi32  0xa00002d4        0x0 ..\liblcd.X\dist\default\debug\liblcd.X.a(send.o)
 .mdebug.abi32  0xa00002d4        0x0 ..\liblcd.X\dist\default\debug\liblcd.X.a(move.o)
 .mdebug.abi32  0xa00002d4        0x0 ..\liblcd.X\dist\default\debug\liblcd.X.a(pulse.o)
 .mdebug.abi32  0xa00002d4        0x0 ..\liblcd.X\dist\default\debug\liblcd.X.a(new.o)
 .mdebug.abi32  0xa00002d4        0x0 ..\liblcd.X\dist\default\debug\liblcd.X.a(puts.o)
 .mdebug.abi32  0xa00002d4        0x0 ..\liblcd.X\dist\default\debug\liblcd.X.a(putn.o)
 .mdebug.abi32  0xa00002d4        0x0 ..\liblcd.X\dist\default\debug\liblcd.X.a(putc.o)
 .mdebug.abi32  0xa00002d4        0x0 ..\libsys.X\dist\default\debug\libsys.X.a(get_pbclk.o)
 .mdebug.abi32  0xa00002d4        0x0 ..\libsys.X\dist\default\debug\libsys.X.a(get_sysclk.o)
 .mdebug.abi32  0xa00002d4        0x0 ..\libsys.X\dist\default\debug\libsys.X.a(delay_micros.o)
 .mdebug.abi32  0xa00002d4        0x0 ..\libsys.X\dist\default\debug\libsys.X.a(delay_millis.o)
 .mdebug.abi32  0xa00002d4        0x0 ..\libsys.X\dist\default\debug\libsys.X.a(get_perf.o)
 .mdebug.abi32  0xa00002d4        0x0 ..\libpixel.X\dist\default\debug\libpixel.X.a(show.o)
 .mdebug.abi32  0xa00002d4        0x0 ..\libpixel.X\dist\default\debug\libpixel.X.a(set.o)
 .mdebug.abi32  0xa00002d4        0x0 ..\libpixel.X\dist\default\debug\libpixel.X.a(clear.o)
 .mdebug.abi32  0xa00002d4        0x0 ..\libpixel.X\dist\default\debug\libpixel.X.a(new.o)
 .mdebug.abi32  0xa00002d4        0x0 ..\libpixel.X\dist\default\debug\libpixel.X.a(brightness.o)
 .mdebug.abi32  0xa00002d4        0x0 ..\libuart.X\dist\default\debug\libuart.X.a(begin.o)
 .mdebug.abi32  0xa00002d4        0x0 ..\libuart.X\dist\default\debug\libuart.X.a(getc.o)
 .mdebug.abi32  0xa00002d4        0x0 ..\libuart.X\dist\default\debug\libuart.X.a(gets.o)
 .mdebug.abi32  0xa00002d4        0x0 ..\libuart.X\dist\default\debug\libuart.X.a(puts.o)
 .mdebug.abi32  0xa00002d4        0x0 ..\libuart.X\dist\default\debug\libuart.X.a(available.o)
 .mdebug.abi32  0xa00002d4        0x0 ..\libuart.X\dist\default\debug\libuart.X.a(putc.o)
 .mdebug.abi32  0xa00002d4        0x0 c:/program files (x86)/microchip/xc32/v1.34/bin/bin/../../lib/gcc/pic32mx/4.5.2/../../../../pic32mx/lib/size/no-float\libpic32.a(default-bootstrap-exception-handler.o)
 .mdebug.abi32  0xa00002d4        0x0 c:/program files (x86)/microchip/xc32/v1.34/bin/bin/../../lib/gcc/pic32mx/4.5.2/../../../../pic32mx/lib/size/no-float\libpic32.a(default-on-reset.o)
 .mdebug.abi32  0xa00002d4        0x0 c:/program files (x86)/microchip/xc32/v1.34/bin/bin/../../lib/gcc/pic32mx/4.5.2/../../../../pic32mx/lib/size/no-float\libpic32.a(default-on-bootstrap.o)
 .mdebug.abi32  0xa00002d4        0x0 c:/program files (x86)/microchip/xc32/v1.34/bin/bin/../../lib/gcc/pic32mx/4.5.2/../../../../pic32mx/lib/size/no-float\libpic32.a(defaultinterrupt.o)
 .mdebug.abi32  0xa00002d4        0x0 c:/program files (x86)/microchip/xc32/v1.34/bin/bin/../../lib/gcc/pic32mx/4.5.2/../../../../pic32mx/lib/size/no-float\libc.a(itoa.o)
 .mdebug.abi32  0xa00002d4        0x0 c:/program files (x86)/microchip/xc32/v1.34/bin/bin/../../lib/gcc/pic32mx/4.5.2/../../../../pic32mx/lib/size/no-float\libc.a(malloc.o)
 .mdebug.abi32  0xa00002d4        0x0 c:/program files (x86)/microchip/xc32/v1.34/bin/bin/../../lib/gcc/pic32mx/4.5.2/../../../../pic32mx/lib/size/no-float\libpic32.a(sbrk.o)
 .mdebug.abi32  0xa00002d4        0x0 c:/program files (x86)/microchip/xc32/v1.34/bin/bin/../../lib/gcc/pic32mx/4.5.2/../../../../pic32mx/lib/size/no-float\libpic32.a(errno.o)

.mdebug.abiN32
 *(.mdebug.abiN32)

.mdebug.abi64
 *(.mdebug.abi64)

.mdebug.abiO64
 *(.mdebug.abiO64)

.mdebug.eabi32
 *(.mdebug.eabi32)

.mdebug.eabi64
 *(.mdebug.eabi64)

.gcc_compiled_long32
 *(.gcc_compiled_long32)

.gcc_compiled_long64
 *(.gcc_compiled_long64)

.stab
 *(.stab)

.stabstr
 *(.stabstr)

.stab.excl
 *(.stab.excl)

.stab.exclstr
 *(.stab.exclstr)

.stab.index
 *(.stab.index)

.stab.indexstr
 *(.stab.indexstr)

.comment        0x00000000       0xb8
 *(.comment)
 .comment       0x00000000       0x3c c:/program files (x86)/microchip/xc32/v1.34/bin/bin/../../lib/gcc/pic32mx/4.5.2/../../../../pic32mx/lib/size/no-float\software-debug-break.o
                                 0x3d (size before relaxing)
 .comment       0x00000000       0x3d build/default/debug/crash_clock.o
 .comment       0x00000000       0x3d build/default/debug/toggle_lcd.o
 .comment       0x00000000       0x3d build/default/debug/reset_clock.o
 .comment       0x00000000       0x3d build/default/debug/pixel_hello.o
 .comment       0x00000000       0x3d build/default/debug/say_hello.o
 .comment       0x00000000       0x3d build/default/debug/main.o
 .comment       0x00000000       0x3d build/default/debug/init.o
 .comment       0x00000000       0x3d build/default/debug/conf.o
 .comment       0x00000000       0x3d build/default/debug/menu.o
 .comment       0x00000000       0x3d build/default/debug/clock.o
 .comment       0x00000000       0x3d build/default/debug/bcd.o
 .comment       0x00000000       0x3d build/default/debug/exception.o
 .comment       0x00000000       0x3d build/default/debug/dow.o
 .comment       0x00000000       0x3d ..\liblcd.X\dist\default\debug\liblcd.X.a(blink.o)
 .comment       0x00000000       0x3d ..\liblcd.X\dist\default\debug\liblcd.X.a(command.o)
 .comment       0x00000000       0x3d ..\liblcd.X\dist\default\debug\liblcd.X.a(display.o)
 .comment       0x00000000       0x3d ..\liblcd.X\dist\default\debug\liblcd.X.a(light.o)
 .comment       0x00000000       0x3d ..\liblcd.X\dist\default\debug\liblcd.X.a(clear.o)
 .comment       0x00000000       0x3d ..\liblcd.X\dist\default\debug\liblcd.X.a(cursor.o)
 .comment       0x00000000       0x3d ..\liblcd.X\dist\default\debug\liblcd.X.a(send.o)
 .comment       0x00000000       0x3d ..\liblcd.X\dist\default\debug\liblcd.X.a(move.o)
 .comment       0x00000000       0x3d ..\liblcd.X\dist\default\debug\liblcd.X.a(pulse.o)
 .comment       0x00000000       0x3d ..\liblcd.X\dist\default\debug\liblcd.X.a(new.o)
 .comment       0x00000000       0x3d ..\liblcd.X\dist\default\debug\liblcd.X.a(puts.o)
 .comment       0x00000000       0x3d ..\liblcd.X\dist\default\debug\liblcd.X.a(putn.o)
 .comment       0x00000000       0x3d ..\liblcd.X\dist\default\debug\liblcd.X.a(putc.o)
 .comment       0x00000000       0x3d ..\libsys.X\dist\default\debug\libsys.X.a(get_pbclk.o)
 .comment       0x00000000       0x3d ..\libsys.X\dist\default\debug\libsys.X.a(get_sysclk.o)
 .comment       0x00000000       0x3d ..\libsys.X\dist\default\debug\libsys.X.a(delay_micros.o)
 .comment       0x00000000       0x3d ..\libsys.X\dist\default\debug\libsys.X.a(delay_millis.o)
 .comment       0x00000000       0x3d ..\libsys.X\dist\default\debug\libsys.X.a(get_perf.o)
 .comment       0x00000000       0x3d ..\libpixel.X\dist\default\debug\libpixel.X.a(show.o)
 .comment       0x00000000       0x3d ..\libpixel.X\dist\default\debug\libpixel.X.a(set.o)
 .comment       0x00000000       0x3d ..\libpixel.X\dist\default\debug\libpixel.X.a(clear.o)
 .comment       0x00000000       0x3d ..\libpixel.X\dist\default\debug\libpixel.X.a(new.o)
 .comment       0x00000000       0x3d ..\libpixel.X\dist\default\debug\libpixel.X.a(brightness.o)
 .comment       0x00000000       0x3d ..\libuart.X\dist\default\debug\libuart.X.a(begin.o)
 .comment       0x00000000       0x3d ..\libuart.X\dist\default\debug\libuart.X.a(getc.o)
 .comment       0x00000000       0x3d ..\libuart.X\dist\default\debug\libuart.X.a(gets.o)
 .comment       0x00000000       0x3d ..\libuart.X\dist\default\debug\libuart.X.a(puts.o)
 .comment       0x00000000       0x3d ..\libuart.X\dist\default\debug\libuart.X.a(available.o)
 .comment       0x00000000       0x3d ..\libuart.X\dist\default\debug\libuart.X.a(putc.o)
 .comment       0x0000003c       0x18 c:/program files (x86)/microchip/xc32/v1.34/bin/bin/../../lib/gcc/pic32mx/4.5.2/../../../../pic32mx/lib/size/no-float\libpic32.a(memset.o)
                                 0x19 (size before relaxing)
 .comment       0x00000054       0x19 c:/program files (x86)/microchip/xc32/v1.34/bin/bin/../../lib/gcc/pic32mx/4.5.2/../../../../pic32mx/lib/size/no-float\libpic32.a(strlen.o)
                                 0x1a (size before relaxing)
 .comment       0x00000000       0x3d c:/program files (x86)/microchip/xc32/v1.34/bin/bin/../../lib/gcc/pic32mx/4.5.2/../../../../pic32mx/lib/size/no-float\libpic32.a(default-bootstrap-exception-handler.o)
 .comment       0x00000000       0x3d c:/program files (x86)/microchip/xc32/v1.34/bin/bin/../../lib/gcc/pic32mx/4.5.2/../../../../pic32mx/lib/size/no-float\libpic32.a(default-on-reset.o)
 .comment       0x00000000       0x3d c:/program files (x86)/microchip/xc32/v1.34/bin/bin/../../lib/gcc/pic32mx/4.5.2/../../../../pic32mx/lib/size/no-float\libpic32.a(default-on-bootstrap.o)
 .comment       0x00000000       0x3d c:/program files (x86)/microchip/xc32/v1.34/bin/bin/../../lib/gcc/pic32mx/4.5.2/../../../../pic32mx/lib/size/no-float\libpic32.a(defaultinterrupt.o)
 .comment       0x00000000       0x3d c:/program files (x86)/microchip/xc32/v1.34/bin/bin/../../lib/gcc/pic32mx/4.5.2/../../../../pic32mx/lib/size/no-float\libc.a(itoa.o)
 .comment       0x00000000       0x3d c:/program files (x86)/microchip/xc32/v1.34/bin/bin/../../lib/gcc/pic32mx/4.5.2/../../../../pic32mx/lib/size/no-float\libc.a(malloc.o)
 .comment       0x0000006d       0x4b c:/program files (x86)/microchip/xc32/v1.34/bin/bin/../../lib/gcc/pic32mx/4.5.2/../../../../pic32mx/lib/size/no-float\libpic32.a(sbrk.o)
                                 0x88 (size before relaxing)
 .comment       0x00000000       0x3d c:/program files (x86)/microchip/xc32/v1.34/bin/bin/../../lib/gcc/pic32mx/4.5.2/../../../../pic32mx/lib/size/no-float\libpic32.a(errno.o)

.debug
 *(.debug)

.line
 *(.line)

.debug_srcinfo
 *(.debug_srcinfo)

.debug_sfnames
 *(.debug_sfnames)

.debug_aranges  0x00000000      0x758
 *(.debug_aranges)
 .debug_aranges
                0x00000000       0x20 c:/program files (x86)/microchip/xc32/v1.34/bin/bin/../../lib/gcc/pic32mx/4.5.2/../../../../pic32mx/lib/size/no-float\software-debug-break.o
 .debug_aranges
                0x00000020       0x20 build/default/debug/crash_clock.o
 .debug_aranges
                0x00000040       0x20 build/default/debug/toggle_lcd.o
 .debug_aranges
                0x00000060       0x20 build/default/debug/reset_clock.o
 .debug_aranges
                0x00000080       0x20 build/default/debug/pixel_hello.o
 .debug_aranges
                0x000000a0       0x20 build/default/debug/say_hello.o
 .debug_aranges
                0x000000c0       0x50 build/default/debug/main.o
 .debug_aranges
                0x00000110       0x48 build/default/debug/init.o
 .debug_aranges
                0x00000158       0x88 build/default/debug/menu.o
 .debug_aranges
                0x000001e0       0x40 build/default/debug/clock.o
 .debug_aranges
                0x00000220       0x28 build/default/debug/bcd.o
 .debug_aranges
                0x00000248       0x20 build/default/debug/exception.o
 .debug_aranges
                0x00000268       0x20 build/default/debug/dow.o
 .debug_aranges
                0x00000288       0x20 ..\liblcd.X\dist\default\debug\liblcd.X.a(blink.o)
 .debug_aranges
                0x000002a8       0x20 ..\liblcd.X\dist\default\debug\liblcd.X.a(command.o)
 .debug_aranges
                0x000002c8       0x20 ..\liblcd.X\dist\default\debug\liblcd.X.a(display.o)
 .debug_aranges
                0x000002e8       0x28 ..\liblcd.X\dist\default\debug\liblcd.X.a(light.o)
 .debug_aranges
                0x00000310       0x20 ..\liblcd.X\dist\default\debug\liblcd.X.a(clear.o)
 .debug_aranges
                0x00000330       0x20 ..\liblcd.X\dist\default\debug\liblcd.X.a(cursor.o)
 .debug_aranges
                0x00000350       0x28 ..\liblcd.X\dist\default\debug\liblcd.X.a(send.o)
 .debug_aranges
                0x00000378       0x20 ..\liblcd.X\dist\default\debug\liblcd.X.a(move.o)
 .debug_aranges
                0x00000398       0x28 ..\liblcd.X\dist\default\debug\liblcd.X.a(pulse.o)
 .debug_aranges
                0x000003c0       0x20 ..\liblcd.X\dist\default\debug\liblcd.X.a(new.o)
 .debug_aranges
                0x000003e0       0x20 ..\liblcd.X\dist\default\debug\liblcd.X.a(puts.o)
 .debug_aranges
                0x00000400       0x20 ..\liblcd.X\dist\default\debug\liblcd.X.a(putn.o)
 .debug_aranges
                0x00000420       0x20 ..\liblcd.X\dist\default\debug\liblcd.X.a(putc.o)
 .debug_aranges
                0x00000440       0x20 ..\libsys.X\dist\default\debug\libsys.X.a(get_pbclk.o)
 .debug_aranges
                0x00000460       0x20 ..\libsys.X\dist\default\debug\libsys.X.a(get_sysclk.o)
 .debug_aranges
                0x00000480       0x20 ..\libsys.X\dist\default\debug\libsys.X.a(delay_micros.o)
 .debug_aranges
                0x000004a0       0x20 ..\libsys.X\dist\default\debug\libsys.X.a(delay_millis.o)
 .debug_aranges
                0x000004c0       0x20 ..\libsys.X\dist\default\debug\libsys.X.a(get_perf.o)
 .debug_aranges
                0x000004e0       0x20 ..\libpixel.X\dist\default\debug\libpixel.X.a(show.o)
 .debug_aranges
                0x00000500       0x20 ..\libpixel.X\dist\default\debug\libpixel.X.a(set.o)
 .debug_aranges
                0x00000520       0x20 ..\libpixel.X\dist\default\debug\libpixel.X.a(clear.o)
 .debug_aranges
                0x00000540       0x20 ..\libpixel.X\dist\default\debug\libpixel.X.a(new.o)
 .debug_aranges
                0x00000560       0x20 ..\libpixel.X\dist\default\debug\libpixel.X.a(brightness.o)
 .debug_aranges
                0x00000580       0x20 ..\libuart.X\dist\default\debug\libuart.X.a(begin.o)
 .debug_aranges
                0x000005a0       0x20 ..\libuart.X\dist\default\debug\libuart.X.a(getc.o)
 .debug_aranges
                0x000005c0       0x20 ..\libuart.X\dist\default\debug\libuart.X.a(gets.o)
 .debug_aranges
                0x000005e0       0x20 ..\libuart.X\dist\default\debug\libuart.X.a(puts.o)
 .debug_aranges
                0x00000600       0x20 ..\libuart.X\dist\default\debug\libuart.X.a(available.o)
 .debug_aranges
                0x00000620       0x20 ..\libuart.X\dist\default\debug\libuart.X.a(putc.o)
 .debug_aranges
                0x00000640       0x20 c:/program files (x86)/microchip/xc32/v1.34/bin/bin/../../lib/gcc/pic32mx/4.5.2/../../../../pic32mx/lib/size/no-float\libpic32.a(default-bootstrap-exception-handler.o)
 .debug_aranges
                0x00000660       0x20 c:/program files (x86)/microchip/xc32/v1.34/bin/bin/../../lib/gcc/pic32mx/4.5.2/../../../../pic32mx/lib/size/no-float\libpic32.a(default-on-reset.o)
 .debug_aranges
                0x00000680       0x20 c:/program files (x86)/microchip/xc32/v1.34/bin/bin/../../lib/gcc/pic32mx/4.5.2/../../../../pic32mx/lib/size/no-float\libpic32.a(default-on-bootstrap.o)
 .debug_aranges
                0x000006a0       0x20 c:/program files (x86)/microchip/xc32/v1.34/bin/bin/../../lib/gcc/pic32mx/4.5.2/../../../../pic32mx/lib/size/no-float\libpic32.a(defaultinterrupt.o)
 .debug_aranges
                0x000006c0       0x28 c:/program files (x86)/microchip/xc32/v1.34/bin/bin/../../lib/gcc/pic32mx/4.5.2/../../../../pic32mx/lib/size/no-float\libc.a(itoa.o)
 .debug_aranges
                0x000006e8       0x30 c:/program files (x86)/microchip/xc32/v1.34/bin/bin/../../lib/gcc/pic32mx/4.5.2/../../../../pic32mx/lib/size/no-float\libc.a(malloc.o)
 .debug_aranges
                0x00000718       0x40 c:/program files (x86)/microchip/xc32/v1.34/bin/bin/../../lib/gcc/pic32mx/4.5.2/../../../../pic32mx/lib/size/no-float\libpic32.a(sbrk.o)

.debug_pubnames
                0x00000000      0x85b
 *(.debug_pubnames)
 .debug_pubnames
                0x00000000       0x30 c:/program files (x86)/microchip/xc32/v1.34/bin/bin/../../lib/gcc/pic32mx/4.5.2/../../../../pic32mx/lib/size/no-float\software-debug-break.o
 .debug_pubnames
                0x00000030       0x22 build/default/debug/crash_clock.o
 .debug_pubnames
                0x00000052       0x21 build/default/debug/toggle_lcd.o
 .debug_pubnames
                0x00000073       0x22 build/default/debug/reset_clock.o
 .debug_pubnames
                0x00000095       0x22 build/default/debug/pixel_hello.o
 .debug_pubnames
                0x000000b7       0x20 build/default/debug/say_hello.o
 .debug_pubnames
                0x000000d7       0x8e build/default/debug/main.o
 .debug_pubnames
                0x00000165       0x28 build/default/debug/init.o
 .debug_pubnames
                0x0000018d       0x8c build/default/debug/menu.o
 .debug_pubnames
                0x00000219       0x2d build/default/debug/clock.o
 .debug_pubnames
                0x00000246       0x30 build/default/debug/bcd.o
 .debug_pubnames
                0x00000276       0x3c build/default/debug/exception.o
 .debug_pubnames
                0x000002b2       0x2c build/default/debug/dow.o
 .debug_pubnames
                0x000002de       0x23 ..\liblcd.X\dist\default\debug\liblcd.X.a(blink.o)
 .debug_pubnames
                0x00000301       0x25 ..\liblcd.X\dist\default\debug\liblcd.X.a(command.o)
 .debug_pubnames
                0x00000326       0x25 ..\liblcd.X\dist\default\debug\liblcd.X.a(display.o)
 .debug_pubnames
                0x0000034b       0x23 ..\liblcd.X\dist\default\debug\liblcd.X.a(light.o)
 .debug_pubnames
                0x0000036e       0x23 ..\liblcd.X\dist\default\debug\liblcd.X.a(clear.o)
 .debug_pubnames
                0x00000391       0x24 ..\liblcd.X\dist\default\debug\liblcd.X.a(cursor.o)
 .debug_pubnames
                0x000003b5       0x22 ..\liblcd.X\dist\default\debug\liblcd.X.a(send.o)
 .debug_pubnames
                0x000003d7       0x22 ..\liblcd.X\dist\default\debug\liblcd.X.a(move.o)
 .debug_pubnames
                0x000003f9       0x23 ..\liblcd.X\dist\default\debug\liblcd.X.a(pulse.o)
 .debug_pubnames
                0x0000041c       0x21 ..\liblcd.X\dist\default\debug\liblcd.X.a(new.o)
 .debug_pubnames
                0x0000043d       0x22 ..\liblcd.X\dist\default\debug\liblcd.X.a(puts.o)
 .debug_pubnames
                0x0000045f       0x22 ..\liblcd.X\dist\default\debug\liblcd.X.a(putn.o)
 .debug_pubnames
                0x00000481       0x22 ..\liblcd.X\dist\default\debug\liblcd.X.a(putc.o)
 .debug_pubnames
                0x000004a3       0x27 ..\libsys.X\dist\default\debug\libsys.X.a(get_pbclk.o)
 .debug_pubnames
                0x000004ca       0x35 ..\libsys.X\dist\default\debug\libsys.X.a(get_sysclk.o)
 .debug_pubnames
                0x000004ff       0x2a ..\libsys.X\dist\default\debug\libsys.X.a(delay_micros.o)
 .debug_pubnames
                0x00000529       0x2a ..\libsys.X\dist\default\debug\libsys.X.a(delay_millis.o)
 .debug_pubnames
                0x00000553       0x26 ..\libsys.X\dist\default\debug\libsys.X.a(get_perf.o)
 .debug_pubnames
                0x00000579       0x24 ..\libpixel.X\dist\default\debug\libpixel.X.a(show.o)
 .debug_pubnames
                0x0000059d       0x23 ..\libpixel.X\dist\default\debug\libpixel.X.a(set.o)
 .debug_pubnames
                0x000005c0       0x25 ..\libpixel.X\dist\default\debug\libpixel.X.a(clear.o)
 .debug_pubnames
                0x000005e5       0x23 ..\libpixel.X\dist\default\debug\libpixel.X.a(new.o)
 .debug_pubnames
                0x00000608       0x2a ..\libpixel.X\dist\default\debug\libpixel.X.a(brightness.o)
 .debug_pubnames
                0x00000632       0x24 ..\libuart.X\dist\default\debug\libuart.X.a(begin.o)
 .debug_pubnames
                0x00000656       0x23 ..\libuart.X\dist\default\debug\libuart.X.a(getc.o)
 .debug_pubnames
                0x00000679       0x23 ..\libuart.X\dist\default\debug\libuart.X.a(gets.o)
 .debug_pubnames
                0x0000069c       0x23 ..\libuart.X\dist\default\debug\libuart.X.a(puts.o)
 .debug_pubnames
                0x000006bf       0x28 ..\libuart.X\dist\default\debug\libuart.X.a(available.o)
 .debug_pubnames
                0x000006e7       0x23 ..\libuart.X\dist\default\debug\libuart.X.a(putc.o)
 .debug_pubnames
                0x0000070a       0x33 c:/program files (x86)/microchip/xc32/v1.34/bin/bin/../../lib/gcc/pic32mx/4.5.2/../../../../pic32mx/lib/size/no-float\libpic32.a(default-bootstrap-exception-handler.o)
 .debug_pubnames
                0x0000073d       0x20 c:/program files (x86)/microchip/xc32/v1.34/bin/bin/../../lib/gcc/pic32mx/4.5.2/../../../../pic32mx/lib/size/no-float\libpic32.a(default-on-reset.o)
 .debug_pubnames
                0x0000075d       0x24 c:/program files (x86)/microchip/xc32/v1.34/bin/bin/../../lib/gcc/pic32mx/4.5.2/../../../../pic32mx/lib/size/no-float\libpic32.a(default-on-bootstrap.o)
 .debug_pubnames
                0x00000781       0x28 c:/program files (x86)/microchip/xc32/v1.34/bin/bin/../../lib/gcc/pic32mx/4.5.2/../../../../pic32mx/lib/size/no-float\libpic32.a(defaultinterrupt.o)
 .debug_pubnames
                0x000007a9       0x24 c:/program files (x86)/microchip/xc32/v1.34/bin/bin/../../lib/gcc/pic32mx/4.5.2/../../../../pic32mx/lib/size/no-float\libc.a(itoa.o)
 .debug_pubnames
                0x000007cd       0x32 c:/program files (x86)/microchip/xc32/v1.34/bin/bin/../../lib/gcc/pic32mx/4.5.2/../../../../pic32mx/lib/size/no-float\libc.a(malloc.o)
 .debug_pubnames
                0x000007ff       0x5c c:/program files (x86)/microchip/xc32/v1.34/bin/bin/../../lib/gcc/pic32mx/4.5.2/../../../../pic32mx/lib/size/no-float\libpic32.a(sbrk.o)

.debug_info     0x00000000     0xae46
 *(.debug_info .gnu.linkonce.wi.*)
 .debug_info    0x00000000       0xd2 c:/program files (x86)/microchip/xc32/v1.34/bin/bin/../../lib/gcc/pic32mx/4.5.2/../../../../pic32mx/lib/size/no-float\software-debug-break.o
 .debug_info    0x000000d2      0x1a1 build/default/debug/crash_clock.o
 .debug_info    0x00000273      0x2cf build/default/debug/toggle_lcd.o
 .debug_info    0x00000542      0x20f build/default/debug/reset_clock.o
 .debug_info    0x00000751      0x464 build/default/debug/pixel_hello.o
 .debug_info    0x00000bb5      0x1a4 build/default/debug/say_hello.o
 .debug_info    0x00000d59      0xf64 build/default/debug/main.o
 .debug_info    0x00001cbd     0x180a build/default/debug/init.o
 .debug_info    0x000034c7       0xe6 build/default/debug/conf.o
 .debug_info    0x000035ad      0xc1a build/default/debug/menu.o
 .debug_info    0x000041c7      0xec4 build/default/debug/clock.o
 .debug_info    0x0000508b      0x1dd build/default/debug/bcd.o
 .debug_info    0x00005268      0x457 build/default/debug/exception.o
 .debug_info    0x000056bf      0x2c6 build/default/debug/dow.o
 .debug_info    0x00005985      0x308 ..\liblcd.X\dist\default\debug\liblcd.X.a(blink.o)
 .debug_info    0x00005c8d      0x312 ..\liblcd.X\dist\default\debug\liblcd.X.a(command.o)
 .debug_info    0x00005f9f      0x30c ..\liblcd.X\dist\default\debug\liblcd.X.a(display.o)
 .debug_info    0x000062ab      0x34f ..\liblcd.X\dist\default\debug\liblcd.X.a(light.o)
 .debug_info    0x000065fa      0x2f0 ..\liblcd.X\dist\default\debug\liblcd.X.a(clear.o)
 .debug_info    0x000068ea      0x30a ..\liblcd.X\dist\default\debug\liblcd.X.a(cursor.o)
 .debug_info    0x00006bf4      0x35b ..\liblcd.X\dist\default\debug\liblcd.X.a(send.o)
 .debug_info    0x00006f4f      0x30c ..\liblcd.X\dist\default\debug\liblcd.X.a(move.o)
 .debug_info    0x0000725b      0x340 ..\liblcd.X\dist\default\debug\liblcd.X.a(pulse.o)
 .debug_info    0x0000759b      0x333 ..\liblcd.X\dist\default\debug\liblcd.X.a(new.o)
 .debug_info    0x000078ce      0x306 ..\liblcd.X\dist\default\debug\liblcd.X.a(puts.o)
 .debug_info    0x00007bd4      0x382 ..\liblcd.X\dist\default\debug\liblcd.X.a(putn.o)
 .debug_info    0x00007f56      0x2fb ..\liblcd.X\dist\default\debug\liblcd.X.a(putc.o)
 .debug_info    0x00008251      0x1bb ..\libsys.X\dist\default\debug\libsys.X.a(get_pbclk.o)
 .debug_info    0x0000840c      0x57f ..\libsys.X\dist\default\debug\libsys.X.a(get_sysclk.o)
 .debug_info    0x0000898b      0x1b4 ..\libsys.X\dist\default\debug\libsys.X.a(delay_micros.o)
 .debug_info    0x00008b3f      0x179 ..\libsys.X\dist\default\debug\libsys.X.a(delay_millis.o)
 .debug_info    0x00008cb8      0x177 ..\libsys.X\dist\default\debug\libsys.X.a(get_perf.o)
 .debug_info    0x00008e2f      0x1f5 ..\libpixel.X\dist\default\debug\libpixel.X.a(show.o)
 .debug_info    0x00009024      0x221 ..\libpixel.X\dist\default\debug\libpixel.X.a(set.o)
 .debug_info    0x00009245      0x1f7 ..\libpixel.X\dist\default\debug\libpixel.X.a(clear.o)
 .debug_info    0x0000943c      0x22f ..\libpixel.X\dist\default\debug\libpixel.X.a(new.o)
 .debug_info    0x0000966b      0x240 ..\libpixel.X\dist\default\debug\libpixel.X.a(brightness.o)
 .debug_info    0x000098ab      0x2b5 ..\libuart.X\dist\default\debug\libuart.X.a(begin.o)
 .debug_info    0x00009b60      0x2b5 ..\libuart.X\dist\default\debug\libuart.X.a(getc.o)
 .debug_info    0x00009e15      0x24c ..\libuart.X\dist\default\debug\libuart.X.a(gets.o)
 .debug_info    0x0000a061      0x2b4 ..\libuart.X\dist\default\debug\libuart.X.a(puts.o)
 .debug_info    0x0000a315      0x298 ..\libuart.X\dist\default\debug\libuart.X.a(available.o)
 .debug_info    0x0000a5ad      0x2aa ..\libuart.X\dist\default\debug\libuart.X.a(putc.o)
 .debug_info    0x0000a857       0xe2 c:/program files (x86)/microchip/xc32/v1.34/bin/bin/../../lib/gcc/pic32mx/4.5.2/../../../../pic32mx/lib/size/no-float\libpic32.a(default-bootstrap-exception-handler.o)
 .debug_info    0x0000a939       0xbc c:/program files (x86)/microchip/xc32/v1.34/bin/bin/../../lib/gcc/pic32mx/4.5.2/../../../../pic32mx/lib/size/no-float\libpic32.a(default-on-reset.o)
 .debug_info    0x0000a9f5       0xc4 c:/program files (x86)/microchip/xc32/v1.34/bin/bin/../../lib/gcc/pic32mx/4.5.2/../../../../pic32mx/lib/size/no-float\libpic32.a(default-on-bootstrap.o)
 .debug_info    0x0000aab9       0xd6 c:/program files (x86)/microchip/xc32/v1.34/bin/bin/../../lib/gcc/pic32mx/4.5.2/../../../../pic32mx/lib/size/no-float\libpic32.a(defaultinterrupt.o)
 .debug_info    0x0000ab8f       0xc4 c:/program files (x86)/microchip/xc32/v1.34/bin/bin/../../lib/gcc/pic32mx/4.5.2/../../../../pic32mx/lib/size/no-float\libc.a(itoa.o)
 .debug_info    0x0000ac53       0xde c:/program files (x86)/microchip/xc32/v1.34/bin/bin/../../lib/gcc/pic32mx/4.5.2/../../../../pic32mx/lib/size/no-float\libc.a(malloc.o)
 .debug_info    0x0000ad31      0x115 c:/program files (x86)/microchip/xc32/v1.34/bin/bin/../../lib/gcc/pic32mx/4.5.2/../../../../pic32mx/lib/size/no-float\libpic32.a(sbrk.o)
 .debug_info    0x0000ae46        0x0 c:/program files (x86)/microchip/xc32/v1.34/bin/bin/../../lib/gcc/pic32mx/4.5.2/../../../../pic32mx/lib/size/no-float\libpic32.a(errno.o)

.debug_abbrev   0x00000000     0x1f20
 *(.debug_abbrev)
 .debug_abbrev  0x00000000       0x25 c:/program files (x86)/microchip/xc32/v1.34/bin/bin/../../lib/gcc/pic32mx/4.5.2/../../../../pic32mx/lib/size/no-float\software-debug-break.o
 .debug_abbrev  0x00000025       0x6b build/default/debug/crash_clock.o
 .debug_abbrev  0x00000090       0xb5 build/default/debug/toggle_lcd.o
 .debug_abbrev  0x00000145       0x8b build/default/debug/reset_clock.o
 .debug_abbrev  0x000001d0      0x125 build/default/debug/pixel_hello.o
 .debug_abbrev  0x000002f5       0x74 build/default/debug/say_hello.o
 .debug_abbrev  0x00000369      0x1eb build/default/debug/main.o
 .debug_abbrev  0x00000554      0x1a4 build/default/debug/init.o
 .debug_abbrev  0x000006f8       0x1f build/default/debug/conf.o
 .debug_abbrev  0x00000717      0x1aa build/default/debug/menu.o
 .debug_abbrev  0x000008c1      0x1fa build/default/debug/clock.o
 .debug_abbrev  0x00000abb       0x8d build/default/debug/bcd.o
 .debug_abbrev  0x00000b48       0xe3 build/default/debug/exception.o
 .debug_abbrev  0x00000c2b       0xb2 build/default/debug/dow.o
 .debug_abbrev  0x00000cdd       0x80 ..\liblcd.X\dist\default\debug\liblcd.X.a(blink.o)
 .debug_abbrev  0x00000d5d       0x80 ..\liblcd.X\dist\default\debug\liblcd.X.a(command.o)
 .debug_abbrev  0x00000ddd       0x80 ..\liblcd.X\dist\default\debug\liblcd.X.a(display.o)
 .debug_abbrev  0x00000e5d       0xb3 ..\liblcd.X\dist\default\debug\liblcd.X.a(light.o)
 .debug_abbrev  0x00000f10       0x80 ..\liblcd.X\dist\default\debug\liblcd.X.a(clear.o)
 .debug_abbrev  0x00000f90       0x80 ..\liblcd.X\dist\default\debug\liblcd.X.a(cursor.o)
 .debug_abbrev  0x00001010       0xb3 ..\liblcd.X\dist\default\debug\liblcd.X.a(send.o)
 .debug_abbrev  0x000010c3       0x80 ..\liblcd.X\dist\default\debug\liblcd.X.a(move.o)
 .debug_abbrev  0x00001143       0xb3 ..\liblcd.X\dist\default\debug\liblcd.X.a(pulse.o)
 .debug_abbrev  0x000011f6       0x82 ..\liblcd.X\dist\default\debug\liblcd.X.a(new.o)
 .debug_abbrev  0x00001278       0x87 ..\liblcd.X\dist\default\debug\liblcd.X.a(puts.o)
 .debug_abbrev  0x000012ff       0xb0 ..\liblcd.X\dist\default\debug\liblcd.X.a(putn.o)
 .debug_abbrev  0x000013af       0x80 ..\liblcd.X\dist\default\debug\liblcd.X.a(putc.o)
 .debug_abbrev  0x0000142f       0x7e ..\libsys.X\dist\default\debug\libsys.X.a(get_pbclk.o)
 .debug_abbrev  0x000014ad      0x106 ..\libsys.X\dist\default\debug\libsys.X.a(get_sysclk.o)
 .debug_abbrev  0x000015b3       0x5f ..\libsys.X\dist\default\debug\libsys.X.a(delay_micros.o)
 .debug_abbrev  0x00001612       0x50 ..\libsys.X\dist\default\debug\libsys.X.a(delay_millis.o)
 .debug_abbrev  0x00001662       0x52 ..\libsys.X\dist\default\debug\libsys.X.a(get_perf.o)
 .debug_abbrev  0x000016b4       0x80 ..\libpixel.X\dist\default\debug\libpixel.X.a(show.o)
 .debug_abbrev  0x00001734       0x8f ..\libpixel.X\dist\default\debug\libpixel.X.a(set.o)
 .debug_abbrev  0x000017c3       0x80 ..\libpixel.X\dist\default\debug\libpixel.X.a(clear.o)
 .debug_abbrev  0x00001843       0xa0 ..\libpixel.X\dist\default\debug\libpixel.X.a(new.o)
 .debug_abbrev  0x000018e3       0x9e ..\libpixel.X\dist\default\debug\libpixel.X.a(brightness.o)
 .debug_abbrev  0x00001981       0xc6 ..\libuart.X\dist\default\debug\libuart.X.a(begin.o)
 .debug_abbrev  0x00001a47       0xc6 ..\libuart.X\dist\default\debug\libuart.X.a(getc.o)
 .debug_abbrev  0x00001b0d       0xaa ..\libuart.X\dist\default\debug\libuart.X.a(gets.o)
 .debug_abbrev  0x00001bb7       0xc6 ..\libuart.X\dist\default\debug\libuart.X.a(puts.o)
 .debug_abbrev  0x00001c7d       0xc6 ..\libuart.X\dist\default\debug\libuart.X.a(available.o)
 .debug_abbrev  0x00001d43       0xc6 ..\libuart.X\dist\default\debug\libuart.X.a(putc.o)
 .debug_abbrev  0x00001e09       0x25 c:/program files (x86)/microchip/xc32/v1.34/bin/bin/../../lib/gcc/pic32mx/4.5.2/../../../../pic32mx/lib/size/no-float\libpic32.a(default-bootstrap-exception-handler.o)
 .debug_abbrev  0x00001e2e       0x25 c:/program files (x86)/microchip/xc32/v1.34/bin/bin/../../lib/gcc/pic32mx/4.5.2/../../../../pic32mx/lib/size/no-float\libpic32.a(default-on-reset.o)
 .debug_abbrev  0x00001e53       0x25 c:/program files (x86)/microchip/xc32/v1.34/bin/bin/../../lib/gcc/pic32mx/4.5.2/../../../../pic32mx/lib/size/no-float\libpic32.a(default-on-bootstrap.o)
 .debug_abbrev  0x00001e78       0x25 c:/program files (x86)/microchip/xc32/v1.34/bin/bin/../../lib/gcc/pic32mx/4.5.2/../../../../pic32mx/lib/size/no-float\libpic32.a(defaultinterrupt.o)
 .debug_abbrev  0x00001e9d       0x25 c:/program files (x86)/microchip/xc32/v1.34/bin/bin/../../lib/gcc/pic32mx/4.5.2/../../../../pic32mx/lib/size/no-float\libc.a(itoa.o)
 .debug_abbrev  0x00001ec2       0x25 c:/program files (x86)/microchip/xc32/v1.34/bin/bin/../../lib/gcc/pic32mx/4.5.2/../../../../pic32mx/lib/size/no-float\libc.a(malloc.o)
 .debug_abbrev  0x00001ee7       0x38 c:/program files (x86)/microchip/xc32/v1.34/bin/bin/../../lib/gcc/pic32mx/4.5.2/../../../../pic32mx/lib/size/no-float\libpic32.a(sbrk.o)
 .debug_abbrev  0x00001f1f        0x1 c:/program files (x86)/microchip/xc32/v1.34/bin/bin/../../lib/gcc/pic32mx/4.5.2/../../../../pic32mx/lib/size/no-float\libpic32.a(errno.o)

.debug_line     0x00000000     0x345b
 *(.debug_line)
 .debug_line    0x00000000       0x8a c:/program files (x86)/microchip/xc32/v1.34/bin/bin/../../lib/gcc/pic32mx/4.5.2/../../../../pic32mx/lib/size/no-float\software-debug-break.o
 .debug_line    0x0000008a      0x110 build/default/debug/crash_clock.o
 .debug_line    0x0000019a      0x112 build/default/debug/toggle_lcd.o
 .debug_line    0x000002ac      0x114 build/default/debug/reset_clock.o
 .debug_line    0x000003c0      0x1cf build/default/debug/pixel_hello.o
 .debug_line    0x0000058f       0xbc build/default/debug/say_hello.o
 .debug_line    0x0000064b      0x334 build/default/debug/main.o
 .debug_line    0x0000097f      0x386 build/default/debug/init.o
 .debug_line    0x00000d05       0x1d build/default/debug/conf.o
 .debug_line    0x00000d22      0x379 build/default/debug/menu.o
 .debug_line    0x0000109b      0x2e2 build/default/debug/clock.o
 .debug_line    0x0000137d      0x11d build/default/debug/bcd.o
 .debug_line    0x0000149a      0x1cb build/default/debug/exception.o
 .debug_line    0x00001665      0x122 build/default/debug/dow.o
 .debug_line    0x00001787       0xd3 ..\liblcd.X\dist\default\debug\liblcd.X.a(blink.o)
 .debug_line    0x0000185a       0xd3 ..\liblcd.X\dist\default\debug\liblcd.X.a(command.o)
 .debug_line    0x0000192d       0xd5 ..\liblcd.X\dist\default\debug\liblcd.X.a(display.o)
 .debug_line    0x00001a02       0xe5 ..\liblcd.X\dist\default\debug\liblcd.X.a(light.o)
 .debug_line    0x00001ae7       0xd0 ..\liblcd.X\dist\default\debug\liblcd.X.a(clear.o)
 .debug_line    0x00001bb7       0xd4 ..\liblcd.X\dist\default\debug\liblcd.X.a(cursor.o)
 .debug_line    0x00001c8b       0xfd ..\liblcd.X\dist\default\debug\liblcd.X.a(send.o)
 .debug_line    0x00001d88       0xd5 ..\liblcd.X\dist\default\debug\liblcd.X.a(move.o)
 .debug_line    0x00001e5d       0xe9 ..\liblcd.X\dist\default\debug\liblcd.X.a(pulse.o)
 .debug_line    0x00001f46       0xe0 ..\liblcd.X\dist\default\debug\liblcd.X.a(new.o)
 .debug_line    0x00002026       0xdb ..\liblcd.X\dist\default\debug\liblcd.X.a(puts.o)
 .debug_line    0x00002101       0xe3 ..\liblcd.X\dist\default\debug\liblcd.X.a(putn.o)
 .debug_line    0x000021e4       0xd7 ..\liblcd.X\dist\default\debug\liblcd.X.a(putc.o)
 .debug_line    0x000022bb      0x11a ..\libsys.X\dist\default\debug\libsys.X.a(get_pbclk.o)
 .debug_line    0x000023d5      0x12f ..\libsys.X\dist\default\debug\libsys.X.a(get_sysclk.o)
 .debug_line    0x00002504       0xd2 ..\libsys.X\dist\default\debug\libsys.X.a(delay_micros.o)
 .debug_line    0x000025d6       0xcb ..\libsys.X\dist\default\debug\libsys.X.a(delay_millis.o)
 .debug_line    0x000026a1       0xc4 ..\libsys.X\dist\default\debug\libsys.X.a(get_perf.o)
 .debug_line    0x00002765       0xdd ..\libpixel.X\dist\default\debug\libpixel.X.a(show.o)
 .debug_line    0x00002842       0xd3 ..\libpixel.X\dist\default\debug\libpixel.X.a(set.o)
 .debug_line    0x00002915       0xd5 ..\libpixel.X\dist\default\debug\libpixel.X.a(clear.o)
 .debug_line    0x000029ea       0xdf ..\libpixel.X\dist\default\debug\libpixel.X.a(new.o)
 .debug_line    0x00002ac9       0xe5 ..\libpixel.X\dist\default\debug\libpixel.X.a(brightness.o)
 .debug_line    0x00002bae       0xdc ..\libuart.X\dist\default\debug\libuart.X.a(begin.o)
 .debug_line    0x00002c8a       0xd5 ..\libuart.X\dist\default\debug\libuart.X.a(getc.o)
 .debug_line    0x00002d5f       0xeb ..\libuart.X\dist\default\debug\libuart.X.a(gets.o)
 .debug_line    0x00002e4a       0xd6 ..\libuart.X\dist\default\debug\libuart.X.a(puts.o)
 .debug_line    0x00002f20       0xd8 ..\libuart.X\dist\default\debug\libuart.X.a(available.o)
 .debug_line    0x00002ff8       0xd4 ..\libuart.X\dist\default\debug\libuart.X.a(putc.o)
 .debug_line    0x000030cc       0x97 c:/program files (x86)/microchip/xc32/v1.34/bin/bin/../../lib/gcc/pic32mx/4.5.2/../../../../pic32mx/lib/size/no-float\libpic32.a(default-bootstrap-exception-handler.o)
 .debug_line    0x00003163       0x84 c:/program files (x86)/microchip/xc32/v1.34/bin/bin/../../lib/gcc/pic32mx/4.5.2/../../../../pic32mx/lib/size/no-float\libpic32.a(default-on-reset.o)
 .debug_line    0x000031e7       0x88 c:/program files (x86)/microchip/xc32/v1.34/bin/bin/../../lib/gcc/pic32mx/4.5.2/../../../../pic32mx/lib/size/no-float\libpic32.a(default-on-bootstrap.o)
 .debug_line    0x0000326f       0x96 c:/program files (x86)/microchip/xc32/v1.34/bin/bin/../../lib/gcc/pic32mx/4.5.2/../../../../pic32mx/lib/size/no-float\libpic32.a(defaultinterrupt.o)
 .debug_line    0x00003305       0x6e c:/program files (x86)/microchip/xc32/v1.34/bin/bin/../../lib/gcc/pic32mx/4.5.2/../../../../pic32mx/lib/size/no-float\libc.a(itoa.o)
 .debug_line    0x00003373       0x70 c:/program files (x86)/microchip/xc32/v1.34/bin/bin/../../lib/gcc/pic32mx/4.5.2/../../../../pic32mx/lib/size/no-float\libc.a(malloc.o)
 .debug_line    0x000033e3       0x78 c:/program files (x86)/microchip/xc32/v1.34/bin/bin/../../lib/gcc/pic32mx/4.5.2/../../../../pic32mx/lib/size/no-float\libpic32.a(sbrk.o)
 .debug_line    0x0000345b        0x0 c:/program files (x86)/microchip/xc32/v1.34/bin/bin/../../lib/gcc/pic32mx/4.5.2/../../../../pic32mx/lib/size/no-float\libpic32.a(errno.o)

.debug_frame    0x00000000      0xd48
 *(.debug_frame)
 .debug_frame   0x00000000       0x20 c:/program files (x86)/microchip/xc32/v1.34/bin/bin/../../lib/gcc/pic32mx/4.5.2/../../../../pic32mx/lib/size/no-float\software-debug-break.o
 .debug_frame   0x00000020       0x2c build/default/debug/crash_clock.o
 .debug_frame   0x0000004c       0x2c build/default/debug/toggle_lcd.o
 .debug_frame   0x00000078       0x2c build/default/debug/reset_clock.o
 .debug_frame   0x000000a4       0x2c build/default/debug/pixel_hello.o
 .debug_frame   0x000000d0       0x2c build/default/debug/say_hello.o
 .debug_frame   0x000000fc      0x184 build/default/debug/main.o
 .debug_frame   0x00000280       0xb8 build/default/debug/init.o
 .debug_frame   0x00000338      0x198 build/default/debug/menu.o
 .debug_frame   0x000004d0       0xcc build/default/debug/clock.o
 .debug_frame   0x0000059c       0x48 build/default/debug/bcd.o
 .debug_frame   0x000005e4       0x30 build/default/debug/exception.o
 .debug_frame   0x00000614       0x2c build/default/debug/dow.o
 .debug_frame   0x00000640       0x2c ..\liblcd.X\dist\default\debug\liblcd.X.a(blink.o)
 .debug_frame   0x0000066c       0x2c ..\liblcd.X\dist\default\debug\liblcd.X.a(command.o)
 .debug_frame   0x00000698       0x2c ..\liblcd.X\dist\default\debug\liblcd.X.a(display.o)
 .debug_frame   0x000006c4       0x48 ..\liblcd.X\dist\default\debug\liblcd.X.a(light.o)
 .debug_frame   0x0000070c       0x2c ..\liblcd.X\dist\default\debug\liblcd.X.a(clear.o)
 .debug_frame   0x00000738       0x2c ..\liblcd.X\dist\default\debug\liblcd.X.a(cursor.o)
 .debug_frame   0x00000764       0x48 ..\liblcd.X\dist\default\debug\liblcd.X.a(send.o)
 .debug_frame   0x000007ac       0x2c ..\liblcd.X\dist\default\debug\liblcd.X.a(move.o)
 .debug_frame   0x000007d8       0x48 ..\liblcd.X\dist\default\debug\liblcd.X.a(pulse.o)
 .debug_frame   0x00000820       0x2c ..\liblcd.X\dist\default\debug\liblcd.X.a(new.o)
 .debug_frame   0x0000084c       0x2c ..\liblcd.X\dist\default\debug\liblcd.X.a(puts.o)
 .debug_frame   0x00000878       0x2c ..\liblcd.X\dist\default\debug\liblcd.X.a(putn.o)
 .debug_frame   0x000008a4       0x2c ..\liblcd.X\dist\default\debug\liblcd.X.a(putc.o)
 .debug_frame   0x000008d0       0x2c ..\libsys.X\dist\default\debug\libsys.X.a(get_pbclk.o)
 .debug_frame   0x000008fc       0x2c ..\libsys.X\dist\default\debug\libsys.X.a(get_sysclk.o)
 .debug_frame   0x00000928       0x2c ..\libsys.X\dist\default\debug\libsys.X.a(delay_micros.o)
 .debug_frame   0x00000954       0x2c ..\libsys.X\dist\default\debug\libsys.X.a(delay_millis.o)
 .debug_frame   0x00000980       0x2c ..\libsys.X\dist\default\debug\libsys.X.a(get_perf.o)
 .debug_frame   0x000009ac       0x2c ..\libpixel.X\dist\default\debug\libpixel.X.a(show.o)
 .debug_frame   0x000009d8       0x2c ..\libpixel.X\dist\default\debug\libpixel.X.a(set.o)
 .debug_frame   0x00000a04       0x2c ..\libpixel.X\dist\default\debug\libpixel.X.a(clear.o)
 .debug_frame   0x00000a30       0x30 ..\libpixel.X\dist\default\debug\libpixel.X.a(new.o)
 .debug_frame   0x00000a60       0x2c ..\libpixel.X\dist\default\debug\libpixel.X.a(brightness.o)
 .debug_frame   0x00000a8c       0x2c ..\libuart.X\dist\default\debug\libuart.X.a(begin.o)
 .debug_frame   0x00000ab8       0x2c ..\libuart.X\dist\default\debug\libuart.X.a(getc.o)
 .debug_frame   0x00000ae4       0x2c ..\libuart.X\dist\default\debug\libuart.X.a(gets.o)
 .debug_frame   0x00000b10       0x2c ..\libuart.X\dist\default\debug\libuart.X.a(puts.o)
 .debug_frame   0x00000b3c       0x2c ..\libuart.X\dist\default\debug\libuart.X.a(available.o)
 .debug_frame   0x00000b68       0x2c ..\libuart.X\dist\default\debug\libuart.X.a(putc.o)
 .debug_frame   0x00000b94       0x28 c:/program files (x86)/microchip/xc32/v1.34/bin/bin/../../lib/gcc/pic32mx/4.5.2/../../../../pic32mx/lib/size/no-float\libpic32.a(default-bootstrap-exception-handler.o)
 .debug_frame   0x00000bbc       0x20 c:/program files (x86)/microchip/xc32/v1.34/bin/bin/../../lib/gcc/pic32mx/4.5.2/../../../../pic32mx/lib/size/no-float\libpic32.a(default-on-reset.o)
 .debug_frame   0x00000bdc       0x20 c:/program files (x86)/microchip/xc32/v1.34/bin/bin/../../lib/gcc/pic32mx/4.5.2/../../../../pic32mx/lib/size/no-float\libpic32.a(default-on-bootstrap.o)
 .debug_frame   0x00000bfc       0x20 c:/program files (x86)/microchip/xc32/v1.34/bin/bin/../../lib/gcc/pic32mx/4.5.2/../../../../pic32mx/lib/size/no-float\libpic32.a(defaultinterrupt.o)
 .debug_frame   0x00000c1c       0x38 c:/program files (x86)/microchip/xc32/v1.34/bin/bin/../../lib/gcc/pic32mx/4.5.2/../../../../pic32mx/lib/size/no-float\libc.a(itoa.o)
 .debug_frame   0x00000c54       0x6c c:/program files (x86)/microchip/xc32/v1.34/bin/bin/../../lib/gcc/pic32mx/4.5.2/../../../../pic32mx/lib/size/no-float\libc.a(malloc.o)
 .debug_frame   0x00000cc0       0x88 c:/program files (x86)/microchip/xc32/v1.34/bin/bin/../../lib/gcc/pic32mx/4.5.2/../../../../pic32mx/lib/size/no-float\libpic32.a(sbrk.o)

.debug_str      0x00000000      0x102
 *(.debug_str)
 .debug_str     0x00000000        0x0 c:/program files (x86)/microchip/xc32/v1.34/bin/bin/../../lib/gcc/pic32mx/4.5.2/../../../../pic32mx/lib/size/no-float\software-debug-break.o
 .debug_str     0x00000000        0x0 build/default/debug/crash_clock.o
 .debug_str     0x00000000        0x9 build/default/debug/toggle_lcd.o
 .debug_str     0x00000009        0xa build/default/debug/reset_clock.o
 .debug_str     0x00000013       0x12 build/default/debug/pixel_hello.o
 .debug_str     0x00000025        0x0 build/default/debug/say_hello.o
 .debug_str     0x00000025       0x25 build/default/debug/main.o
 .debug_str     0x0000004a       0x53 build/default/debug/init.o
 .debug_str     0x0000009d        0x0 build/default/debug/conf.o
 .debug_str     0x0000009d        0xa build/default/debug/menu.o
 .debug_str     0x000000a7       0x2e build/default/debug/clock.o
 .debug_str     0x000000d5        0x0 build/default/debug/bcd.o
 .debug_str     0x000000d5        0x7 build/default/debug/exception.o
 .debug_str     0x000000dc        0x0 build/default/debug/dow.o
 .debug_str     0x000000dc        0x0 ..\liblcd.X\dist\default\debug\liblcd.X.a(blink.o)
 .debug_str     0x000000dc        0x0 ..\liblcd.X\dist\default\debug\liblcd.X.a(command.o)
 .debug_str     0x000000dc        0x0 ..\liblcd.X\dist\default\debug\liblcd.X.a(display.o)
 .debug_str     0x000000dc        0x0 ..\liblcd.X\dist\default\debug\liblcd.X.a(light.o)
 .debug_str     0x000000dc        0x0 ..\liblcd.X\dist\default\debug\liblcd.X.a(clear.o)
 .debug_str     0x000000dc        0x0 ..\liblcd.X\dist\default\debug\liblcd.X.a(cursor.o)
 .debug_str     0x000000dc        0x0 ..\liblcd.X\dist\default\debug\liblcd.X.a(send.o)
 .debug_str     0x000000dc        0x0 ..\liblcd.X\dist\default\debug\liblcd.X.a(move.o)
 .debug_str     0x000000dc        0x0 ..\liblcd.X\dist\default\debug\liblcd.X.a(pulse.o)
 .debug_str     0x000000dc        0x0 ..\liblcd.X\dist\default\debug\liblcd.X.a(new.o)
 .debug_str     0x000000dc        0x0 ..\liblcd.X\dist\default\debug\liblcd.X.a(puts.o)
 .debug_str     0x000000dc        0x0 ..\liblcd.X\dist\default\debug\liblcd.X.a(putn.o)
 .debug_str     0x000000dc        0x0 ..\liblcd.X\dist\default\debug\liblcd.X.a(putc.o)
 .debug_str     0x000000dc        0x9 ..\libsys.X\dist\default\debug\libsys.X.a(get_pbclk.o)
 .debug_str     0x000000e5       0x14 ..\libsys.X\dist\default\debug\libsys.X.a(get_sysclk.o)
 .debug_str     0x000000f9        0x0 ..\libsys.X\dist\default\debug\libsys.X.a(delay_micros.o)
 .debug_str     0x000000f9        0x0 ..\libsys.X\dist\default\debug\libsys.X.a(delay_millis.o)
 .debug_str     0x000000f9        0x0 ..\libsys.X\dist\default\debug\libsys.X.a(get_perf.o)
 .debug_str     0x000000f9        0x0 ..\libpixel.X\dist\default\debug\libpixel.X.a(show.o)
 .debug_str     0x000000f9        0x0 ..\libpixel.X\dist\default\debug\libpixel.X.a(set.o)
 .debug_str     0x000000f9        0x0 ..\libpixel.X\dist\default\debug\libpixel.X.a(clear.o)
 .debug_str     0x000000f9        0x9 ..\libpixel.X\dist\default\debug\libpixel.X.a(new.o)
 .debug_str     0x00000102        0x0 ..\libpixel.X\dist\default\debug\libpixel.X.a(brightness.o)
 .debug_str     0x00000102        0x0 ..\libuart.X\dist\default\debug\libuart.X.a(begin.o)
 .debug_str     0x00000102        0x0 ..\libuart.X\dist\default\debug\libuart.X.a(getc.o)
 .debug_str     0x00000102        0x0 ..\libuart.X\dist\default\debug\libuart.X.a(gets.o)
 .debug_str     0x00000102        0x0 ..\libuart.X\dist\default\debug\libuart.X.a(puts.o)
 .debug_str     0x00000102        0x0 ..\libuart.X\dist\default\debug\libuart.X.a(available.o)
 .debug_str     0x00000102        0x0 ..\libuart.X\dist\default\debug\libuart.X.a(putc.o)
 .debug_str     0x00000102        0x0 c:/program files (x86)/microchip/xc32/v1.34/bin/bin/../../lib/gcc/pic32mx/4.5.2/../../../../pic32mx/lib/size/no-float\libpic32.a(default-bootstrap-exception-handler.o)
 .debug_str     0x00000102        0x0 c:/program files (x86)/microchip/xc32/v1.34/bin/bin/../../lib/gcc/pic32mx/4.5.2/../../../../pic32mx/lib/size/no-float\libpic32.a(default-on-reset.o)
 .debug_str     0x00000102        0x0 c:/program files (x86)/microchip/xc32/v1.34/bin/bin/../../lib/gcc/pic32mx/4.5.2/../../../../pic32mx/lib/size/no-float\libpic32.a(default-on-bootstrap.o)
 .debug_str     0x00000102        0x0 c:/program files (x86)/microchip/xc32/v1.34/bin/bin/../../lib/gcc/pic32mx/4.5.2/../../../../pic32mx/lib/size/no-float\libpic32.a(defaultinterrupt.o)
 .debug_str     0x00000102        0x0 c:/program files (x86)/microchip/xc32/v1.34/bin/bin/../../lib/gcc/pic32mx/4.5.2/../../../../pic32mx/lib/size/no-float\libc.a(itoa.o)
 .debug_str     0x00000102        0x0 c:/program files (x86)/microchip/xc32/v1.34/bin/bin/../../lib/gcc/pic32mx/4.5.2/../../../../pic32mx/lib/size/no-float\libc.a(malloc.o)
 .debug_str     0x00000102        0x0 c:/program files (x86)/microchip/xc32/v1.34/bin/bin/../../lib/gcc/pic32mx/4.5.2/../../../../pic32mx/lib/size/no-float\libpic32.a(sbrk.o)
 .debug_str     0x00000102        0x0 c:/program files (x86)/microchip/xc32/v1.34/bin/bin/../../lib/gcc/pic32mx/4.5.2/../../../../pic32mx/lib/size/no-float\libpic32.a(errno.o)

.debug_loc      0x00000000     0x1f65
 *(.debug_loc)
 .debug_loc     0x00000000       0x2c build/default/debug/crash_clock.o
 .debug_loc     0x0000002c       0x2c build/default/debug/toggle_lcd.o
 .debug_loc     0x00000058       0x2c build/default/debug/reset_clock.o
 .debug_loc     0x00000084       0x83 build/default/debug/pixel_hello.o
 .debug_loc     0x00000107       0x2c build/default/debug/say_hello.o
 .debug_loc     0x00000133      0x282 build/default/debug/main.o
 .debug_loc     0x000003b5      0x10c build/default/debug/init.o
 .debug_loc     0x000004c1      0x7a4 build/default/debug/menu.o
 .debug_loc     0x00000c65      0x13c build/default/debug/clock.o
 .debug_loc     0x00000da1       0x6b build/default/debug/bcd.o
 .debug_loc     0x00000e0c       0x8f build/default/debug/exception.o
 .debug_loc     0x00000e9b       0x8d build/default/debug/dow.o
 .debug_loc     0x00000f28       0x5e ..\liblcd.X\dist\default\debug\liblcd.X.a(blink.o)
 .debug_loc     0x00000f86       0x71 ..\liblcd.X\dist\default\debug\liblcd.X.a(command.o)
 .debug_loc     0x00000ff7       0x5e ..\liblcd.X\dist\default\debug\liblcd.X.a(display.o)
 .debug_loc     0x00001055       0xb4 ..\liblcd.X\dist\default\debug\liblcd.X.a(light.o)
 .debug_loc     0x00001109       0x4b ..\liblcd.X\dist\default\debug\liblcd.X.a(clear.o)
 .debug_loc     0x00001154       0x5e ..\liblcd.X\dist\default\debug\liblcd.X.a(cursor.o)
 .debug_loc     0x000011b2       0xc7 ..\liblcd.X\dist\default\debug\liblcd.X.a(send.o)
 .debug_loc     0x00001279       0x7d ..\liblcd.X\dist\default\debug\liblcd.X.a(move.o)
 .debug_loc     0x000012f6       0xa1 ..\liblcd.X\dist\default\debug\liblcd.X.a(pulse.o)
 .debug_loc     0x00001397       0x90 ..\liblcd.X\dist\default\debug\liblcd.X.a(new.o)
 .debug_loc     0x00001427       0x81 ..\liblcd.X\dist\default\debug\liblcd.X.a(puts.o)
 .debug_loc     0x000014a8      0x196 ..\liblcd.X\dist\default\debug\liblcd.X.a(putn.o)
 .debug_loc     0x0000163e       0x5e ..\liblcd.X\dist\default\debug\liblcd.X.a(putc.o)
 .debug_loc     0x0000169c       0x2c ..\libsys.X\dist\default\debug\libsys.X.a(get_pbclk.o)
 .debug_loc     0x000016c8       0xc0 ..\libsys.X\dist\default\debug\libsys.X.a(get_sysclk.o)
 .debug_loc     0x00001788       0xeb ..\libsys.X\dist\default\debug\libsys.X.a(delay_micros.o)
 .debug_loc     0x00001873       0x61 ..\libsys.X\dist\default\debug\libsys.X.a(delay_millis.o)
 .debug_loc     0x000018d4       0x4a ..\libsys.X\dist\default\debug\libsys.X.a(get_perf.o)
 .debug_loc     0x0000191e       0x4b ..\libpixel.X\dist\default\debug\libpixel.X.a(show.o)
 .debug_loc     0x00001969       0x4b ..\libpixel.X\dist\default\debug\libpixel.X.a(set.o)
 .debug_loc     0x000019b4       0x4b ..\libpixel.X\dist\default\debug\libpixel.X.a(clear.o)
 .debug_loc     0x000019ff       0x9c ..\libpixel.X\dist\default\debug\libpixel.X.a(new.o)
 .debug_loc     0x00001a9b       0xd7 ..\libpixel.X\dist\default\debug\libpixel.X.a(brightness.o)
 .debug_loc     0x00001b72       0x7d ..\libuart.X\dist\default\debug\libuart.X.a(begin.o)
 .debug_loc     0x00001bef       0x89 ..\libuart.X\dist\default\debug\libuart.X.a(getc.o)
 .debug_loc     0x00001c78      0x192 ..\libuart.X\dist\default\debug\libuart.X.a(gets.o)
 .debug_loc     0x00001e0a       0x95 ..\libuart.X\dist\default\debug\libuart.X.a(puts.o)
 .debug_loc     0x00001e9f       0x63 ..\libuart.X\dist\default\debug\libuart.X.a(available.o)
 .debug_loc     0x00001f02       0x63 ..\libuart.X\dist\default\debug\libuart.X.a(putc.o)

.debug_macinfo
 *(.debug_macinfo)

.debug_weaknames
 *(.debug_weaknames)

.debug_funcnames
 *(.debug_funcnames)

.debug_typenames
 *(.debug_typenames)

.debug_varnames
 *(.debug_varnames)

.debug_pubtypes
                0x00000000      0xeb0
 *(.debug_pubtypes)
 .debug_pubtypes
                0x00000000       0x21 build/default/debug/crash_clock.o
 .debug_pubtypes
                0x00000021       0x23 build/default/debug/toggle_lcd.o
 .debug_pubtypes
                0x00000044       0x12 build/default/debug/reset_clock.o
 .debug_pubtypes
                0x00000056       0x63 build/default/debug/pixel_hello.o
 .debug_pubtypes
                0x000000b9       0x12 build/default/debug/say_hello.o
 .debug_pubtypes
                0x000000cb      0x152 build/default/debug/main.o
 .debug_pubtypes
                0x0000021d      0x1a4 build/default/debug/init.o
 .debug_pubtypes
                0x000003c1       0x12 build/default/debug/conf.o
 .debug_pubtypes
                0x000003d3      0x128 build/default/debug/menu.o
 .debug_pubtypes
                0x000004fb      0x155 build/default/debug/clock.o
 .debug_pubtypes
                0x00000650       0x20 build/default/debug/bcd.o
 .debug_pubtypes
                0x00000670       0x65 build/default/debug/exception.o
 .debug_pubtypes
                0x000006d5       0x55 build/default/debug/dow.o
 .debug_pubtypes
                0x0000072a       0x4c ..\liblcd.X\dist\default\debug\liblcd.X.a(blink.o)
 .debug_pubtypes
                0x00000776       0x4c ..\liblcd.X\dist\default\debug\liblcd.X.a(command.o)
 .debug_pubtypes
                0x000007c2       0x4c ..\liblcd.X\dist\default\debug\liblcd.X.a(display.o)
 .debug_pubtypes
                0x0000080e       0x4c ..\liblcd.X\dist\default\debug\liblcd.X.a(light.o)
 .debug_pubtypes
                0x0000085a       0x4c ..\liblcd.X\dist\default\debug\liblcd.X.a(clear.o)
 .debug_pubtypes
                0x000008a6       0x4c ..\liblcd.X\dist\default\debug\liblcd.X.a(cursor.o)
 .debug_pubtypes
                0x000008f2       0x4c ..\liblcd.X\dist\default\debug\liblcd.X.a(send.o)
 .debug_pubtypes